******************************************************************************
                  TI ARM Linker PC v16.9.1                     
******************************************************************************
>> Linked Tue Sep 05 20:47:41 2017

OUTPUT FILE NAME:   <AWS_Publish_Subscribe.out>
ENTRY POINT SYMBOL: "_c_int00"  address: 200132b5


MEMORY CONFIGURATION

         name            origin    length      used     unused   attr    fill
----------------------  --------  ---------  --------  --------  ----  --------
  SRAM                  20004000   0003c000  0001e211  0001ddef  RW X


SEGMENT ALLOCATION MAP

run origin  load origin   length   init length attrs members
----------  ----------- ---------- ----------- ----- -------
20004000    20004000    00012a1a   00012a1a    r-x
  20004000    20004000    0000030c   0000030c    r-- .resetVecs
  20004310    20004310    0001270a   0001270a    r-x .text
20016c00    20016c00    000094d1   00000000    rw-
  20016c00    20016c00    000094d1   00000000    rw- .bss
200200d4    200200d4    000010ee   000010ee    r--
  200200d4    200200d4    000010ee   000010ee    r-- .const
200211c4    200211c4    00000b9c   00000000    rw-
  200211c4    200211c4    0000079c   00000000    rw- .data
  20021960    20021960    00000400   00000000    rw- .stack
20021d60    20021d60    000006a0   000006a0    r--
  20021d60    20021d60    00000400   00000400    r-- .intvecs
  20022160    20022160    000002a0   000002a0    r-- .cinit


SECTION ALLOCATION MAP

 output                                  attributes/
section   page    origin      length       input sections
--------  ----  ----------  ----------   ----------------
.text      0    20004310    0001270a     
                  20004310    00001122     rtsv7M4_T_le_eabi.lib : _printfi.obj (.text)
                  20005432    00000002     startupccs.obj (.text:BusFaultHandler)
                  20005434    00000714     subscribe_publish_sample.obj (.text:runAWSClient)
                  20005b48    00000430     sysbios.aem4 : BIOS.obj (.text:ti_sysbios_family_arm_m3_Hwi_excDumpRegs__I)
                  20005f78    000003d0     sntp_sl.aem4 : sntp.oem4 (.text:syncTime)
                  20006348    0000039a     cc3x00_host_driver.aem4 : driver.oem4 (.text:_SlDrvMsgRead)
                  200066e2    00000002     startupccs.obj (.text:FaultISR)
                  200066e4    00000388     sntp_sl.aem4 : sntp.oem4 (.text:SNTP_start)
                  20006a6c    0000034c     ti.targets.arm.rtsarm.aem4 : System.oem4 (.text:xdc_runtime_System_doPrint__I)
                  20006db8    0000033c     rtsv7M4_T_le_eabi.lib : strftime.obj (.text)
                  200070f4    00000324                           : trgdrv.obj (.text)
                  20007418    0000030c                           : lowlev.obj (.text)
                  20007724    000002a0                           : mktime.obj (.text)
                  200079c4    0000029a     subscribe_publish_sample.obj (.text:MQTTcallbackHandler)
                  20007c5e    0000021e     rtsv7M4_T_le_eabi.lib : ll_div_t2.obj (.text)
                  20007e7c    00000208     drivers_cc32xxware.aem4 : UARTCC3200.oem4 (.text:UARTCC3200_open)
                  20008084    00000004     tirtosport.aem4 : ClockP_tirtos.oem4 (.text:ClockP_getCpuFreq)
                  20008088    000001fc     sysbios.aem4 : BIOS.obj (.text:ti_sysbios_family_arm_m3_Hwi_excHandlerMax__I)
                  20008284    000001f4     rtsv7M4_T_le_eabi.lib : ull_div_t2.obj (.text)
                  20008478    000001f0     aws_iot_mqtt_client_connect.obj (.text:_aws_iot_mqtt_serialize_connect)
                  20008668    000001ce     aws_iot_mqtt_client_common_internal.obj (.text:aws_iot_mqtt_internal_init_header)
                  20008836    00000002     startupccs.obj (.text:IntDefaultHandler)
                  20008838    000001c4     rtsv7M4_T_le_eabi.lib : fopen.obj (.text)
                  200089fc    000001b6                           : fd_add_t2.obj (.text)
                  20008bb2    00000002     startupccs.obj (.text:NmiSR)
                  20008bb4    000001b0     netwifi.obj (.text:NetWiFi_init)
                  20008d64    000001a8     subscribe_publish_sample.obj (.text:disconnectCallbackHandler)
                  20008f0c    000001a8     cc3x00_host_driver.aem4 : wlan.oem4 (.text:sl_WlanConnect)
                  200090b4    000001a4     startsntp.obj (.text:startNTP)
                  20009258    00000196     aws_iot_shadow_json.obj (.text:convertDataToString)
                  200093ee    00000002     drivers_cc32xxware.aem4 : SPICC3200DMA.oem4 (.text:SPICC3200DMA_serviceISR)
                  200093f0    00000188     power_cc3200_tirtos.aem4 : PowerCC3200_tirtos.oem4 (.text:PowerCC3200_sleepPolicy)
                  20009578    0000017e     aws_iot_shadow_json.obj (.text:aws_iot_shadow_add_reported)
                  200096f6    00000002     drivers_cc32xxware.aem4 : SPICC3200DMA.oem4 (.text:SPICC3200DMA_transferCancel)
                  200096f8    0000017c                             : GPIOCC3200.oem4 (.text:GPIO_setConfig)
                  20009874    00000004     tirtosport.aem4 : HwiP_tirtos.oem4 (.text:HwiP_clearInterrupt)
                  20009878    00000174     sysbios.aem4 : BIOS.obj (.text:ti_sysbios_family_arm_m3_Hwi_excBusFault__I)
                  200099ec    00000170     rom_pin_mux_config.obj (.text:PinMuxConfig)
                  20009b5c    00000170     rtsv7M4_T_le_eabi.lib : e_sqrt.obj (.text)
                  20009ccc    00000004     tirtosport.aem4 : HwiP_tirtos.oem4 (.text:HwiP_disable)
                  20009cd0    00000164     sysbios.aem4 : BIOS.obj (.text:ti_sysbios_family_arm_m3_Hwi_excUsageFault__I)
                  20009e34    00000004     drivers_cc32xxware.aem4 : List.oem4 (.text:List_head)
                  20009e38    00000158     sysbios.aem4 : BIOS.obj (.text:ti_sysbios_knl_Semaphore_pend__E)
                  20009f90    00000154     drivers_cc32xxware.aem4 : SPICC3200DMA.oem4 (.text:SPICC3200DMA_transfer)
                  2000a0e4    00000154     aws_iot_mqtt_client_common_internal.obj (.text:_aws_iot_mqtt_internal_read_packet)
                  2000a238    00000150     cc3x00_host_driver.aem4 : driver.oem4 (.text:_SlDrvRxHdrRead)
                  2000a388    00000150     aws_iot_mqtt_client.obj (.text:aws_iot_mqtt_init)
                  2000a4d8    00000150     sysbios.aem4 : BIOS.obj (.text:ti_sysbios_knl_Event_pend__E)
                  2000a628    00000148                  : BIOS.obj (.text:ti_sysbios_family_arm_m3_Hwi_excMemFault__I)
                  2000a770    00000142     aws_iot_mqtt_client_subscribe.obj (.text:_aws_iot_mqtt_internal_subscribe)
                  2000a8b2    00000002     rtsv7M4_T_le_eabi.lib : i_div0.obj (.text)
                  2000a8b4    0000013c     netwifi.obj (.text:setStationMode)
                  2000a9f0    00000138     rtsv7M4_T_le_eabi.lib : localtim.obj (.text)
                  2000ab28    00000136                           : fd_div_t2.obj (.text)
                  2000ac5e    00000002                           : l_div0.obj (.text)
                  2000ac60    00000134     driverlib.a : prcm.obj (.text:PRCMCC3200MCUInit)
                  2000ad94    00000134     rtsv7M4_T_le_eabi.lib : fputs.obj (.text)
                  2000aec8    00000130     aws_iot_mqtt_client_connect.obj (.text:_aws_iot_mqtt_deserialize_connack)
                  2000aff8    0000012a     network_sl.obj (.text:iot_tls_connect)
                  2000b122    00000002     subscribe_publish_sample_pem4.oem4 (.text:ti_sysbios_BIOS_nullFunc__I)
                  2000b124    00000124     drivers_cc32xxware.aem4 : SPICC3200DMA.oem4 (.text:SPICC3200DMA_open)
                  2000b248    00000120     aws_iot_mqtt_client_connect.obj (.text:_aws_iot_mqtt_internal_connect)
                  2000b368    00000118     cc3x00_host_driver.aem4 : driver.oem4 (.text:_SlDrvMsgWrite)
                  2000b480    00000118     ti.targets.arm.rtsarm.aem4 : Error.oem4 (.text:xdc_runtime_Error_policyDefault__E)
                  2000b598    00000112     aws_iot_mqtt_client_subscribe.obj (.text:_aws_iot_mqtt_internal_resubscribe)
                  2000b6aa    00000002     subscribe_publish_sample_pem4.oem4 (.text:xdc_runtime_Startup_reset__I)
                  2000b6ac    00000104     UARTUtils.obj (.text:openHandle)
                  2000b7b0    00000100     aws_iot_mqtt_client_subscribe.obj (.text:_aws_iot_mqtt_serialize_subscribe)
                  2000b8b0    00000100     aws_iot_mqtt_client_publish.obj (.text:aws_iot_mqtt_internal_deserialize_publish)
                  2000b9b0    00000100     ti.targets.arm.rtsarm.aem4 : Core-mem.oem4 (.text:xdc_runtime_Core_createObject__I)
                  2000bab0    000000fc     rtsv7M4_T_le_eabi.lib : fd_mul_t2.obj (.text)
                  2000bbac    000000f8     ti.targets.arm.rtsarm.aem4 : Startup.oem4 (.text:xdc_runtime_Startup_startMods__I)
                  2000bca4    000000f8     subscribe_publish_sample_pem4.oem4 (.text:xdc_runtime_System_printfExtend__I)
                  2000bd9c    000000f0     driverlib.a : udma.obj (.text:uDMAChannelTransferSet)
                  2000be8c    000000ec     cc3x00_host_driver.aem4 : driver.oem4 (.text:_SlDrvDriverCBInit)
                  2000bf78    000000ec     aws_iot_mqtt_client_subscribe.obj (.text:_aws_iot_mqtt_deserialize_suback)
                  2000c064    000000ea     aws_iot_mqtt_client_common_internal.obj (.text:_aws_iot_mqtt_internal_deliver_message)
                  2000c14e    000000ea     aws_iot_mqtt_client_publish.obj (.text:_aws_iot_mqtt_internal_publish)
                  2000c238    000000e0     cc3x00_host_driver.aem4 : driver.oem4 (.text:_SlDrvDataReadOp)
                  2000c318    000000e0     aws_iot_mqtt_client_publish.obj (.text:_aws_iot_mqtt_internal_serialize_publish)
                  2000c3f8    000000dc     network_sl.aem4 : tls_sl.oem4 (.text:TLS_create)
                  2000c4d4    000000dc     aws_iot_mqtt_client_yield.obj (.text:_aws_iot_mqtt_internal_yield)
                  2000c5b0    000000dc     rtsv7M4_T_le_eabi.lib : setvbuf.obj (.text)
                  2000c68c    000000d8     drivers_cc32xxware.aem4 : SPICC3200DMA.oem4 (.text:configDMA)
                  2000c764    000000d4     cc3x00_host_driver.aem4 : socket.oem4 (.text:sl_Select)
                  2000c838    000000d4     sysbios.aem4 : BIOS.obj (.text:ti_sysbios_knl_Mailbox_Instance_init__E)
                  2000c90c    000000d0     cc3x00_host_driver.aem4 : driver.oem4 (.text:_SlDrvWaitForPoolObj)
                  2000c9dc    000000d0     timer.obj (.text:countdown_ms)
                  2000caac    000000d0     drivers_cc32xxware.aem4 : GPIOCC3200.oem4 (.text:powerNotifyFxn)
                  2000cb7c    000000d0     rtsv7M4_T_le_eabi.lib : s_scalbn.obj (.text)
                  2000cc4c    000000d0     sysbios.aem4 : m3_Hwi_asm.obj (.text:ti_sysbios_family_arm_m3_Hwi_dispatch__I)
                  2000cd1c    00000004     drivers_cc32xxware.aem4 : List.oem4 (.text:List_next)
                  2000cd20    000000cc     sysbios.aem4 : BIOS.obj (.text:ti_sysbios_heaps_HeapMem_alloc__E)
                  2000cdec    00000004     network_sl.aem4 : ssock.oem4 (.text:Ssock_getSocket)
                  2000cdf0    000000cc     sysbios.aem4 : BIOS.obj (.text:ti_sysbios_knl_Task_Instance_init__E)
                  2000cebc    000000cc     ti.targets.arm.rtsarm.aem4 : Core-smem.oem4 (.text:xdc_runtime_Core_constructObject__I)
                  2000cf88    000000c8     cc3x00_host_driver.aem4 : driver.oem4 (.text:_SlDrvReleasePoolObj)
                  2000d050    000000c8     aws_iot_mqtt_client_common_internal.obj (.text:_aws_iot_mqtt_internal_handle_publish)
                  2000d118    000000c8     timer.obj (.text:countdown_sec)
                  2000d1e0    000000c8     rtsv7M4_T_le_eabi.lib : fflush.obj (.text)
                  2000d2a8    000000c8     sysbios.aem4 : BIOS.obj (.text:ti_sysbios_knl_Task_sleep__E)
                  2000d370    000000c2     aws_iot_mqtt_client_common_internal.obj (.text:_aws_iot_mqtt_internal_is_topic_matched)
                  2000d432    000000c0     network_sl.aem4 : ssock_sl.oem4 (.text:Ssock_startTLS)
                  2000d4f2    00000002     ti.targets.arm.rtsarm.aem4 : SysCallback.oem4 (.text:xdc_runtime_SysCallback_defaultExit)
                  2000d4f4    000000c0     aws_iot_mqtt_client_publish.obj (.text:aws_iot_mqtt_internal_deserialize_ack)
                  2000d5b4    000000c0     aws_iot_mqtt_client.obj (.text:aws_iot_mqtt_set_connect_params)
                  2000d674    000000c0     main.obj (.text:slTask)
                  2000d734    000000bc     network_sl.aem4 : tls_sl.oem4 (.text:createTLSContext)
                  2000d7f0    000000bc     sysbios.aem4 : BIOS.obj (.text:ti_sysbios_family_arm_m3_Hwi_excDebugMon__I)
                  2000d8ac    00000004     drivers_wifi_cc32xxware.aem4 : osi_tirtos.oem4 (.text:mem_Malloc)
                  2000d8b0    000000bc     sysbios.aem4 : BIOS.obj (.text:ti_sysbios_family_arm_m3_Hwi_excHardFault__I)
                  2000d96c    00000004     subscribe_publish_sample_pem4.oem4 (.text:ti_sysbios_BIOS_RtsGateProxy_enter__E)
                  2000d970    000000bc     sysbios.aem4 : BIOS.obj (.text:ti_sysbios_knl_Task_Instance_finalize__E)
                  2000da2c    000000b8     aws_iot_mqtt_client.obj (.text:aws_iot_mqtt_is_client_connected)
                  2000dae4    000000b8     cc3x00_host_driver.aem4 : netapp.oem4 (.text:sl_NetAppDnsGetHostByName)
                  2000db9c    000000b6     network_sl.aem4 : ssock.oem4 (.text:Ssock_send)
                  2000dc52    000000b6     aws_iot_mqtt_client_subscribe.obj (.text:aws_iot_mqtt_subscribe)
                  2000dd08    000000b4     cc3x00_host_driver.aem4 : netapp.oem4 (.text:_SlDrvNetAppEventHandler)
                  2000ddbc    000000b4     aws_iot_mqtt_client_yield.obj (.text:_aws_iot_mqtt_keep_alive)
                  2000de70    000000b4     sysbios.aem4 : BIOS.obj (.text:ti_sysbios_knl_Task_checkStacks__E)
                  2000df24    000000b0     aws_iot_mqtt_client_publish.obj (.text:aws_iot_mqtt_publish)
                  2000dfd4    000000b0     cc3x00_host_driver.aem4 : socket.oem4 (.text:sl_Connect)
                  2000e084    000000ae     aws_iot_mqtt_client_yield.obj (.text:aws_iot_mqtt_yield)
                  2000e132    00000002     ti.targets.arm.rtsarm.aem4 : SysCallback.oem4 (.text:xdc_runtime_SysCallback_defaultFlush)
                  2000e134    000000ac     cc3x00_host_driver.aem4 : driver.oem4 (.text:_SlDrvDataWriteOp)
                  2000e1e0    000000ac     rtsv7M4_T_le_eabi.lib : _io_perm.obj (.text)
                  2000e28c    000000aa     network_sl.aem4 : certconv.oem4 (.text:CertConv_pem2der)
                  2000e336    00000002     --HOLE-- [fill = 0]
                  2000e338    000000a8     driverlib.a : interrupt.obj (.text:IntEnable)
                  2000e3e0    000000a6     network_sl.obj (.text:iot_tls_read)
                  2000e486    00000002     --HOLE-- [fill = 0]
                  2000e488    000000a4     aws_iot_mqtt_client_publish.obj (.text:aws_iot_mqtt_internal_serialize_ack)
                  2000e52c    000000a4     rtsv7M4_T_le_eabi.lib : asctime.obj (.text)
                  2000e5d0    000000a4     cc3x00_host_driver.aem4 : socket.oem4 (.text:sl_Send)
                  2000e674    000000a2     drivers_cc32xxware.aem4 : UARTCC3200.oem4 (.text:UARTCC3200_write)
                  2000e716    00000002     --HOLE-- [fill = 0]
                  2000e718    000000a0     driverlib.a : spi.obj (.text:SPIConfigSetExpClk)
                  2000e7b8    000000a0     auto_init.aem4 : auto_init.oem4 (.text)
                  2000e858    000000a0     ti.targets.arm.rtsarm.aem4 : Text.oem4 (.text:xdc_runtime_Text_putMod__E)
                  2000e8f8    0000009e     drivers_cc32xxware.aem4 : UARTCC3200.oem4 (.text:readTaskBlocking)
                  2000e996    0000009c     rtsv7M4_T_le_eabi.lib : memcpy_t2.obj (.text)
                  2000ea32    00000006     startupccs.obj (.text:ResetISR)
                  2000ea38    0000009c     sysbios.aem4 : BIOS.obj (.text:ti_sysbios_knl_Task_postInit__I)
                  2000ead4    0000009a     ti.targets.arm.rtsarm.aem4 : Text.oem4 (.text:xdc_runtime_Text_putSite__E)
                  2000eb6e    00000098     drivers_cc32xxware.aem4 : UARTCC3200.oem4 (.text:UARTCC3200_control)
                  2000ec06    00000098                             : UARTCC3200.oem4 (.text:UARTCC3200_readPolling)
                  2000ec9e    00000002     --HOLE-- [fill = 0]
                  2000eca0    00000098     cc3x00_host_driver.aem4 : driver.oem4 (.text:_SlDrvMsgReadCmdCtx)
                  2000ed38    00000098     aws_iot_mqtt_client_common_internal.obj (.text:aws_iot_mqtt_internal_cycle_read)
                  2000edd0    00000098     rtsv7M4_T_le_eabi.lib : fclose.obj (.text)
                  2000ee68    00000098                           : fputc.obj (.text)
                  2000ef00    00000098     cc3x00_host_driver.aem4 : device.oem4 (.text:sl_Stop)
                  2000ef98    00000096     aws_iot_mqtt_client_yield.obj (.text:_aws_iot_mqtt_handle_reconnect)
                  2000f02e    00000002     --HOLE-- [fill = 0]
                  2000f030    00000094     driverlib.a : prcm.obj (.text:PRCMPeripheralClockGet)
                  2000f0c4    00000094     cc3x00_host_driver.aem4 : driver.oem4 (.text:_SlFindAndSetActiveObj)
                  2000f158    00000094     drivers_cc32xxware.aem4 : SPICC3200DMA.oem4 (.text:initHw)
                  2000f1ec    00000094     rtsv7M4_T_le_eabi.lib : snprintf.obj (.text)
                  2000f280    00000094     sysbios.aem4 : BIOS.obj (.text:ti_sysbios_family_arm_m3_Hwi_Instance_init__E)
                  2000f314    00000092     rtsv7M4_T_le_eabi.lib : fs_div_t2.obj (.text)
                  2000f3a6    00000002     --HOLE-- [fill = 0]
                  2000f3a8    00000090     cc3x00_host_driver.aem4 : driver.oem4 (.text:_SlDrvDriverCBDeinit)
                  2000f438    00000090     drivers_cc32xxware.aem4 : PowerCC3200.oem4 (.text:restoreNVICRegs)
                  2000f4c8    00000090     cc3x00_host_driver.aem4 : device.oem4 (.text:sl_Start)
                  2000f558    0000008c     UARTUtils.obj (.text:UARTUtils_systemInit)
                  2000f5e4    0000008c     aws_iot_mqtt_client_connect.obj (.text:_aws_iot_mqtt_internal_disconnect)
                  2000f670    0000008c     sysbios.aem4 : BIOS.obj (.text:ti_sysbios_knl_Event_post__E)
                  2000f6fc    0000008a     aws_iot_mqtt_client_common_internal.obj (.text:aws_iot_mqtt_internal_send_packet)
                  2000f786    0000008a     drivers_cc32xxware.aem4 : UARTCC3200.oem4 (.text:readIsrTextBlocking)
                  2000f810    00000088     driverlib.a : pin.obj (.text:PinConfigSet)
                  2000f898    00000088     drivers_cc32xxware.aem4 : UARTCC3200.oem4 (.text:UARTCC3200_close)
                  2000f920    00000088     cc3x00_host_driver.aem4 : fs.oem4 (.text:sl_FsWrite)
                  2000f9a8    00000088     drivers_cc32xxware.aem4 : SPICC3200DMA.oem4 (.text:spiHwiFxn)
                  2000fa30    00000088     sysbios.aem4 : BIOS.obj (.text:ti_sysbios_family_arm_m3_Hwi_initNVIC__E)
                  2000fab8    00000088                  : BIOS.obj (.text:ti_sysbios_knl_Mailbox_post__E)
                  2000fb40    00000086     rtsv7M4_T_le_eabi.lib : fd_cmp_t2.obj (.text:__aeabi_cdcmple)
                  2000fbc6    00000086                           : fd_cmp_t2.obj (.text:__aeabi_cdrcmple)
                  2000fc4c    00000084     drivers_cc32xxware.aem4 : GPIOCC3200.oem4 (.text:GPIO_init)
                  2000fcd0    00000084     aws_iot_mqtt_client_connect.obj (.text:aws_iot_mqtt_connect)
                  2000fd54    00000084     aws_iot_mqtt_client_common_internal.obj (.text:aws_iot_mqtt_internal_serialize_zero)
                  2000fdd8    00000084     network_sl.obj (.text:iot_tls_init)
                  2000fe5c    00000084     drivers_cc32xxware.aem4 : PowerCC3200.oem4 (.text:saveNVICRegs)
                  2000fee0    00000084     sysbios.aem4 : BIOS.obj (.text:ti_sysbios_family_arm_m3_Hwi_postInit__I)
                  2000ff64    00000082     driverlib.a : gpio.obj (.text:GPIOIntTypeSet)
                  2000ffe6    00000082     aws_iot_mqtt_client_common_internal.obj (.text:aws_iot_mqtt_internal_wait_for_read)
                  20010068    00000082     drivers_cc32xxware.aem4 : UARTCC3200.oem4 (.text:readIsrTextCallback)
                  200100ea    00000002     --HOLE-- [fill = 0]
                  200100ec    00000080     drivers_wifi_cc32xxware.aem4 : WiFiCC3200.oem4 (.text:WiFiCC3200_open)
                  2001016c    00000080     aws_iot_mqtt_client_connect.obj (.text:_aws_iot_mqtt_is_client_state_valid_for_connect)
                  200101ec    0000007c     driverlib.a : spi.obj (.text:SPIIntStatus)
                  20010268    0000007c     aws_iot_mqtt_client_common_internal.obj (.text:_aws_iot_mqtt_internal_decode_packet_remaining_len)
                  200102e4    0000007c     cc3x00_host_driver.aem4 : netcfg.oem4 (.text:sl_NetCfgGet)
                  20010360    0000007c     sysbios.aem4 : BIOS.obj (.text:ti_sysbios_heaps_HeapMem_free__E)
                  200103dc    0000007a     drivers_cc32xxware.aem4 : UARTCC3200.oem4 (.text:readTaskCallback)
                  20010456    0000007a     rtsv7M4_T_le_eabi.lib : fs_mul_t2.obj (.text)
                  200104d0    0000007a                           : memset_t2.obj (.text)
                  2001054a    00000002     --HOLE-- [fill = 0]
                  2001054c    00000078     drivers_wifi_cc32xxware.aem4 : osi_tirtos.oem4 (.text:VStartSimpleLinkSpawnTask)
                  200105c4    00000078     aws_iot_mqtt_client_subscribe.obj (.text:aws_iot_mqtt_resubscribe)
                  2001063c    00000076     driverlib.a : uart.obj (.text:UARTConfigSetExpClk)
                  200106b2    00000002     --HOLE-- [fill = 0]
                  200106b4    00000074     cc3x00_host_driver.aem4 : driver.oem4 (.text:_SlDrvClassifyRxMsg)
                  20010728    00000074     main.obj (.text:main)
                  2001079c    00000004     subscribe_publish_sample_pem4.oem4 (.text:ti_sysbios_BIOS_RtsGateProxy_leave__E)
                  200107a0    00000074     sysbios.aem4 : BIOS.obj (.text:ti_sysbios_knl_Mailbox_pend__E)
                  20010814    00000071     network_sl.aem4 : tls_sl.oem4 (.text:getDirPath)
                  20010885    00000003     --HOLE-- [fill = 0]
                  20010888    00000070     drivers_cc32xxware.aem4 : PowerCC3200.oem4 (.text:Power_sleep)
                  200108f8    00000070     cc3x00_host_driver.aem4 : driver.oem4 (.text:_SlDrvCmdOp)
                  20010968    00000070     rtsv7M4_T_le_eabi.lib : printf.obj (.text)
                  200109d8    00000070     cc3x00_host_driver.aem4 : fs.oem4 (.text:sl_FsClose)
                  20010a48    00000070                             : wlan.oem4 (.text:sl_WlanSmartConfigStart)
                  20010ab8    00000070     sysbios.aem4 : BIOS.obj (.text:ti_sysbios_knl_Mailbox_Instance_finalize__E)
                  20010b28    00000070                  : BIOS.obj (.text:ti_sysbios_knl_Semaphore_post__E)
                  20010b98    00000070                  : BIOS.obj (.text:ti_sysbios_knl_Task_exit__E)
                  20010c08    0000006e     rtsv7M4_T_le_eabi.lib : fd_tos_t2.obj (.text)
                  20010c76    00000002     --HOLE-- [fill = 0]
                  20010c78    0000006d     ti.targets.arm.rtsarm.aem4 : System.oem4 (.text:xdc_runtime_System_formatNum__I)
                  20010ce5    00000003     --HOLE-- [fill = 0]
                  20010ce8    0000006c     cc3x00_host_driver.aem4 : driver.oem4 (.text:_SlDrvMsgReadSpawnCtx)
                  20010d54    0000006c     drivers_cc32xxware.aem4 : UARTCC3200.oem4 (.text:initHw)
                  20010dc0    0000006c     sysbios.aem4 : BIOS.obj (.text:ti_sysbios_family_arm_cc32xx_Seconds_getCount__I)
                  20010e2c    00000004     subscribe_publish_sample_pem4.oem4 (.text:ti_sysbios_family_arm_m3_Hwi_destruct)
                  20010e30    0000006c     sysbios.aem4 : BIOS.obj (.text:ti_sysbios_knl_Clock_workFunc__E)
                  20010e9c    00000004     subscribe_publish_sample_pem4.oem4 (.text:ti_sysbios_family_arm_m3_TaskSupport_Module__startupDone__S)
                  20010ea0    0000006c     sysbios.aem4 : BIOS.obj (.text:ti_sysbios_knl_Swi_restoreHwi__E)
                  20010f0c    0000006c     ti.targets.arm.rtsarm.aem4 : Error.oem4 (.text:xdc_runtime_Error_print__E)
                  20010f78    0000006c                                : Memory.oem4 (.text:xdc_runtime_Memory_alloc__E)
                  20010fe4    0000006a     sntp_sl.aem4 : sntp.oem4 (.text:socketSetup)
                  2001104e    00000002     --HOLE-- [fill = 0]
                  20011050    00000068     driverlib.a : prcm.obj (.text:PRCMHibernateWakeUpGPIOSelect)
                  200110b8    00000068     cc3x00_host_driver.aem4 : fs.oem4 (.text:_sl_GetCreateFsMode)
                  20011120    00000068     aws_iot_mqtt_client_connect.obj (.text:aws_iot_mqtt_disconnect)
                  20011188    00000068     rtsv7M4_T_le_eabi.lib : copy_decompress_lzss.obj (.text:decompress:lzss)
                  200111f0    00000068                           : trgmsg.obj (.text)
                  20011258    00000068     drivers_wifi_cc32xxware.aem4 : WiFiCC3200.oem4 (.text:spi_Read)
                  200112c0    00000068                                  : WiFiCC3200.oem4 (.text:spi_Write)
                  20011328    00000068     drivers_cc32xxware.aem4 : UARTCC3200.oem4 (.text:writeData)
                  20011390    00000066     ti.targets.arm.rtsarm.aem4 : Core-mem.oem4 (.text:xdc_runtime_Core_deleteObject__I)
                  200113f6    00000002     --HOLE-- [fill = 0]
                  200113f8    00000064     drivers_cc32xxware.aem4 : GPIOCC3200.oem4 (.text:GPIO_hwiIntFxn)
                  2001145c    00000064     cc3x00_host_driver.aem4 : netapp.oem4 (.text:_sl_HandleAsync_DnsGetHostByName)
                  200114c0    00000064     aws_iot_mqtt_client_common_internal.obj (.text:aws_iot_mqtt_internal_decode_remaining_length_from_buffer)
                  20011524    00000064     rtsv7M4_T_le_eabi.lib : fseek.obj (.text)
                  20011588    00000064     sysbios.aem4 : BIOS.obj (.text:ti_sysbios_family_arm_m3_Hwi_dispatchC__I)
                  200115ec    00000064     subscribe_publish_sample_pem4.oem4 (.text:ti_sysbios_knl_Mailbox_create)
                  20011650    00000064     driverlib.a : udma.obj (.text:uDMAChannelAttributeDisable)
                  200116b4    00000062     tirtosport.aem4 : HwiP_tirtos.oem4 (.text:HwiP_create)
                  20011716    00000002     --HOLE-- [fill = 0]
                  20011718    00000060     cc3x00_host_driver.aem4 : netapp.oem4 (.text:_sl_HandleAsync_DnsGetHostByService)
                  20011778    00000060                             : device.oem4 (.text:_sl_HandleAsync_InitComplete)
                  200117d8    00000060                             : netapp.oem4 (.text:_sl_HandleAsync_PingResponse)
                  20011838    00000060     rtsv7M4_T_le_eabi.lib : sprintf.obj (.text)
                  20011898    00000060     sysbios.aem4 : BIOS.obj (.text:ti_sysbios_knl_Task_schedule__I)
                  200118f8    0000005e     aws_iot_mqtt_client_publish.obj (.text:_aws_iot_mqtt_read_string_with_len)
                  20011956    0000005e     drivers_cc32xxware.aem4 : UARTCC3200.oem4 (.text:readIsrBinaryBlocking)
                  200119b4    0000005e     rtsv7M4_T_le_eabi.lib : i_divt2.obj (.text)
                  20011a12    00000002     --HOLE-- [fill = 0]
                  20011a14    0000005c                           : s_frexp.obj (.text)
                  20011a70    0000005c     sysbios.aem4 : BIOS.obj (.text:ti_sysbios_knl_Swi_run__I)
                  20011acc    00000004     subscribe_publish_sample_pem4.oem4 (.text:ti_sysbios_heaps_HeapMem_Module_GateProxy_enter__E)
                  20011ad0    0000005c     sysbios.aem4 : BIOS.obj (.text:ti_sysbios_knl_Swi_schedule__I)
                  20011b2c    00000004     subscribe_publish_sample_pem4.oem4 (.text:ti_sysbios_heaps_HeapMem_Module_GateProxy_leave__E)
                  20011b30    0000005c     sysbios.aem4 : BIOS.obj (.text:ti_sysbios_knl_Task_Module_startup__E)
                  20011b8c    0000005c     subscribe_publish_sample_pem4.oem4 (.text:ti_sysbios_knl_Task_create)
                  20011be8    0000005c     sysbios.aem4 : BIOS.obj (.text:ti_sysbios_knl_Task_startCore__E)
                  20011c44    0000005b     ti.targets.arm.rtsarm.aem4 : Text.oem4 (.text:xdc_runtime_Text_putLab__E)
                  20011c9f    00000001     --HOLE-- [fill = 0]
                  20011ca0    0000005a     tirtosport.aem4 : ClockP_tirtos.oem4 (.text:ClockP_create)
                  20011cfa    0000005a     drivers_cc32xxware.aem4 : SPICC3200DMA.oem4 (.text:SPICC3200DMA_close)
                  20011d54    0000005a     aws_iot_mqtt_client_connect.obj (.text:aws_iot_mqtt_attempt_reconnect)
                  20011dae    0000005a     network_sl.obj (.text:iot_tls_write)
                  20011e08    00000058     driverlib.a : prcm.obj (.text:PRCMPeripheralReset)
                  20011e60    00000058     drivers_cc32xxware.aem4 : PowerCC3200.oem4 (.text:Power_init)
                  20011eb8    00000058     tirtosport.aem4 : SemaphoreP_tirtos.oem4 (.text:SemaphoreP_create)
                  20011f10    00000058     cc3x00_host_driver.aem4 : driver.oem4 (.text:_SlDrvCmdSend)
                  20011f68    00000058     aws_iot_mqtt_client_connect.obj (.text:_aws_iot_get_connect_packet_length)
                  20011fc0    00000058     cc3x00_host_driver.aem4 : netapp.oem4 (.text:_sl_NetAppSendTokenValue)
                  20012018    00000058     aws_iot_mqtt_client.obj (.text:aws_iot_is_autoreconnect_enabled)
                  20012070    00000058     startsntp.obj (.text:setTime)
                  200120c8    00000058     subscribe_publish_sample_pem4.oem4 (.text:ti_sysbios_family_arm_m3_Hwi_construct)
                  20012120    00000058     netwifi.obj (.text:wlanConnect)
                  20012178    00000054     CC3200_LAUNCHXL.obj (.text:CC3200_LAUNCHXL_initDMA)
                  200121cc    00000054     sntp_sl.aem4 : sntp.oem4 (.text:SNTP_setServers)
                  20012220    00000054     drivers_cc32xxware.aem4 : UARTCC3200.oem4 (.text:UARTCC3200_writeCancel)
                  20012274    00000054                             : UARTCC3200.oem4 (.text:readIsrBinaryCallback)
                  200122c8    00000054     rtsv7M4_T_le_eabi.lib : exit.obj (.text)
                  2001231c    00000054                           : ltoa.obj (.text)
                  20012370    00000054     cc3x00_host_driver.aem4 : fs.oem4 (.text:sl_FsOpen)
                  200123c4    00000054                             : socket.oem4 (.text:sl_SetSockOpt)
                  20012418    00000054     sysbios.aem4 : BIOS.obj (.text:ti_sysbios_family_arm_m3_Timer_start__E)
                  2001246c    00000054     ti.targets.arm.rtsarm.aem4 : Assert.oem4 (.text:xdc_runtime_Assert_raise__I)
                  200124c0    00000050     drivers_wifi_cc32xxware.aem4 : WiFiCC3200.oem4 (.text:CC3X00_NWP_enablePreamble)
                  20012510    00000050     drivers_cc32xxware.aem4 : GPIOCC3200.oem4 (.text:GPIO_write)
                  20012560    00000050     cc3x00_host_driver.aem4 : socket.oem4 (.text:_sl_HandleAsync_Connect)
                  200125b0    00000050     rtsv7M4_T_le_eabi.lib : _tvaltostr.obj (.text)
                  20012600    00000050     cc3x00_host_driver.aem4 : device.oem4 (.text:sl_DevSet)
                  20012650    00000050                             : netcfg.oem4 (.text:sl_NetCfgSet)
                  200126a0    00000050     sysbios.aem4 : BIOS.obj (.text:ti_sysbios_family_arm_m3_Hwi_Module_startup__E)
                  200126f0    00000050                  : BIOS.obj (.text:ti_sysbios_knl_Clock_Instance_init__E)
                  20012740    00000050     ti.targets.arm.rtsarm.aem4 : Startup.oem4 (.text:xdc_runtime_Startup_exec__E)
                  20012790    0000004d     sntp_sl.aem4 : sntp.oem4 (.text:hasKissCode)
                  200127dd    00000003     --HOLE-- [fill = 0]
                  200127e0    0000004c     drivers_cc32xxware.aem4 : GPIOCC3200.oem4 (.text:GPIO_setCallback)
                  2001282c    0000004c     driverlib.a : spi.obj (.text:SPIIntDisable)
                  20012878    0000004c                 : spi.obj (.text:SPIIntEnable)
                  200128c4    0000004c     cc3x00_host_driver.aem4 : device.oem4 (.text:_SlDrvDeviceEventHandler)
                  20012910    0000004c                             : socket.oem4 (.text:_sl_HandleAsync_Accept)
                  2001295c    0000004c     rtsv7M4_T_le_eabi.lib : atoi.obj (.text)
                  200129a8    0000004c                           : cpy_tbl.obj (.text)
                  200129f4    0000004c     sysbios.aem4 : m3_TaskSupport_asm.obj (.text:ti_sysbios_family_arm_m3_TaskSupport_buildTaskStack)
                  20012a40    0000004c                  : BIOS.obj (.text:ti_sysbios_family_arm_m3_Timer_setPeriodMicroSecs__E)
                  20012a8c    00000004     subscribe_publish_sample_pem4.oem4 (.text:ti_sysbios_knl_Clock_TimerProxy_getMaxTicks__E)
                  20012a90    0000004c     sysbios.aem4 : BIOS.obj (.text:ti_sysbios_heaps_HeapMem_getStats__E)
                  20012adc    00000004     subscribe_publish_sample_pem4.oem4 (.text:ti_sysbios_knl_Clock_TimerProxy_setPeriodMicroSecs__E)
                  20012ae0    0000004c     sysbios.aem4 : BIOS.obj (.text:ti_sysbios_knl_Swi_runLoop__I)
                  20012b2c    00000004     subscribe_publish_sample_pem4.oem4 (.text:ti_sysbios_knl_Clock_TimerProxy_start__E)
                  20012b30    0000004c     sysbios.aem4 : BIOS.obj (.text:ti_sysbios_knl_Task_allBlockedFunction__I)
                  20012b7c    0000004c     driverlib.a : udma.obj (.text:uDMAChannelAssign)
                  20012bc8    00000048                 : flash.obj (.text:FlashDisable)
                  20012c10    00000048                 : prcm.obj (.text:PRCMHibernateWakeupSourceEnable)
                  20012c58    00000048                 : pin.obj (.text:PinConfigGet)
                  20012ca0    00000048                 : spi.obj (.text:SPIIntClear)
                  20012ce8    00000048     cc3x00_host_driver.aem4 : driver.oem4 (.text:_SlRemoveFromList)
                  20012d30    00000048     network_sl.aem4 : tls_sl.oem4 (.text:flashFile)
                  20012d78    00000048     drivers_cc32xxware.aem4 : PowerCC3200.oem4 (.text:notify)
                  20012dc0    00000048     rtsv7M4_T_le_eabi.lib : fd_toi_t2.obj (.text)
                  20012e08    00000048     cc3x00_host_driver.aem4 : socket.oem4 (.text:sl_Recv)
                  20012e50    00000048     sysbios.aem4 : BIOS.obj (.text:ti_sysbios_family_arm_m3_Hwi_disableInterrupt__E)
                  20012e98    00000048                  : BIOS.obj (.text:ti_sysbios_family_arm_m3_Hwi_enableInterrupt__E)
                  20012ee0    00000048                  : BIOS.obj (.text:ti_sysbios_family_arm_m3_Hwi_excReserved__I)
                  20012f28    00000048                  : m3_Hwi_asm_switch.obj (.text:ti_sysbios_family_arm_m3_Hwi_initStacks__E)
                  20012f70    00000048                  : BIOS.obj (.text:ti_sysbios_family_arm_m3_Timer_initDevice__I)
                  20012fb8    00000048                  : BIOS.obj (.text:ti_sysbios_family_arm_m3_Timer_setPeriod__E)
                  20013000    00000048                  : BIOS.obj (.text:ti_sysbios_knl_Mailbox_Module_startup__E)
                  20013048    00000046     drivers_cc32xxware.aem4 : RingBuf.oem4 (.text:RingBuf_put)
                  2001308e    00000046     aws_iot_mqtt_client_common_internal.obj (.text:aws_iot_mqtt_internal_write_len_to_buffer)
                  200130d4    00000046     aws_iot_mqtt_client_common_internal.obj (.text:aws_iot_mqtt_internal_write_uint_16)
                  2001311a    00000046     ti.targets.arm.rtsarm.aem4 : Core-params.oem4 (.text:xdc_runtime_Core_assignParams__I)
                  20013160    00000044     driverlib.a : prcm.obj (.text:PRCMLPDSEnter)
                  200131a4    00000044     drivers_cc32xxware.aem4 : PowerCC3200_asm.oem4 (.text:PowerCC3200_enterLPDS)
                  200131e8    00000044     driverlib.a : spi.obj (.text:SPIDmaMaskGet)
                  2001322c    00000044     drivers_cc32xxware.aem4 : UARTCC3200.oem4 (.text:UARTCC3200_hwiIntFxn)
                  20013270    00000044     cc3x00_host_driver.aem4 : driver.oem4 (.text:_SlAsyncEventGenericHandler)
                  200132b4    00000044     boot.aem4 : boot.oem4 (.text)
                  200132f8    00000044     cc3x00_host_driver.aem4 : wlan.oem4 (.text:sl_WlanPolicySet)
                  2001333c    00000004     subscribe_publish_sample_pem4.oem4 (.text:ti_sysbios_knl_Clock_TimerProxy_stop__E)
                  20013340    00000044     sysbios.aem4 : BIOS.obj (.text:ti_sysbios_family_arm_cc32xx_Seconds_set__E)
                  20013384    00000004     subscribe_publish_sample_pem4.oem4 (.text:ti_sysbios_knl_Clock_destruct)
                  20013388    00000044     sysbios.aem4 : BIOS.obj (.text:ti_sysbios_family_arm_m3_Hwi_getStackInfo__E)
                  200133cc    00000004     subscribe_publish_sample_pem4.oem4 (.text:ti_sysbios_knl_Event_delete)
                  200133d0    00000044     sysbios.aem4 : BIOS.obj (.text:ti_sysbios_knl_Mailbox_postInit__I)
                  20013414    00000004     subscribe_publish_sample_pem4.oem4 (.text:ti_sysbios_knl_Mailbox_delete)
                  20013418    00000044     sysbios.aem4 : BIOS.obj (.text:ti_sysbios_knl_Swi_post__E)
                  2001345c    00000044     ti.targets.arm.rtsarm.aem4 : Error.oem4 (.text:xdc_runtime_Error_setX__E)
                  200134a0    00000044                                : Text.oem4 (.text:xdc_runtime_Text_xprintf__I)
                  200134e4    00000042     drivers_cc32xxware.aem4 : PowerCC3200_asm.oem4 (.text:PowerCC3200_resumeLPDS)
                  20013526    00000042                             : UARTCC3200.oem4 (.text:UARTCC3200_writePolling)
                  20013568    00000042     aws_iot_mqtt_client_common_internal.obj (.text:aws_iot_mqtt_internal_get_final_packet_length_from_remaining_length)
                  200135aa    00000042     aws_iot_mqtt_client_common_internal.obj (.text:aws_iot_mqtt_internal_read_uint16_t)
                  200135ec    00000042     aws_iot_mqtt_client.obj (.text:aws_iot_mqtt_set_client_state)
                  2001362e    00000002     --HOLE-- [fill = 0]
                  20013630    00000040     drivers_cc32xxware.aem4 : GPIOCC3200.oem4 (.text:GPIO_enableInt)
                  20013670    00000040     driverlib.a : pin.obj (.text:PinModeSet)
                  200136b0    00000040     drivers_cc32xxware.aem4 : PowerCC3200.oem4 (.text:Power_setDependency)
                  200136f0    00000040                             : RingBuf.oem4 (.text:RingBuf_get)
                  20013730    00000040                             : UARTCC3200.oem4 (.text:UARTCC3200_read)
                  20013770    00000040     cc3x00_host_driver.aem4 : driver.oem4 (.text:_SlDrvRxIrqHandler)
                  200137b0    00000040                             : socket.oem4 (.text:_sl_HandleAsync_Select)
                  200137f0    00000040     sntp_sl.aem4 : sntp.oem4 (.text:changeServer)
                  20013830    00000040     network_sl.obj (.text:iot_tls_disconnect)
                  20013870    00000040     drivers_wifi_cc32xxware.aem4 : osi_tirtos.oem4 (.text:osi_LockObjLock)
                  200138b0    00000040                                  : osi_tirtos.oem4 (.text:osi_SyncObjCreate)
                  200138f0    00000040                                  : osi_tirtos.oem4 (.text:osi_SyncObjWait)
                  20013930    00000040     rtsv7M4_T_le_eabi.lib : u_divt2.obj (.text)
                  20013970    00000040     sysbios.aem4 : BIOS.obj (.text:ti_sysbios_family_arm_m3_Timer_Module_startup__E)
                  200139b0    00000040                  : BIOS.obj (.text:ti_sysbios_heaps_HeapMem_Instance_init__E)
                  200139f0    0000003e     aws_iot_mqtt_client_yield.obj (.text:_aws_iot_mqtt_handle_disconnect)
                  20013a2e    0000003e     network_sl.aem4 : certconv.oem4 (.text:base64Decode)
                  20013a6c    0000003c     driverlib.a : prcm.obj (.text:PRCMPeripheralClkEnable)
                  20013aa8    0000003c                 : prcm.obj (.text:PRCMSlowClkCtrFastGet)
                  20013ae4    0000003c                 : pin.obj (.text:PinDirModeSet)
                  20013b20    0000003c     drivers_cc32xxware.aem4 : WiFi.oem4 (.text:WiFi_open)
                  20013b5c    0000003c     cc3x00_host_driver.aem4 : device.oem4 (.text:_sl_HandleAsync_Stop)
                  20013b98    0000003c     network_sl.obj (.text:iot_tls_set_connect_params)
                  20013bd4    0000003c     drivers_wifi_cc32xxware.aem4 : WiFiCC3200.oem4 (.text:spi_Open)
                  20013c10    0000003c     sysbios.aem4 : BIOS.obj (.text:ti_sysbios_family_arm_m3_Hwi_excSvCall__I)
                  20013c4c    00000004     subscribe_publish_sample_pem4.oem4 (.text:ti_sysbios_knl_Queue_destruct)
                  20013c50    0000003c     sysbios.aem4 : BIOS.obj (.text:ti_sysbios_heaps_HeapMem_init__I)
                  20013c8c    00000004     subscribe_publish_sample_pem4.oem4 (.text:ti_sysbios_knl_Semaphore_delete)
                  20013c90    0000003c     sysbios.aem4 : BIOS.obj (.text:ti_sysbios_knl_Clock_walkQueuePeriodic__E)
                  20013ccc    00000004     subscribe_publish_sample_pem4.oem4 (.text:ti_sysbios_knl_Semaphore_destruct)
                  20013cd0    0000003c     sysbios.aem4 : BIOS.obj (.text:ti_sysbios_knl_Swi_restore__E)
                  20013d0c    0000003c     driverlib.a : udma.obj (.text:uDMAChannelControlSet)
                  20013d48    0000003a     network_sl.obj (.text:iot_tls_destroy)
                  20013d82    00000038     driverlib.a : adc.obj (.text:ADCChannelDisable)
                  20013dba    00000038                 : adc.obj (.text:ADCChannelEnable)
                  20013df2    00000002     --HOLE-- [fill = 0]
                  20013df4    00000038                 : prcm.obj (.text:PRCMIntEnable)
                  20013e2c    00000038     power_cc3200_tirtos.aem4 : PowerCC3200_tirtos.oem4 (.text:PowerCC3200_initPolicy)
                  20013e64    00000038     drivers_cc32xxware.aem4 : SPI.oem4 (.text:SPI_init)
                  20013e9c    00000038                             : UART.oem4 (.text:UART_init)
                  20013ed4    00000038                             : WiFi.oem4 (.text:WiFi_init)
                  20013f0c    00000038     aws_iot_mqtt_client_common_internal.obj (.text:aws_iot_mqtt_internal_write_utf8_string)
                  20013f44    00000038     timer.obj (.text:left_ms)
                  20013f7c    00000038     drivers_wifi_cc32xxware.aem4 : osi_tirtos.oem4 (.text:osi_LockObjCreate)
                  20013fb4    00000038     rtsv7M4_T_le_eabi.lib : fs_tod_t2.obj (.text)
                  20013fec    00000038                           : i_tofs_t2.obj (.text)
                  20014024    00000038     cc3x00_host_driver.aem4 : socket.oem4 (.text:sl_Htonl)
                  2001405c    00000038     drivers_cc32xxware.aem4 : SPICC3200DMA.oem4 (.text:spiPollingTransfer16)
                  20014094    00000038                             : SPICC3200DMA.oem4 (.text:spiPollingTransfer8)
                  200140cc    00000004     subscribe_publish_sample_pem4.oem4 (.text:ti_sysbios_knl_Task_delete)
                  200140d0    00000038     sysbios.aem4 : BIOS.obj (.text:ti_sysbios_family_arm_cc32xx_Seconds_get__E)
                  20014108    00000038                  : BIOS.obj (.text:ti_sysbios_family_arm_m3_Hwi_excNoIsr__I)
                  20014140    00000038                  : BIOS.obj (.text:ti_sysbios_knl_Task_processVitalTaskFlag__I)
                  20014178    00000038     ti.targets.arm.rtsarm.aem4 : System.oem4 (.text:xdc_runtime_System_atexit__E)
                  200141b0    00000036     driverlib.a : gpio.obj (.text:GPIODirModeSet)
                  200141e6    00000036     drivers_cc32xxware.aem4 : UARTCC3200.oem4 (.text:UARTCC3200_readCancel)
                  2001421c    00000036     rtsv7M4_T_le_eabi.lib : strncpy.obj (.text)
                  20014252    00000002     --HOLE-- [fill = 0]
                  20014254    00000034     drivers_wifi_cc32xxware.aem4 : WiFiCC3200.oem4 (.text:CC3X00_NWP_disable)
                  20014288    00000034     driverlib.a : prcm.obj (.text:PRCMPeripheralStatusGet)
                  200142bc    00000034                 : prcm.obj (.text:PRCMSRAMRetentionEnable)
                  200142f0    00000034     drivers_cc32xxware.aem4 : PowerCC3200.oem4 (.text:Power_releaseDependency)
                  20014324    00000034     driverlib.a : spi.obj (.text:SPIFIFOLevelSet)
                  20014358    00000034     UARTUtils.obj (.text:UARTUtils_deviceread)
                  2001438c    00000034     UARTUtils.obj (.text:UARTUtils_devicewrite)
                  200143c0    00000034     cc3x00_host_driver.aem4 : driver.oem4 (.text:_SlDrvBasicCmd)
                  200143f4    00000034                             : driver.oem4 (.text:_SlDrvProtectAsyncRespSetting)
                  20014428    00000034     UARTUtils.obj (.text:closeHandle)
                  2001445c    00000034     power_cc3200_tirtos.aem4 : PowerCC3200_tirtos.oem4 (.text:getCountsRTC)
                  20014490    00000034     drivers_cc32xxware.aem4 : PowerCC3200.oem4 (.text:restorePeriphClocks)
                  200144c4    00000034     cc3x00_host_driver.aem4 : socket.oem4 (.text:sl_Htons)
                  200144f8    00000034     sysbios.aem4 : BIOS.obj (.text:ti_sysbios_family_arm_m3_Hwi_Instance_finalize__E)
                  2001452c    00000004     ti.targets.arm.rtsarm.aem4 : Error.oem4 (.text:xdc_runtime_Error_getSite__E)
                  20014530    00000034     sysbios.aem4 : BIOS.obj (.text:ti_sysbios_family_arm_m3_Hwi_excNmi__I)
                  20014564    00000004     subscribe_publish_sample_pem4.oem4 (.text:xdc_runtime_System_Module_GateProxy_enter__E)
                  20014568    00000034     sysbios.aem4 : BIOS.obj (.text:ti_sysbios_family_arm_m3_Timer_periodicStub__I)
                  2001459c    00000004     subscribe_publish_sample_pem4.oem4 (.text:xdc_runtime_System_Module_GateProxy_leave__E)
                  200145a0    00000034     sysbios.aem4 : BIOS.obj (.text:ti_sysbios_hal_Hwi_checkStack)
                  200145d4    00000034     subscribe_publish_sample_pem4.oem4 (.text:ti_sysbios_knl_Clock_construct)
                  20014608    00000034     subscribe_publish_sample_pem4.oem4 (.text:ti_sysbios_knl_Semaphore_create)
                  2001463c    00000034     ti.targets.arm.rtsarm.aem4 : Core-label.oem4 (.text:xdc_runtime_Core_assignLabel__I)
                  20014670    00000033                                : Text.oem4 (.text:xdc_runtime_Text_printVisFxn__I)
                  200146a3    00000001     --HOLE-- [fill = 0]
                  200146a4    00000032     network_sl.aem4 : ssock.oem4 (.text:Ssock_recv)
                  200146d6    00000032     netwifi.obj (.text:smartConfigFxn)
                  20014708    00000032     drivers_cc32xxware.aem4 : SPICC3200DMA.oem4 (.text:spiPollingTransfer32)
                  2001473a    00000006     cc3x00_host_driver.aem4 : socket.oem4 (.text:SL_FD_ZERO)
                  20014740    00000032     sysbios.aem4 : BIOS.obj (.text:ti_sysbios_hal_Hwi_initStack)
                  20014772    00000002     --HOLE-- [fill = 0]
                  20014774    00000030     drivers_cc32xxware.aem4 : GPIOCC3200.oem4 (.text:GPIO_read)
                  200147a4    00000030     driverlib.a : pin.obj (.text:PinTypeGPIO)
                  200147d4    00000030     drivers_cc32xxware.aem4 : PowerCC3200.oem4 (.text:Power_releaseConstraint)
                  20014804    00000030                             : PowerCC3200.oem4 (.text:Power_setConstraint)
                  20014834    00000030                             : SPI.oem4 (.text:SPI_open)
                  20014864    00000030     netwifi.obj (.text:SimpleLinkWlanEventHandler)
                  20014894    00000030     driverlib.a : uart.obj (.text:UARTDisable)
                  200148c4    00000030     drivers_cc32xxware.aem4 : UART.oem4 (.text:UART_open)
                  200148f4    00000030     aws_iot_mqtt_client_subscribe.obj (.text:_aws_iot_mqtt_get_free_message_handler_index)
                  20014924    00000030     drivers_wifi_cc32xxware.aem4 : WiFiCC3200.oem4 (.text:registerInterruptHandler)
                  20014954    00000030     cc3x00_host_driver.aem4 : socket.oem4 (.text:sl_Socket)
                  20014984    00000030     subscribe_publish_sample_pem4.oem4 (.text:ti_sysbios_BIOS_atExitFunc__I)
                  200149b4    00000004     ti.targets.arm.rtsarm.aem4 : System.oem4 (.text:xdc_runtime_System_aprintf_va__F)
                  200149b8    00000030     sysbios.aem4 : BIOS.obj (.text:ti_sysbios_family_arm_m3_TaskSupport_start__E)
                  200149e8    00000030     subscribe_publish_sample_pem4.oem4 (.text:ti_sysbios_gates_GateHwi_Object__create__S)
                  20014a18    00000030     subscribe_publish_sample_pem4.oem4 (.text:ti_sysbios_gates_GateMutex_Object__create__S)
                  20014a48    00000030     sysbios.aem4 : BIOS.obj (.text:ti_sysbios_gates_GateMutex_enter__E)
                  20014a78    00000030     subscribe_publish_sample_pem4.oem4 (.text:ti_sysbios_heaps_HeapMem_Object__create__S)
                  20014aa8    00000030     subscribe_publish_sample_pem4.oem4 (.text:ti_sysbios_knl_Event_create)
                  20014ad8    00000030     sysbios.aem4 : BIOS.obj (.text:ti_sysbios_knl_Event_pendTimeout__I)
                  20014b08    00000030     subscribe_publish_sample_pem4.oem4 (.text:ti_sysbios_knl_Semaphore_construct)
                  20014b38    00000030     sysbios.aem4 : BIOS.obj (.text:ti_sysbios_knl_Semaphore_pendTimeout__I)
                  20014b68    00000030                  : BIOS.obj (.text:ti_sysbios_knl_Task_unblockI__E)
                  20014b98    00000030     ti.targets.arm.rtsarm.aem4 : System.oem4 (.text:xdc_runtime_System_processAtExit__E)
                  20014bc8    0000002e     UARTUtils.obj (.text:UARTUtils_deviceopen)
                  20014bf6    0000002e     subscribe_publish_sample_pem4.oem4 (.text:malloc)
                  20014c24    0000002e     rtsv7M4_T_le_eabi.lib : i_tofd_t2.obj (.text)
                  20014c52    00000002     --HOLE-- [fill = 0]
                  20014c54    0000002c     drivers_wifi_cc32xxware.aem4 : WiFiCC3200.oem4 (.text:CC3X00_NWP_enable)
                  20014c80    0000002c     driverlib.a : prcm.obj (.text:PRCMLPDSIntervalSet)
                  20014cac    0000002c                 : prcm.obj (.text:PRCMSysResetCauseGet)
                  20014cd8    0000002c     sntp_sl.aem4 : sntp.oem4 (.text:SNTP_forceTimeSync)
                  20014d04    0000002c     timer.obj (.text:msToTicks)
                  20014d30    0000002c     rtsv7M4_T_le_eabi.lib : strncmp.obj (.text)
                  20014d5c    0000002c     network_sl.obj (.text:setsockopt)
                  20014d88    0000002c     subscribe_publish_sample_pem4.oem4 (.text:ti_sysbios_knl_Clock_doTick__I)
                  20014db4    0000002c     subscribe_publish_sample_pem4.oem4 (.text:ti_sysbios_knl_Queue_construct)
                  20014de0    0000002c     sysbios.aem4 : BIOS.obj (.text:ti_sysbios_knl_Task_restore__E)
                  20014e0c    0000002c     timer.obj (.text:ticksToMs)
                  20014e38    0000002c     ti.targets.arm.rtsarm.aem4 : Text.oem4 (.text:xdc_runtime_Text_cordText__E)
                  20014e64    0000002a     driverlib.a : spi.obj (.text:SPIDataGetNonBlocking)
                  20014e8e    0000002a     cc3x00_host_driver.aem4 : socket.oem4 (.text:_sl_BuildAddress)
                  20014eb8    0000002a     ti.targets.arm.rtsarm.aem4 : System.oem4 (.text:xdc_runtime_System_putchar__I)
                  20014ee2    00000002     --HOLE-- [fill = 0]
                  20014ee4    00000028     driverlib.a : prcm.obj (.text:PRCMLPDSWakeupSourceEnable)
                  20014f0c    00000028                 : prcm.obj (.text:PRCMPeripheralClkDisable)
                  20014f34    00000028     drivers_cc32xxware.aem4 : PowerCC3200.oem4 (.text:Power_registerNotify)
                  20014f5c    00000028     network_sl.aem4 : ssock.oem4 (.text:Ssock_recvall)
                  20014f84    00000028     aws_iot_mqtt_client_yield.obj (.text:_aws_iot_mqtt_force_client_disconnect)
                  20014fac    00000028     aws_iot_shadow_json.obj (.text:checkReturnValueOfSnPrintf)
                  20014fd4    00000028     drivers_cc32xxware.aem4 : UARTCC3200.oem4 (.text:releasePowerConstraint)
                  20014ffc    00000004     ti.targets.arm.rtsarm.aem4 : System.oem4 (.text:xdc_runtime_System_printf_va__F)
                  20015000    00000028     sysbios.aem4 : BIOS.obj (.text:ti_sysbios_knl_Clock_addI__E)
                  20015028    00000028                  : BIOS.obj (.text:ti_sysbios_knl_Swi_Module_startup__E)
                  20015050    00000028     driverlib.a : udma.obj (.text:uDMAChannelIsEnabled)
                  20015078    00000026     drivers_cc32xxware.aem4 : List.oem4 (.text:List_put)
                  2001509e    00000026     aws_iot_mqtt_client.obj (.text:aws_iot_mqtt_get_next_packet_id)
                  200150c4    00000026     network_sl.aem4 : ssock_sl.oem4 (.text:fileExists)
                  200150ea    00000026     ti.targets.arm.rtsarm.aem4 : System.oem4 (.text:xdc_runtime_System_avprintf__E)
                  20015110    00000024     driverlib.a : prcm.obj (.text:PRCMLPDSWakeUpGPIOSelect)
                  20015134    00000024     netwifi.obj (.text:SimpleLinkNetAppEventHandler)
                  20015158    00000024     network_sl.aem4 : tls_sl.oem4 (.text:TLS_delete)
                  2001517c    00000024     driverlib.a : uart.obj (.text:UARTCharPutNonBlocking)
                  200151a0    00000024                 : uart.obj (.text:UARTEnable)
                  200151c4    00000024     UARTUtils.obj (.text:UARTUtils_systemAbort)
                  200151e8    00000024     drivers_wifi_cc32xxware.aem4 : osi_tirtos.oem4 (.text:osi_Spawn)
                  2001520c    00000024     cc3x00_host_driver.aem4 : socket.oem4 (.text:sl_Close)
                  20015230    00000024                             : wlan.oem4 (.text:sl_WlanSetMode)
                  20015254    00000024     subscribe_publish_sample_pem4.oem4 (.text:ti_sysbios_BIOS_registerRTSLock__I)
                  20015278    00000024     subscribe_publish_sample_pem4.oem4 (.text:ti_sysbios_BIOS_removeRTSLock__I)
                  2001529c    00000024     subscribe_publish_sample_pem4.oem4 (.text:ti_sysbios_BIOS_startFunc__I)
                  200152c0    00000024     sysbios.aem4 : BIOS.obj (.text:ti_sysbios_family_arm_m3_Timer_startup__E)
                  200152e4    00000024     subscribe_publish_sample_pem4.oem4 (.text:ti_sysbios_gates_GateMutex_Object__delete__S)
                  20015308    00000024     sysbios.aem4 : BIOS.obj (.text:ti_sysbios_knl_Clock_Module_startup__E)
                  2001532c    00000004     --HOLE-- [fill = 0]
                  20015330    00000024                  : BIOS.obj (.text:ti_sysbios_knl_Clock_start__E)
                  20015354    00000004     --HOLE-- [fill = 0]
                  20015358    00000024                  : BIOS.obj (.text:ti_sysbios_knl_Semaphore_Instance_init__E)
                  2001537c    00000024     subscribe_publish_sample_pem4.oem4 (.text:ti_sysbios_knl_Semaphore_Object__delete__S)
                  200153a0    00000024     sysbios.aem4 : BIOS.obj (.text:ti_sysbios_knl_Task_restoreHwi__E)
                  200153c4    00000024     ti.targets.arm.rtsarm.aem4 : System.oem4 (.text:xdc_runtime_System_vprintf__E)
                  200153e8    00000022     driverlib.a : adc.obj (.text:ADCTimerConfig)
                  2001540a    00000022                 : gpio.obj (.text:GPIOIntStatus)
                  2001542c    00000022                 : spi.obj (.text:SPIReset)
                  2001544e    00000022                 : spi.obj (.text:SPIWordCountSet)
                  20015470    00000022     aws_iot_mqtt_client.obj (.text:aws_iot_mqtt_autoreconnect_set_status)
                  20015492    00000020     driverlib.a : gpio.obj (.text:GPIOPinWrite)
                  200154b2    00000002     --HOLE-- [fill = 0]
                  200154b4    00000020                 : prcm.obj (.text:PRCMLPDSRestoreInfoSet)
                  200154d4    00000020     drivers_cc32xxware.aem4 : PowerCC3200.oem4 (.text:Power_idleFunc)
                  200154f4    00000020                             : PowerCC3200.oem4 (.text:Power_unregisterNotify)
                  20015514    00000020     driverlib.a : spi.obj (.text:SPIDataGet)
                  20015534    00000020     UARTUtils.obj (.text:UARTUtils_systemPutch)
                  20015554    00000020     aws_iot_mqtt_client_common_internal.obj (.text:aws_iot_mqtt_internal_read_char)
                  20015574    00000020     aws_iot_mqtt_client_common_internal.obj (.text:aws_iot_mqtt_internal_write_char)
                  20015594    00000020     drivers_cc32xxware.aem4 : SPICC3200DMA.oem4 (.text:getPowerMgrId)
                  200155b4    00000020                             : UARTCC3200.oem4 (.text:getPowerMgrId)
                  200155d4    00000020     network_sl.obj (.text:gethostbyname)
                  200155f4    00000020     startsntp.obj (.text:gethostbyname)
                  20015614    00000020     timer.obj (.text:has_timer_expired)
                  20015634    00000020     rtsv7M4_T_le_eabi.lib : memchr.obj (.text)
                  20015654    00000020     network_sl.obj (.text:socket)
                  20015674    00000020     subscribe_publish_sample_pem4.oem4 (.text:ti_sysbios_BIOS_rtsLock__I)
                  20015694    00000004     --HOLE-- [fill = 0]
                  20015698    00000020     sysbios.aem4 : BIOS.obj (.text:ti_sysbios_family_arm_m3_Hwi_clearInterrupt__E)
                  200156b8    00000020                  : m3_Hwi_asm.obj (.text:ti_sysbios_family_arm_m3_Hwi_excHandlerAsm__I)
                  200156d8    00000020                  : BIOS.obj (.text:ti_sysbios_family_arm_m3_Hwi_excHandler__I)
                  200156f8    00000020     subscribe_publish_sample_pem4.oem4 (.text:ti_sysbios_gates_GateHwi_Object__delete__S)
                  20015718    00000020     subscribe_publish_sample_pem4.oem4 (.text:ti_sysbios_heaps_HeapMem_Object__delete__S)
                  20015738    00000020     subscribe_publish_sample_pem4.oem4 (.text:ti_sysbios_knl_Clock_Object__destruct__S)
                  20015758    00000020     subscribe_publish_sample_pem4.oem4 (.text:ti_sysbios_knl_Event_Object__delete__S)
                  20015778    00000020     sysbios.aem4 : BIOS.obj (.text:ti_sysbios_knl_Idle_run__E)
                  20015798    00000020     subscribe_publish_sample_pem4.oem4 (.text:ti_sysbios_knl_Mailbox_Object__delete__S)
                  200157b8    00000020     subscribe_publish_sample_pem4.oem4 (.text:ti_sysbios_knl_Semaphore_Object__destruct__S)
                  200157d8    00000020     subscribe_publish_sample_pem4.oem4 (.text:ti_sysbios_knl_Task_Object__delete__S)
                  200157f8    00000020     ti.targets.arm.rtsarm.aem4 : Registry.oem4 (.text:xdc_runtime_Registry_findById__E)
                  20015818    0000001e     driverlib.a : spi.obj (.text:SPIDataPut)
                  20015836    0000001e                 : uart.obj (.text:UARTCharPut)
                  20015854    0000001e                 : uart.obj (.text:UARTIntStatus)
                  20015872    0000001e     drivers_wifi_cc32xxware.aem4 : WiFiCC3200.oem4 (.text:WiFiCC3200_close)
                  20015890    0000001e     network_sl.aem4 : tls_sl.oem4 (.text:getTLSMethod)
                  200158ae    0000001e     rtsv7M4_T_le_eabi.lib : strcat.obj (.text)
                  200158cc    0000001e     subscribe_publish_sample_pem4.oem4 (.text:ti_sysbios_BIOS_errorRaiseHook__I)
                  200158ea    0000001e     sysbios.aem4 : m3_Hwi_asm_switch.obj (.text:ti_sysbios_family_xxx_Hwi_switchAndRunFunc)
                  20015908    0000001c     driverlib.a : adc.obj (.text:ADCFIFOLvlGet)
                  20015924    0000001c     subscribe_publish_sample.obj (.text:BoardInit)
                  20015940    0000001c     drivers_cc32xxware.aem4 : SPICC3200DMA.oem4 (.text:SPICC3200DMA_init)
                  2001595c    0000001c     network_sl.aem4 : ssock.oem4 (.text:Ssock_delete)
                  20015978    0000001c                     : ssock.oem4 (.text:Ssock_destruct)
                  20015994    0000001c     driverlib.a : uart.obj (.text:UARTCharGetNonBlocking)
                  200159b0    0000001c                 : uart.obj (.text:UARTFlowControlSet)
                  200159cc    0000001c     cc3x00_host_driver.aem4 : driver.oem4 (.text:_SlDrvProtectionObjLockWaitForever)
                  200159e8    0000001c                             : socket.oem4 (.text:_sl_TruncatePayloadByProtocol)
                  20015a04    0000001c     network_sl.obj (.text:connect)
                  20015a20    0000001c     rtsv7M4_T_le_eabi.lib : memccpy.obj (.text)
                  20015a3c    0000001c     subscribe_publish_sample_pem4.oem4 (.text:ti_sysbios_family_arm_m3_Hwi_Object__destruct__S)
                  20015a58    0000001c     sysbios.aem4 : BIOS.obj (.text:ti_sysbios_family_arm_m3_Timer_stop__E)
                  20015a74    00000004     --HOLE-- [fill = 0]
                  20015a78    0000001c                  : BIOS.obj (.text:ti_sysbios_gates_GateMutex_Instance_init__E)
                  20015a94    00000004     --HOLE-- [fill = 0]
                  20015a98    0000001c                  : BIOS.obj (.text:ti_sysbios_knl_Clock_Instance_finalize__E)
                  20015ab4    0000001c     subscribe_publish_sample_pem4.oem4 (.text:ti_sysbios_knl_Queue_Object__destruct__S)
                  20015ad0    0000001c     sysbios.aem4 : BIOS.obj (.text:ti_sysbios_knl_Queue_get__E)
                  20015aec    00000004     --HOLE-- [fill = 0]
                  20015af0    0000001c                  : BIOS.obj (.text:ti_sysbios_knl_Queue_put__E)
                  20015b0c    00000004     --HOLE-- [fill = 0]
                  20015b10    0000001c                  : BIOS.obj (.text:ti_sysbios_knl_Task_enter__I)
                  20015b2c    0000001c     driverlib.a : udma.obj (.text:uDMAChannelEnable)
                  20015b48    0000001c     drivers_wifi_cc32xxware.aem4 : osi_tirtos.oem4 (.text:vSimpleLinkSpawnTask)
                  20015b64    0000001c     ti.targets.arm.rtsarm.aem4 : Error.oem4 (.text:xdc_runtime_Error_raiseX__E)
                  20015b80    0000001c                                : Memory.oem4 (.text:xdc_runtime_Memory_valloc__E)
                  20015b9c    0000001c                                : System.oem4 (.text:xdc_runtime_System_abort__E)
                  20015bb8    0000001a     cc3x00_host_driver.aem4 : netapp.oem4 (.text:CopyPingResultsToReport)
                  20015bd2    0000001a     driverlib.a : gpio.obj (.text:GPIOIntEnable)
                  20015bec    0000001a     drivers_cc32xxware.aem4 : List.oem4 (.text:List_remove)
                  20015c06    0000001a     driverlib.a : pin.obj (.text:PinTypeUART)
                  20015c20    0000001a                 : spi.obj (.text:SPIDmaDisable)
                  20015c3a    0000001a                 : spi.obj (.text:SPIDmaEnable)
                  20015c54    0000001a                 : spi.obj (.text:SPIFIFODisable)
                  20015c6e    0000001a                 : spi.obj (.text:SPIFIFOEnable)
                  20015c88    0000001a     sysbios.aem4 : m3_Hwi_asm.obj (.text:ti_sysbios_family_arm_m3_Hwi_pendSV__I)
                  20015ca2    0000001a     subscribe_publish_sample_pem4.oem4 (.text:xdc_runtime_System_aprintf__E)
                  20015cbc    0000001a     subscribe_publish_sample_pem4.oem4 (.text:xdc_runtime_System_printf__E)
                  20015cd6    0000001a     network_sl.aem4 : tls_sl.oem4 (.text:xsnprintf)
                  20015cf0    00000018     driverlib.a : adc.obj (.text:ADCFIFORead)
                  20015d08    00000018                 : gpio.obj (.text:GPIOPinRead)
                  20015d20    00000018                 : spi.obj (.text:SPICSDisable)
                  20015d38    00000018                 : spi.obj (.text:SPICSEnable)
                  20015d50    00000018                 : spi.obj (.text:SPIDisable)
                  20015d68    00000018                 : spi.obj (.text:SPIEnable)
                  20015d80    00000018     network_sl.aem4 : ssock.oem4 (.text:Ssock_create)
                  20015d98    00000018     driverlib.a : uart.obj (.text:UARTBusy)
                  20015db0    00000018                 : uart.obj (.text:UARTFIFOLevelSet)
                  20015dc8    00000018                 : uart.obj (.text:UARTIntDisable)
                  20015de0    00000018                 : uart.obj (.text:UARTIntEnable)
                  20015df8    00000018     UARTUtils.obj (.text:UARTUtils_deviceclose)
                  20015e10    00000018     drivers_cc32xxware.aem4 : UART.oem4 (.text:UART_Params_init)
                  20015e28    00000018     drivers_wifi_cc32xxware.aem4 : osi_tirtos.oem4 (.text:VDeleteSimpleLinkSpawnTask)
                  20015e40    00000018                                  : WiFiCC3200.oem4 (.text:WiFiCC3200_init)
                  20015e58    00000018     cc3x00_host_driver.aem4 : driver.oem4 (.text:_SlDrvProtectionObjUnLock)
                  20015e70    00000018     subscribe_publish_sample_pem4.oem4 (.text:free)
                  20015e88    00000018     rtsv7M4_T_le_eabi.lib : args_main.obj (.text)
                  20015ea0    00000018                           : ll_mul_t2.obj (.text)
                  20015eb8    00000018                           : strcmp.obj (.text)
                  20015ed0    00000018     drivers_wifi_cc32xxware.aem4 : WiFiCC3200.oem4 (.text:spi_Close)
                  20015ee8    00000018     subscribe_publish_sample_pem4.oem4 (.text:ti_sysbios_BIOS_rtsUnlock__I)
                  20015f00    00000018     subscribe_publish_sample_pem4.oem4 (.text:ti_sysbios_family_arm_m3_Hwi_Handle__label__S)
                  20015f18    00000018     subscribe_publish_sample_pem4.oem4 (.text:ti_sysbios_family_arm_m3_Hwi_Module__startupDone__F)
                  20015f30    00000018     subscribe_publish_sample_pem4.oem4 (.text:ti_sysbios_family_arm_m3_Timer_Module__startupDone__F)
                  20015f48    00000018     subscribe_publish_sample_pem4.oem4 (.text:ti_sysbios_gates_GateHwi_Handle__label__S)
                  20015f60    00000018     subscribe_publish_sample_pem4.oem4 (.text:ti_sysbios_gates_GateMutex_Handle__label__S)
                  20015f78    00000018     sysbios.aem4 : BIOS.obj (.text:ti_sysbios_gates_GateMutex_leave__E)
                  20015f90    00000018     subscribe_publish_sample_pem4.oem4 (.text:ti_sysbios_heaps_HeapMem_Handle__label__S)
                  20015fa8    00000018     subscribe_publish_sample_pem4.oem4 (.text:ti_sysbios_knl_Swi_Handle__label__S)
                  20015fc0    00000018     subscribe_publish_sample_pem4.oem4 (.text:ti_sysbios_knl_Task_Handle__label__S)
                  20015fd8    00000018     sysbios.aem4 : BIOS.obj (.text:ti_sysbios_knl_Task_sleepTimeout__I)
                  20015ff0    00000018     subscribe_publish_sample_pem4.oem4 (.text:time)
                  20016008    00000018     ti.targets.arm.rtsarm.aem4 : Error.oem4 (.text:xdc_runtime_Error_check__E)
                  20016020    00000018                                : System.oem4 (.text:xdc_runtime_System_exit__E)
                  20016038    00000018                                : Text.oem4 (.text:xdc_runtime_Text_ropeText__E)
                  20016050    00000016     driverlib.a : adc.obj (.text:ADCTimerEnable)
                  20016066    00000016     tirtosport.aem4 : ClockP_tirtos.oem4 (.text:ClockP_delete)
                  2001607c    00000016                     : HwiP_tirtos.oem4 (.text:HwiP_delete)
                  20016092    00000016     driverlib.a : prcm.obj (.text:PRCMHIBRegRead)
                  200160a8    00000016                 : prcm.obj (.text:PRCMHIBRegWrite)
                  200160be    00000016     tirtosport.aem4 : SemaphoreP_tirtos.oem4 (.text:SemaphoreP_delete)
                  200160d4    00000016     driverlib.a : uart.obj (.text:UARTCharGet)
                  200160ea    00000016     cc3x00_host_driver.aem4 : fs.oem4 (.text:_sl_Strlen)
                  20016100    00000016     aws_iot_mqtt_client.obj (.text:aws_iot_mqtt_get_client_state)
                  20016116    00000016     timer.obj (.text:init_timer)
                  2001612c    00000016     rtsv7M4_T_le_eabi.lib : strchr.obj (.text)
                  20016142    00000016     drivers_cc32xxware.aem4 : UARTCC3200.oem4 (.text:startTxFifoEmptyClk)
                  20016158    00000016     subscribe_publish_sample_pem4.oem4 (.text:ti_sysbios_BIOS_exitFunc__I)
                  2001616e    00000016     startsntp.obj (.text:ti_sysbios_knl_Semaphore_Params_init)
                  20016184    00000016     main.obj (.text:ti_sysbios_knl_Task_Params_init)
                  2001619a    00000014     driverlib.a : adc.obj (.text:ADCEnable)
                  200161ae    00000014                 : cpu.obj (.text:CPUcpsid)
                  200161c2    00000014                 : cpu.obj (.text:CPUcpsie)
                  200161d6    00000014                 : gpio.obj (.text:GPIOIntClear)
                  200161ea    00000002     --HOLE-- [fill = 0]
                  200161ec    00000014                 : interrupt.obj (.text:IntVTableBaseSet)
                  20016200    00000014                 : pin.obj (.text:PinTypeADC)
                  20016214    00000014     drivers_cc32xxware.aem4 : SPI.oem4 (.text:SPI_Params_init)
                  20016228    00000014     network_sl.aem4 : ssock.oem4 (.text:Ssock_construct)
                  2001623c    00000014     UARTUtils.obj (.text:UARTUtils_systemReady)
                  20016250    00000014     drivers_wifi_cc32xxware.aem4 : WiFiCC3200.oem4 (.text:hostDriverInterruptHandler)
                  20016264    00000014                                  : osi_tirtos.oem4 (.text:osi_SyncObjClear)
                  20016278    00000014     rtsv7M4_T_le_eabi.lib : _lock.obj (.text)
                  2001628c    00000014                           : strcpy.obj (.text)
                  200162a0    00000014                           : strlen.obj (.text)
                  200162b4    00000014     subscribe_publish_sample_pem4.oem4 (.text:ti_sysbios_family_arm_m3_Hwi_Object__get__S)
                  200162c8    00000014     sysbios.aem4 : BIOS.obj (.text:ti_sysbios_family_arm_m3_Hwi_switchFromBootStack__E)
                  200162dc    00000014     subscribe_publish_sample_pem4.oem4 (.text:ti_sysbios_heaps_HeapMem_Object__get__S)
                  200162f0    00000014     sysbios.aem4 : BIOS.obj (.text:ti_sysbios_knl_Clock_tickReconfig__E)
                  20016304    00000004     --HOLE-- [fill = 0]
                  20016308    00000014                  : BIOS.obj (.text:ti_sysbios_knl_Event_Instance_init__E)
                  2001631c    00000014     subscribe_publish_sample_pem4.oem4 (.text:ti_sysbios_knl_Swi_Object__get__S)
                  20016330    00000014     startsntp.obj (.text:timeUpdateHook)
                  20016344    00000014     driverlib.a : udma.obj (.text:uDMAControlBaseSet)
                  20016358    00000012     tirtosport.aem4 : ClockP_tirtos.oem4 (.text:ClockP_start)
                  2001636a    00000012     drivers_cc32xxware.aem4 : RingBuf.oem4 (.text:RingBuf_construct)
                  2001637c    00000012     tirtosport.aem4 : SemaphoreP_tirtos.oem4 (.text:SemaphoreP_pend)
                  2001638e    00000012     driverlib.a : uart.obj (.text:UARTIntClear)
                  200163a0    00000012                 : uart.obj (.text:UARTRxErrorGet)
                  200163b2    00000012     UARTUtils.obj (.text:UARTUtils_devicelseek)
                  200163c4    00000012     cc3x00_host_driver.aem4 : driver.oem4 (.text:_SlDrvObjLockWaitForever)
                  200163d6    00000012                             : driver.oem4 (.text:_SlDrvSyncObjWaitForever)
                  200163e8    00000012     sysbios.aem4 : BIOS.obj (.text:ti_sysbios_hal_Hwi_Module_startup__E)
                  200163fa    00000012     subscribe_publish_sample_pem4.oem4 (.text:xdc_runtime_Startup_exec__I)
                  2001640c    00000010     CC3200_LAUNCHXL.obj (.text:CC3200_LAUNCHXL_initGeneral)
                  2001641c    00000010     CC3200_LAUNCHXL.obj (.text:CC3200_LAUNCHXL_initWiFi)
                  2001642c    00000010     drivers_wifi_cc32xxware.aem4 : WiFiCC3200.oem4 (.text:CC3X00_NWP_maskInterrupt)
                  2001643c    00000010     cc3x00_host_driver.aem4 : socket.oem4 (.text:SL_FD_SET)
                  2001644c    00000010     driverlib.a : uart.obj (.text:UARTRxErrorClear)
                  2001645c    00000010     UARTUtils.obj (.text:UARTUtils_devicerename)
                  2001646c    00000010     drivers_cc32xxware.aem4 : WiFi.oem4 (.text:WiFi_Params_init)
                  2001647c    00000010     cc3x00_host_driver.aem4 : device.oem4 (.text:_sl_GetStartResponseConvert)
                  2001648c    00000010     network_sl.obj (.text:close)
                  2001649c    00000010     network_sl.obj (.text:htons)
                  200164ac    00000010     startsntp.obj (.text:htons)
                  200164bc    00000010     drivers_cc32xxware.aem4 : UARTCC3200.oem4 (.text:readBlockingTimeout)
                  200164cc    00000004     --HOLE-- [fill = 0]
                  200164d0    00000010     sysbios.aem4 : BIOS.obj (.text:ti_sysbios_BIOS_getCpuFreq__E)
                  200164e0    00000010                  : BIOS.obj (.text:ti_sysbios_BIOS_setThreadType__E)
                  200164f0    00000010                  : BIOS.obj (.text:ti_sysbios_BIOS_start__E)
                  20016500    00000010                  : m3_TaskSupport_asm.obj (.text:ti_sysbios_family_arm_m3_TaskSupport_glue)
                  20016510    00000010                  : m3_TaskSupport_asm.obj (.text:ti_sysbios_family_arm_m3_TaskSupport_swap__E)
                  20016520    00000010                  : BIOS.obj (.text:ti_sysbios_gates_GateMutex_Instance_finalize__E)
                  20016530    00000010     subscribe_publish_sample_pem4.oem4 (.text:ti_sysbios_knl_Mailbox_Object__get__S)
                  20016540    00000010     sysbios.aem4 : BIOS.obj (.text:ti_sysbios_knl_Semaphore_Instance_finalize__E)
                  20016550    00000010                  : BIOS.obj (.text:ti_sysbios_knl_Swi_disable__E)
                  20016560    00000010     subscribe_publish_sample_pem4.oem4 (.text:ti_sysbios_knl_Task_Object__get__S)
                  20016570    00000010     sysbios.aem4 : BIOS.obj (.text:ti_sysbios_knl_Task_disable__E)
                  20016580    00000010     ti.targets.arm.rtsarm.aem4 : Gate.oem4 (.text:xdc_runtime_Gate_leaveSystem__E)
                  20016590    00000010                                : Memory.oem4 (.text:xdc_runtime_Memory_free__E)
                  200165a0    00000010                                : SysCallback.oem4 (.text:xdc_runtime_SysCallback_abort__E)
                  200165b0    00000010                                : SysCallback.oem4 (.text:xdc_runtime_SysCallback_exit__E)
                  200165c0    00000010                                : SysCallback.oem4 (.text:xdc_runtime_SysCallback_flush__E)
                  200165d0    00000010                                : SysCallback.oem4 (.text:xdc_runtime_SysCallback_putch__E)
                  200165e0    00000010                                : SysCallback.oem4 (.text:xdc_runtime_SysCallback_ready__E)
                  200165f0    00000010                                : System.oem4 (.text:xdc_runtime_System_vsnprintf__E)
                  20016600    0000000e     tirtosport.aem4 : HwiP_tirtos.oem4 (.text:HwiP_Params_init)
                  2001660e    0000000e     UARTUtils.obj (.text:UARTUtils_deviceunlink)
                  2001661c    0000000e     cc3x00_host_driver.aem4 : driver.oem4 (.text:_SlDrvObjUnLock)
                  2001662a    0000000e                             : driver.oem4 (.text:_SlDrvSyncObjSignal)
                  20016638    0000000e     rtsv7M4_T_le_eabi.lib : copy_decompress_none.obj (.text:decompress:none)
                  20016646    00000002     --HOLE-- [fill = 0]
                  20016648    0000000e     sysbios.aem4 : BIOS.obj (.text:ti_sysbios_knl_Idle_loop__E)
                  20016656    00000002     --HOLE-- [fill = 0]
                  20016658    0000000e                  : BIOS.obj (.text:ti_sysbios_knl_Queue_empty__E)
                  20016666    00000002     --HOLE-- [fill = 0]
                  20016668    0000000c     drivers_wifi_cc32xxware.aem4 : WiFiCC3200.oem4 (.text:CC3X00_NWP_unMaskInterrupt)
                  20016674    0000000c     driverlib.a : cpu.obj (.text:CPUwfi)
                  20016680    0000000c     tirtosport.aem4 : ClockP_tirtos.oem4 (.text:ClockP_getSystemTickPeriod)
                  2001668c    0000000c     netwifi.obj (.text:NetWiFi_isConnected)
                  20016698    0000000c     drivers_cc32xxware.aem4 : PowerCC3200.oem4 (.text:Power_getConstraintMask)
                  200166a4    0000000c                             : PowerCC3200.oem4 (.text:Power_getDependencyCount)
                  200166b0    0000000c                             : RingBuf.oem4 (.text:RingBuf_peek)
                  200166bc    0000000c     netwifi.obj (.text:SimpleLinkHttpServerCallback)
                  200166c8    0000000c     drivers_cc32xxware.aem4 : UARTCC3200.oem4 (.text:UARTCC3200_init)
                  200166d4    0000000c     rtsv7M4_T_le_eabi.lib : copy_zero_init.obj (.text:decompress:ZI)
                  200166e0    0000000c     network_sl.obj (.text:htonl)
                  200166ec    0000000c     startsntp.obj (.text:htonl)
                  200166f8    0000000c     network_sl.obj (.text:iot_tls_is_connected)
                  20016704    0000000c     drivers_wifi_cc32xxware.aem4 : osi_tirtos.oem4 (.text:osi_LockObjUnlock)
                  20016710    0000000c                                  : osi_tirtos.oem4 (.text:osi_SyncObjSignal)
[...]
200209c8  inPinTypes                                                         
200209ce  outPinTypes                                                        
200209d6  outPinStrengths                                                    
200209fc  ti_sysbios_knl_Mailbox_Object__PARAMS__C                           
20020a30  ti_sysbios_family_arm_m3_Hwi_Object__PARAMS__C                     
20020a60  uartCC3200HWAttrs                                                  
20020a90  iotClientInitParamsDefault                                         
20020ae6  ti_sysbios_hal_Hwi_Module__id__C                                   
20020ae8  PowerCC3200_config                                                 
20020b10  UARTCC3200_fxnTable                                                
20020b38  _SlNetAppStartCtrl                                                 
20020b3c  _SlNetAppStopCtrl                                                  
20020b40  _SlGetServiceListeCtrl                                             
20020b44  _SlRegisterServiceCtrl                                             
20020b48  _SlGetHostByServiceCtrl                                            
20020b4c  _SlGetHostByNameCtrl                                               
20020b50  _SlNetAppSetCmdCtrl                                                
20020b54  _SlNetAppSendTokenValueCmdCtrl                                     
20020b58  _SlNetAppGetCmdCtrl                                                
20020b60  ti_sysbios_heaps_HeapMem_Module__FXNS__C                           
20020b88  SPI_config                                                         
20020bac  UART_config                                                        
20020bd0  UART_defaultParams                                                 
20020bf4  RxMsgClassLUT                                                      
20020c18  ti_sysbios_gates_GateHwi_Module__FXNS__C                           
20020c3c  ti_sysbios_gates_GateMutex_Module__FXNS__C                         
20020c60  ti_sysbios_heaps_HeapMem_Object__PARAMS__C                         
20020c84  ti_sysbios_knl_Clock_Object__PARAMS__C                             
20020ca8  ti_sysbios_knl_Semaphore_Object__PARAMS__C                         
20020d0e  ti_sysbios_heaps_HeapMem_Module__id__C                             
20020d10  SPI_defaultParams                                                  
20020d30  ti_sysbios_family_arm_m3_Hwi_Object__DESC__C                       
20020d50  ti_sysbios_gates_GateHwi_Object__DESC__C                           
20020d70  ti_sysbios_gates_GateMutex_Object__DESC__C                         
20020d90  ti_sysbios_heaps_HeapMem_Object__DESC__C                           
20020db0  ti_sysbios_knl_Clock_Object__DESC__C                               
20020dd0  ti_sysbios_knl_Event_Object__DESC__C                               
20020df0  ti_sysbios_knl_Mailbox_Object__DESC__C                             
20020e10  ti_sysbios_knl_Queue_Object__DESC__C                               
20020e30  ti_sysbios_knl_Semaphore_Object__DESC__C                           
20020e50  ti_sysbios_knl_Task_Object__DESC__C                                
20020e70  xdc_runtime_Startup_sfxnTab__A                                     
20020eaa  ti_sysbios_knl_Task_Module__id__C                                  
20020eac  WiFi_config                                                        
20020edc  ti_sysbios_gates_GateHwi_Object__PARAMS__C                         
20020ef4  ti_sysbios_gates_GateMutex_Object__PARAMS__C                       
20020f0c  ti_sysbios_knl_Event_Object__PARAMS__C                             
20020f24  ti_sysbios_knl_Queue_Object__PARAMS__C                             
20020f3c  GPIOCC3200_config                                                  
20020f50  _SlStopCmdCtrl                                                     
20020f54  _SlEventMaskSetCmdCtrl                                             
20020f58  _SlEventMaskGetCmdCtrl                                             
20020f5c  _SlDeviceGetCmdCtrl                                                
20020f60  _SlDeviceSetCmdCtrl                                                
20020f74  _SlPayloadByProtocolLUT                                            
20020f84  WiFiCC3200_fxnTable                                                
20020f94  xdc_runtime_Startup_sfxnRts__A                                     
20020fb1  ti_sysbios_knl_Clock_tickSource__C                                 
20020fb2  xdc_runtime_Core_Module__id__C                                     
20020fc0  WiFi_defaultParams                                                 
20020fcc  xdc_runtime_Startup_firstFxns__A                                   
20020fe2  StartResponseLUT                                                   
20020fea  _SlNetCfgSetCmdCtrl                                                
20020fee  _SlNetCfgGetCmdCtrl                                                
20020ff2  xdc_runtime_Error_Module__loggerDefined__C                         
20020ff4  ti_sysbios_family_arm_m3_Hwi_excHookFuncs__A                       
20020ffc  ti_sysbios_knl_Idle_funcList__A                                    
20021004  ti_sysbios_knl_Idle_funcList__C                                    
2002100c  xdc_runtime_Startup_firstFxns__C                                   
20021014  xdc_runtime_Startup_lastFxns__C                                    
2002104c  ti_sysbios_family_arm_m3_Hwi_E_NMI__C                              
20021050  ti_sysbios_family_arm_m3_Hwi_E_alreadyDefined__C                   
20021054  ti_sysbios_family_arm_m3_Hwi_E_busFault__C                         
20021058  ti_sysbios_family_arm_m3_Hwi_E_debugMon__C                         
2002105c  ti_sysbios_family_arm_m3_Hwi_E_hardFault__C                        
20021060  ti_sysbios_family_arm_m3_Hwi_E_memFault__C                         
20021064  ti_sysbios_family_arm_m3_Hwi_E_noIsr__C                            
20021068  ti_sysbios_family_arm_m3_Hwi_E_reserved__C                         
2002106c  ti_sysbios_family_arm_m3_Hwi_E_svCall__C                           
20021070  ti_sysbios_family_arm_m3_Hwi_E_usageFault__C                       
20021074  ti_sysbios_family_arm_m3_Hwi_NUM_INTERRUPTS__C                     
20021078  ti_sysbios_family_arm_m3_Hwi_Object__count__C                      
2002107c  ti_sysbios_family_arm_m3_Hwi_ccr__C                                
20021080  ti_sysbios_family_arm_m3_Hwi_excHandlerFunc__C                     
20021084  ti_sysbios_family_arm_m3_Hwi_excHookFuncs__C                       
20021088  ti_sysbios_family_arm_m3_Hwi_nullIsrFunc__C                        
2002108c  ti_sysbios_family_arm_m3_Hwi_priGroup__C                           
20021090  ti_sysbios_family_arm_m3_TaskSupport_stackAlignment__C             
20021094  ti_sysbios_family_arm_m3_Timer_E_cannotSupport__C                  
20021098  ti_sysbios_family_arm_m3_Timer_startupNeeded__C                    
2002109c  ti_sysbios_gates_GateMutex_Instance_State_sem__O                   
200210a0  ti_sysbios_hal_Hwi_E_stackOverflow__C                              
200210a4  ti_sysbios_heaps_HeapMem_E_memory__C                               
200210a8  ti_sysbios_heaps_HeapMem_Module__gateObj__C                        
200210ac  ti_sysbios_heaps_HeapMem_Object__count__C                          
200210b0  ti_sysbios_heaps_HeapMem_reqAlign__C                               
200210b4  ti_sysbios_knl_Clock_Module_State_clockQ__O                        
200210b8  ti_sysbios_knl_Clock_tickPeriod__C                                 
200210bc  ti_sysbios_knl_Event_Instance_State_pendQ__O                       
200210c0  ti_sysbios_knl_Mailbox_Instance_State_dataQue__O                   
200210c4  ti_sysbios_knl_Mailbox_Instance_State_dataSem__O                   
200210c8  ti_sysbios_knl_Mailbox_Instance_State_freeQue__O                   
200210cc  ti_sysbios_knl_Mailbox_Instance_State_freeSem__O                   
200210d0  ti_sysbios_knl_Mailbox_Object__count__C                            
200210d4  ti_sysbios_knl_Mailbox_maxTypeAlign__C                             
200210d8  ti_sysbios_knl_Semaphore_Instance_State_pendQ__O                   
200210dc  ti_sysbios_knl_Swi_Object__count__C                                
200210e0  ti_sysbios_knl_Task_E_spOutOfBounds__C                             
200210e4  ti_sysbios_knl_Task_E_stackOverflow__C                             
200210e8  ti_sysbios_knl_Task_Module_State_inactiveQ__O                      
200210ec  ti_sysbios_knl_Task_Object__count__C                               
200210f0  ti_sysbios_knl_Task_allBlockedFunc__C                              
200210f4  ti_sysbios_knl_Task_defaultStackHeap__C                            
200210f8  ti_sysbios_knl_Task_defaultStackSize__C                            
200210fc  ti_sysbios_knl_Task_numConstructedTasks__C                         
20021100  wiFiCC3200HWAttrs                                                  
20021104  xdc_runtime_Assert_E_assertFailed__C                               
20021108  xdc_runtime_Core_A_initializedParams__C                            
2002110c  xdc_runtime_Core_Module__diagsEnabled__C                           
20021110  xdc_runtime_Core_Module__diagsIncluded__C                          
20021114  xdc_runtime_Core_Module__diagsMask__C                              
20021118  xdc_runtime_Error_E_memory__C                                      
2002111c  xdc_runtime_Error_Module__diagsEnabled__C                          
20021120  xdc_runtime_Error_Module__diagsIncluded__C                         
20021124  xdc_runtime_Error_Module__diagsMask__C                             
20021128  xdc_runtime_Error_Module__loggerFxn8__C                            
2002112c  xdc_runtime_Error_Module__loggerObj__C                             
20021130  xdc_runtime_Error_policyFxn__C                                     
20021134  xdc_runtime_Error_raiseHook__C                                     
20021138  xdc_runtime_IGateProvider_Interface__BASE__C                       
2002113c  xdc_runtime_IHeap_Interface__BASE__C                               
20021140  xdc_runtime_IModule_Interface__BASE__C                             
20021144  xdc_runtime_Log_L_error__C                                         
20021148  xdc_runtime_Main_Module__diagsEnabled__C                           
2002114c  xdc_runtime_Main_Module__diagsIncluded__C                          
20021150  xdc_runtime_Main_Module__diagsMask__C                              
20021154  xdc_runtime_Main_Module__loggerFxn2__C                             
20021158  xdc_runtime_Main_Module__loggerFxn4__C                             
2002115c  xdc_runtime_Main_Module__loggerObj__C                              
20021160  xdc_runtime_Memory_defaultHeapInstance__C                          
20021164  xdc_runtime_Startup_execImpl__C                                    
20021168  xdc_runtime_Startup_maxPasses__C                                   
2002116c  xdc_runtime_Startup_sfxnRts__C                                     
20021170  xdc_runtime_Startup_sfxnTab__C                                     
20021174  xdc_runtime_SysCallback_abortFxn__C                                
20021178  xdc_runtime_SysCallback_exitFxn__C                                 
2002117c  xdc_runtime_SysCallback_flushFxn__C                                
20021180  xdc_runtime_SysCallback_putchFxn__C                                
20021184  xdc_runtime_SysCallback_readyFxn__C                                
20021188  xdc_runtime_System_Module__gateObj__C                              
2002118c  xdc_runtime_System_abortFxn__C                                     
20021190  xdc_runtime_System_exitFxn__C                                      
20021194  xdc_runtime_System_extendFxn__C                                    
20021198  xdc_runtime_System_maxAtexitHandlers__C                            
2002119c  xdc_runtime_Text_charTab__C                                        
200211a0  xdc_runtime_Text_nameEmpty__C                                      
200211a4  xdc_runtime_Text_nameStatic__C                                     
200211a8  xdc_runtime_Text_nameUnknown__C                                    
200211ac  xdc_runtime_Text_visitRopeFxn__C                                   
200211b0  xdc_runtime_Error_maxDepth__C                                      
200211b2  xdc_runtime_Main_Module__id__C                                     
200211b4  xdc_runtime_Main_Module__loggerDefined__C                          
200211b6  xdc_runtime_Memory_Module__id__C                                   
200211b8  xdc_runtime_Text_charCnt__C                                        
200211ba  xdc_runtime_Text_isLoaded__C                                       
200211bc  xdc_runtime_Text_registryModsLastId__C                             
200211be  xdc_runtime_Text_unnamedModsLastId__C                              
200211c0  xdc_runtime_Error_policy__C                                        
200211c1  xdc_runtime_Text_charTab__A                                        
200211c4  HostAddress                                                        
200212c4  _ftable                                                            
20021484  ti_sysbios_knl_Swi_Module_State_0_readyQ__A                        
20021504  PowerCC3200_module                                                 
20021558  ti_sysbios_knl_Task_Object__table__V                               
200215a4  ti_sysbios_knl_Task_Module__state__V                               
200215e8  ti_sysbios_gates_GateMutex_Object__table__V                        
20021620  ti_sysbios_family_arm_m3_Hwi_Module__state__V                      
20021684  ti_sysbios_family_arm_m3_Timer_Object__table__V                    
200216b4  ti_sysbios_knl_Swi_Object__table__V                                
200216e4  port                                                               
200216e8  publishCount                                                       
200216ec  mVperAmp                                                           
200216f0  Voltage                                                            
200216f4  VRMS                                                               
200216f8  a_value                                                            
200216fc  AmpsRMS                                                            
20021700  readValue                                                          
20021704  diff                                                               
20021708  RMS                                                                
2002170c  uiIndex                                                            
20021710  ti_sysbios_knl_Clock_Module__state__V                              
2002173c  gpioPinConfigs                                                     
20021784  ti_sysbios_BIOS_Module__state__V                                   
200217a8  ti_sysbios_knl_Task_Module_State_0_readyQ__A                       
200217c8  ti_sysbios_knl_Swi_Module__state__V                                
200217e4  g_H2NSyncPattern                                                   
200217ec  g_H2NCnysPattern                                                   
200217f4  g_pCB                                                              
200217f8  pPingCallBackFunc                                                  
200217fc  gFirstCmdMode                                                      
200217fe  ti_sysbios_family_arm_m3_Hwi_Module_State_0_excActive__A           
20021800  ti_sysbios_family_arm_m3_Hwi_Object__table__V                      
20021818  ti_sysbios_heaps_HeapMem_Object__table__V                          
20021830  _tz                                                                
20021850  __TI_ft_end                                                        
20021854  __aeabi_stdin                                                      
20021858  __aeabi_stdout                                                     
2002185c  __aeabi_stderr                                                     
20021860  NTP_HOSTNAME                                                       
2002186e  xdc_runtime_Error_Module__state__V                                 
20021870  __TI_cleanup_ptr                                                   
20021874  __TI_dtors_ptr                                                     
20021878  __TI_enable_exit_profile_output                                    
2002187c  ti_sysbios_family_arm_m3_Timer_Module__state__V                    
20021888  _lock                                                              
2002188c  _unlock                                                            
200218a0  gpioCallbackFunctions                                              
200218b0  ti_sysbios_family_arm_cc32xx_Seconds_Module__state__V              
200218b8  ti_sysbios_family_arm_m3_Hwi_Module__root__V                       
200218c0  ti_sysbios_gates_GateHwi_Module__root__V                           
200218c8  ti_sysbios_gates_GateMutex_Module__root__V                         
200218d0  ti_sysbios_heaps_HeapMem_Module__root__V                           
200218d8  ti_sysbios_knl_Clock_Module__root__V                               
200218e0  ti_sysbios_knl_Event_Module__root__V                               
200218e8  ti_sysbios_knl_Mailbox_Module__root__V                             
200218f0  ti_sysbios_knl_Queue_Module__root__V                               
200218f8  ti_sysbios_knl_Semaphore_Module__root__V                           
20021900  ti_sysbios_knl_Task_Module__root__V                                
20021908  xdc_runtime_Registry_Module__state__V                              
20021910  xdc_runtime_Startup_Module__state__V                               
20021918  xdc_runtime_System_Module_State_0_atexitHandlers__A                
20021920  xdc_runtime_System_Module__state__V                                
2002193c  errno                                                              
20021944  main_func_sp                                                       
2002194c  ti_sysbios_family_arm_m3_Hwi_Module_State_0_excContext__A          
20021950  ti_sysbios_family_arm_m3_Hwi_Module_State_0_excStack__A            
20021954  ti_sysbios_gates_GateHwi_Object__table__V                          
20021958  ti_sysbios_knl_Task_Module_State_0_idleTask__A                     
2002195c  xdc_runtime_Memory_Module__state__V                                
20021960  __stack                                                            
20021d60  __STACK_END                                                        
20021d60  g_pfnVectors                                                       
20022160  __TI_static_base__                                                 
200223d8  __TI_Handler_Table_Base                                            
200223e4  __TI_Handler_Table_Limit                                           
200223f0  __TI_CINIT_Base                                                    
20022400  __TI_CINIT_Limit                                                   
e000e000  ti_sysbios_family_arm_m3_Hwi_nvic                                  
ffffffff  __TI_pprof_out_hndl                                                
ffffffff  __TI_prof_data_size                                                
ffffffff  __TI_prof_data_start                                               
ffffffff  __binit__                                                          
ffffffff  __c_args__                                                         
ffffffff  binit                                                              
UNDEFED   SHT$$INIT_ARRAY$$Base                                              
UNDEFED   SHT$$INIT_ARRAY$$Limit                                             

[1132 symbols]
