******************************************************************************
                  TI ARM Linker PC v16.9.1                     
******************************************************************************
>> Linked Wed Sep 06 12:50:42 2017

OUTPUT FILE NAME:   <AWS_Publish_Subscribe.out>
ENTRY POINT SYMBOL: "_c_int00"  address: 2001318d


MEMORY CONFIGURATION

         name            origin    length      used     unused   attr    fill
----------------------  --------  ---------  --------  --------  ----  --------
  SRAM                  20004000   0003c000  0001e157  0001dea9  RW X


SEGMENT ALLOCATION MAP

run origin  load origin   length   init length attrs members
----------  ----------- ---------- ----------- ----- -------
20004000    20004000    00012ba0   00012ba0    r-x
  20004000    20004000    0000030c   0000030c    r-- .resetVecs
  20004310    20004310    000125e2   000125e2    r-x .text
  200168f8    200168f8    000002a8   000002a8    r-- .cinit
20016c00    20016c00    00009549   00000000    rw-
  20016c00    20016c00    00009549   00000000    rw- .bss
2002014c    2002014c    000010e4   000010e4    r--
  2002014c    2002014c    000010e4   000010e4    r-- .const
20021230    20021230    00000b94   00000000    rw-
  20021230    20021230    00000794   00000000    rw- .data
  200219c4    200219c4    00000400   00000000    rw- .stack
20021dc4    20021dc4    00000400   00000400    r--
  20021dc4    20021dc4    00000400   00000400    r-- .intvecs


SECTION ALLOCATION MAP

 output                                  attributes/
section   page    origin      length       input sections
--------  ----  ----------  ----------   ----------------
.text      0    20004310    000125e2     
                  20004310    00001122     rtsv7M4_T_le_eabi.lib : _printfi.obj (.text)
                  20005432    00000002     startupccs.obj (.text:BusFaultHandler)
                  20005434    00000588     subscribe_publish_sample.obj (.text:runAWSClient)
                  200059bc    00000004     tirtosport.aem4 : ClockP_tirtos.oem4 (.text:ClockP_getCpuFreq)
                  200059c0    00000430     sysbios.aem4 : BIOS.obj (.text:ti_sysbios_family_arm_m3_Hwi_excDumpRegs__I)
                  20005df0    000003d0     sntp_sl.aem4 : sntp.oem4 (.text:syncTime)
                  200061c0    0000039a     cc3x00_host_driver.aem4 : driver.oem4 (.text:_SlDrvMsgRead)
                  2000655a    00000002     startupccs.obj (.text:FaultISR)
                  2000655c    00000388     sntp_sl.aem4 : sntp.oem4 (.text:SNTP_start)
                  200068e4    0000034c     ti.targets.arm.rtsarm.aem4 : System.oem4 (.text:xdc_runtime_System_doPrint__I)
                  20006c30    0000033c     rtsv7M4_T_le_eabi.lib : strftime.obj (.text)
                  20006f6c    00000324                           : trgdrv.obj (.text)
                  20007290    0000030c                           : lowlev.obj (.text)
                  2000759c    000002a0                           : mktime.obj (.text)
                  2000783c    0000021e                           : ll_div_t2.obj (.text)
                  20007a5a    00000002     startupccs.obj (.text:IntDefaultHandler)
                  20007a5c    00000208     drivers_cc32xxware.aem4 : UARTCC3200.oem4 (.text:UARTCC3200_open)
                  20007c64    00000004     tirtosport.aem4 : HwiP_tirtos.oem4 (.text:HwiP_clearInterrupt)
                  20007c68    000001fc     sysbios.aem4 : BIOS.obj (.text:ti_sysbios_family_arm_m3_Hwi_excHandlerMax__I)
                  20007e64    000001f4     rtsv7M4_T_le_eabi.lib : ull_div_t2.obj (.text)
                  20008058    000001f0     aws_iot_mqtt_client_connect.obj (.text:_aws_iot_mqtt_serialize_connect)
                  20008248    000001ec     subscribe_publish_sample.obj (.text:getVPP)
                  20008434    000001ce     aws_iot_mqtt_client_common_internal.obj (.text:aws_iot_mqtt_internal_init_header)
                  20008602    00000002     startupccs.obj (.text:NmiSR)
                  20008604    000001c4     rtsv7M4_T_le_eabi.lib : fopen.obj (.text)
                  200087c8    000001b6                           : fd_add_t2.obj (.text)
                  2000897e    00000002     drivers_cc32xxware.aem4 : SPICC3200DMA.oem4 (.text:SPICC3200DMA_serviceISR)
                  20008980    000001b0     netwifi.obj (.text:NetWiFi_init)
                  20008b30    000001a8     subscribe_publish_sample.obj (.text:disconnectCallbackHandler)
                  20008cd8    000001a8     cc3x00_host_driver.aem4 : wlan.oem4 (.text:sl_WlanConnect)
                  20008e80    000001a4     startsntp.obj (.text:startNTP)
                  20009024    00000196     aws_iot_shadow_json.obj (.text:convertDataToString)
                  200091ba    00000002     drivers_cc32xxware.aem4 : SPICC3200DMA.oem4 (.text:SPICC3200DMA_transferCancel)
                  200091bc    00000188     power_cc3200_tirtos.aem4 : PowerCC3200_tirtos.oem4 (.text:PowerCC3200_sleepPolicy)
                  20009344    00000183     aws_iot_shadow_json.obj (.text:aws_iot_shadow_add_reported)
                  200094c7    00000001     --HOLE-- [fill = 0]
                  200094c8    0000017c     drivers_cc32xxware.aem4 : GPIOCC3200.oem4 (.text:GPIO_setConfig)
                  20009644    00000004     tirtosport.aem4 : HwiP_tirtos.oem4 (.text:HwiP_disable)
                  20009648    00000174     sysbios.aem4 : BIOS.obj (.text:ti_sysbios_family_arm_m3_Hwi_excBusFault__I)
                  200097bc    00000170     rom_pin_mux_config.obj (.text:PinMuxConfig)
                  2000992c    00000170     rtsv7M4_T_le_eabi.lib : e_sqrt.obj (.text)
                  20009a9c    00000004     drivers_cc32xxware.aem4 : List.oem4 (.text:List_head)
                  20009aa0    00000164     sysbios.aem4 : BIOS.obj (.text:ti_sysbios_family_arm_m3_Hwi_excUsageFault__I)
                  20009c04    00000004     drivers_cc32xxware.aem4 : List.oem4 (.text:List_next)
                  20009c08    00000158     sysbios.aem4 : BIOS.obj (.text:ti_sysbios_knl_Semaphore_pend__E)
                  20009d60    00000154     drivers_cc32xxware.aem4 : SPICC3200DMA.oem4 (.text:SPICC3200DMA_transfer)
                  20009eb4    00000154     aws_iot_mqtt_client_common_internal.obj (.text:_aws_iot_mqtt_internal_read_packet)
                  2000a008    00000150     cc3x00_host_driver.aem4 : driver.oem4 (.text:_SlDrvRxHdrRead)
                  2000a158    00000150     aws_iot_mqtt_client.obj (.text:aws_iot_mqtt_init)
                  2000a2a8    00000150     sysbios.aem4 : BIOS.obj (.text:ti_sysbios_knl_Event_pend__E)
                  2000a3f8    00000148                  : BIOS.obj (.text:ti_sysbios_family_arm_m3_Hwi_excMemFault__I)
                  2000a540    00000142     aws_iot_mqtt_client_subscribe.obj (.text:_aws_iot_mqtt_internal_subscribe)
                  2000a682    00000002     rtsv7M4_T_le_eabi.lib : i_div0.obj (.text)
                  2000a684    0000013c     netwifi.obj (.text:setStationMode)
                  2000a7c0    00000138     rtsv7M4_T_le_eabi.lib : localtim.obj (.text)
                  2000a8f8    00000136                           : fd_div_t2.obj (.text)
                  2000aa2e    00000002                           : l_div0.obj (.text)
                  2000aa30    00000134     driverlib.a : prcm.obj (.text:PRCMCC3200MCUInit)
                  2000ab64    00000134     rtsv7M4_T_le_eabi.lib : fputs.obj (.text)
                  2000ac98    00000130     aws_iot_mqtt_client_connect.obj (.text:_aws_iot_mqtt_deserialize_connack)
                  2000adc8    0000012a     network_sl.obj (.text:iot_tls_connect)
                  2000aef2    00000002     subscribe_publish_sample_pem4.oem4 (.text:ti_sysbios_BIOS_nullFunc__I)
                  2000aef4    00000124     drivers_cc32xxware.aem4 : SPICC3200DMA.oem4 (.text:SPICC3200DMA_open)
                  2000b018    00000120     aws_iot_mqtt_client_connect.obj (.text:_aws_iot_mqtt_internal_connect)
                  2000b138    00000118     cc3x00_host_driver.aem4 : driver.oem4 (.text:_SlDrvMsgWrite)
                  2000b250    00000118     ti.targets.arm.rtsarm.aem4 : Error.oem4 (.text:xdc_runtime_Error_policyDefault__E)
                  2000b368    00000112     aws_iot_mqtt_client_subscribe.obj (.text:_aws_iot_mqtt_internal_resubscribe)
                  2000b47a    00000002     subscribe_publish_sample_pem4.oem4 (.text:xdc_runtime_Startup_reset__I)
                  2000b47c    00000104     subscribe_publish_sample.obj (.text:MQTTcallbackHandler)
                  2000b580    00000104     UARTUtils.obj (.text:openHandle)
                  2000b684    00000100     aws_iot_mqtt_client_subscribe.obj (.text:_aws_iot_mqtt_serialize_subscribe)
                  2000b784    00000100     aws_iot_mqtt_client_publish.obj (.text:aws_iot_mqtt_internal_deserialize_publish)
                  2000b884    00000100     ti.targets.arm.rtsarm.aem4 : Core-mem.oem4 (.text:xdc_runtime_Core_createObject__I)
                  2000b984    000000fc     rtsv7M4_T_le_eabi.lib : fd_mul_t2.obj (.text)
                  2000ba80    000000f8     ti.targets.arm.rtsarm.aem4 : Startup.oem4 (.text:xdc_runtime_Startup_startMods__I)
                  2000bb78    000000f8     subscribe_publish_sample_pem4.oem4 (.text:xdc_runtime_System_printfExtend__I)
                  2000bc70    000000f0     driverlib.a : udma.obj (.text:uDMAChannelTransferSet)
                  2000bd60    000000ec     cc3x00_host_driver.aem4 : driver.oem4 (.text:_SlDrvDriverCBInit)
                  2000be4c    000000ec     aws_iot_mqtt_client_subscribe.obj (.text:_aws_iot_mqtt_deserialize_suback)
                  2000bf38    000000ea     aws_iot_mqtt_client_common_internal.obj (.text:_aws_iot_mqtt_internal_deliver_message)
                  2000c022    000000ea     aws_iot_mqtt_client_publish.obj (.text:_aws_iot_mqtt_internal_publish)
                  2000c10c    000000e0     cc3x00_host_driver.aem4 : driver.oem4 (.text:_SlDrvDataReadOp)
                  2000c1ec    000000e0     aws_iot_mqtt_client_publish.obj (.text:_aws_iot_mqtt_internal_serialize_publish)
                  2000c2cc    000000dc     network_sl.aem4 : tls_sl.oem4 (.text:TLS_create)
                  2000c3a8    000000dc     aws_iot_mqtt_client_yield.obj (.text:_aws_iot_mqtt_internal_yield)
                  2000c484    000000dc     rtsv7M4_T_le_eabi.lib : setvbuf.obj (.text)
                  2000c560    000000d8     drivers_cc32xxware.aem4 : SPICC3200DMA.oem4 (.text:configDMA)
                  2000c638    000000d4     cc3x00_host_driver.aem4 : socket.oem4 (.text:sl_Select)
                  2000c70c    00000004     network_sl.aem4 : ssock.oem4 (.text:Ssock_getSocket)
                  2000c710    000000d4     sysbios.aem4 : BIOS.obj (.text:ti_sysbios_knl_Mailbox_Instance_init__E)
                  2000c7e4    000000d0     cc3x00_host_driver.aem4 : driver.oem4 (.text:_SlDrvWaitForPoolObj)
                  2000c8b4    000000d0     timer.obj (.text:countdown_ms)
                  2000c984    000000d0     drivers_cc32xxware.aem4 : GPIOCC3200.oem4 (.text:powerNotifyFxn)
                  2000ca54    000000d0     rtsv7M4_T_le_eabi.lib : s_scalbn.obj (.text)
                  2000cb24    000000d0     sysbios.aem4 : m3_Hwi_asm.obj (.text:ti_sysbios_family_arm_m3_Hwi_dispatch__I)
                  2000cbf4    00000004     drivers_wifi_cc32xxware.aem4 : osi_tirtos.oem4 (.text:mem_Malloc)
                  2000cbf8    000000cc     sysbios.aem4 : BIOS.obj (.text:ti_sysbios_heaps_HeapMem_alloc__E)
                  2000ccc4    00000004     subscribe_publish_sample_pem4.oem4 (.text:ti_sysbios_BIOS_RtsGateProxy_enter__E)
                  2000ccc8    000000cc     sysbios.aem4 : BIOS.obj (.text:ti_sysbios_knl_Task_Instance_init__E)
                  2000cd94    000000cc     ti.targets.arm.rtsarm.aem4 : Core-smem.oem4 (.text:xdc_runtime_Core_constructObject__I)
                  2000ce60    000000c8     cc3x00_host_driver.aem4 : driver.oem4 (.text:_SlDrvReleasePoolObj)
                  2000cf28    000000c8     aws_iot_mqtt_client_common_internal.obj (.text:_aws_iot_mqtt_internal_handle_publish)
                  2000cff0    000000c8     timer.obj (.text:countdown_sec)
                  2000d0b8    000000c8     rtsv7M4_T_le_eabi.lib : fflush.obj (.text)
                  2000d180    000000c8     sysbios.aem4 : BIOS.obj (.text:ti_sysbios_knl_Task_sleep__E)
                  2000d248    000000c2     aws_iot_mqtt_client_common_internal.obj (.text:_aws_iot_mqtt_internal_is_topic_matched)
                  2000d30a    000000c0     network_sl.aem4 : ssock_sl.oem4 (.text:Ssock_startTLS)
                  2000d3ca    00000002     ti.targets.arm.rtsarm.aem4 : SysCallback.oem4 (.text:xdc_runtime_SysCallback_defaultExit)
                  2000d3cc    000000c0     aws_iot_mqtt_client_publish.obj (.text:aws_iot_mqtt_internal_deserialize_ack)
                  2000d48c    000000c0     aws_iot_mqtt_client.obj (.text:aws_iot_mqtt_set_connect_params)
                  2000d54c    000000c0     main.obj (.text:slTask)
                  2000d60c    000000bc     network_sl.aem4 : tls_sl.oem4 (.text:createTLSContext)
                  2000d6c8    000000bc     sysbios.aem4 : BIOS.obj (.text:ti_sysbios_family_arm_m3_Hwi_excDebugMon__I)
                  2000d784    00000004     subscribe_publish_sample_pem4.oem4 (.text:ti_sysbios_BIOS_RtsGateProxy_leave__E)
                  2000d788    000000bc     sysbios.aem4 : BIOS.obj (.text:ti_sysbios_family_arm_m3_Hwi_excHardFault__I)
                  2000d844    00000004     subscribe_publish_sample_pem4.oem4 (.text:ti_sysbios_family_arm_m3_Hwi_destruct)
                  2000d848    000000bc     sysbios.aem4 : BIOS.obj (.text:ti_sysbios_knl_Task_Instance_finalize__E)
                  2000d904    000000b8     aws_iot_mqtt_client.obj (.text:aws_iot_mqtt_is_client_connected)
                  2000d9bc    000000b8     cc3x00_host_driver.aem4 : netapp.oem4 (.text:sl_NetAppDnsGetHostByName)
                  2000da74    000000b6     network_sl.aem4 : ssock.oem4 (.text:Ssock_send)
                  2000db2a    000000b6     aws_iot_mqtt_client_subscribe.obj (.text:aws_iot_mqtt_subscribe)
                  2000dbe0    000000b4     cc3x00_host_driver.aem4 : netapp.oem4 (.text:_SlDrvNetAppEventHandler)
                  2000dc94    000000b4     aws_iot_mqtt_client_yield.obj (.text:_aws_iot_mqtt_keep_alive)
                  2000dd48    000000b4     sysbios.aem4 : BIOS.obj (.text:ti_sysbios_knl_Task_checkStacks__E)
                  2000ddfc    000000b0     aws_iot_mqtt_client_publish.obj (.text:aws_iot_mqtt_publish)
                  2000deac    000000b0     cc3x00_host_driver.aem4 : socket.oem4 (.text:sl_Connect)
                  2000df5c    000000ae     aws_iot_mqtt_client_yield.obj (.text:aws_iot_mqtt_yield)
                  2000e00a    00000002     ti.targets.arm.rtsarm.aem4 : SysCallback.oem4 (.text:xdc_runtime_SysCallback_defaultFlush)
                  2000e00c    000000ac     cc3x00_host_driver.aem4 : driver.oem4 (.text:_SlDrvDataWriteOp)
                  2000e0b8    000000ac     rtsv7M4_T_le_eabi.lib : _io_perm.obj (.text)
                  2000e164    000000aa     network_sl.aem4 : certconv.oem4 (.text:CertConv_pem2der)
                  2000e20e    00000002     --HOLE-- [fill = 0]
                  2000e210    000000a8     driverlib.a : interrupt.obj (.text:IntEnable)
                  2000e2b8    000000a6     network_sl.obj (.text:iot_tls_read)
                  2000e35e    00000002     --HOLE-- [fill = 0]
                  2000e360    000000a4     aws_iot_mqtt_client_publish.obj (.text:aws_iot_mqtt_internal_serialize_ack)
                  2000e404    000000a4     rtsv7M4_T_le_eabi.lib : asctime.obj (.text)
                  2000e4a8    000000a4     cc3x00_host_driver.aem4 : socket.oem4 (.text:sl_Send)
                  2000e54c    000000a2     drivers_cc32xxware.aem4 : UARTCC3200.oem4 (.text:UARTCC3200_write)
                  2000e5ee    00000002     --HOLE-- [fill = 0]
                  2000e5f0    000000a0     driverlib.a : spi.obj (.text:SPIConfigSetExpClk)
                  2000e690    000000a0     auto_init.aem4 : auto_init.oem4 (.text)
                  2000e730    000000a0     ti.targets.arm.rtsarm.aem4 : Text.oem4 (.text:xdc_runtime_Text_putMod__E)
                  2000e7d0    0000009e     drivers_cc32xxware.aem4 : UARTCC3200.oem4 (.text:readTaskBlocking)
                  2000e86e    0000009c     rtsv7M4_T_le_eabi.lib : memcpy_t2.obj (.text)
                  2000e90a    00000006     startupccs.obj (.text:ResetISR)
                  2000e910    0000009c     sysbios.aem4 : BIOS.obj (.text:ti_sysbios_knl_Task_postInit__I)
                  2000e9ac    0000009a     ti.targets.arm.rtsarm.aem4 : Text.oem4 (.text:xdc_runtime_Text_putSite__E)
                  2000ea46    00000098     drivers_cc32xxware.aem4 : UARTCC3200.oem4 (.text:UARTCC3200_control)
                  2000eade    00000098                             : UARTCC3200.oem4 (.text:UARTCC3200_readPolling)
                  2000eb76    00000002     --HOLE-- [fill = 0]
                  2000eb78    00000098     cc3x00_host_driver.aem4 : driver.oem4 (.text:_SlDrvMsgReadCmdCtx)
                  2000ec10    00000098     aws_iot_mqtt_client_common_internal.obj (.text:aws_iot_mqtt_internal_cycle_read)
                  2000eca8    00000098     rtsv7M4_T_le_eabi.lib : fclose.obj (.text)
                  2000ed40    00000098                           : fputc.obj (.text)
                  2000edd8    00000098     cc3x00_host_driver.aem4 : device.oem4 (.text:sl_Stop)
                  2000ee70    00000096     aws_iot_mqtt_client_yield.obj (.text:_aws_iot_mqtt_handle_reconnect)
                  2000ef06    00000002     --HOLE-- [fill = 0]
                  2000ef08    00000094     driverlib.a : prcm.obj (.text:PRCMPeripheralClockGet)
                  2000ef9c    00000094     cc3x00_host_driver.aem4 : driver.oem4 (.text:_SlFindAndSetActiveObj)
                  2000f030    00000094     drivers_cc32xxware.aem4 : SPICC3200DMA.oem4 (.text:initHw)
                  2000f0c4    00000094     rtsv7M4_T_le_eabi.lib : snprintf.obj (.text)
                  2000f158    00000094     sysbios.aem4 : BIOS.obj (.text:ti_sysbios_family_arm_m3_Hwi_Instance_init__E)
                  2000f1ec    00000092     rtsv7M4_T_le_eabi.lib : fs_div_t2.obj (.text)
                  2000f27e    00000002     --HOLE-- [fill = 0]
                  2000f280    00000090     cc3x00_host_driver.aem4 : driver.oem4 (.text:_SlDrvDriverCBDeinit)
                  2000f310    00000090     drivers_cc32xxware.aem4 : PowerCC3200.oem4 (.text:restoreNVICRegs)
                  2000f3a0    00000090     cc3x00_host_driver.aem4 : device.oem4 (.text:sl_Start)
                  2000f430    0000008c     UARTUtils.obj (.text:UARTUtils_systemInit)
                  2000f4bc    0000008c     aws_iot_mqtt_client_connect.obj (.text:_aws_iot_mqtt_internal_disconnect)
                  2000f548    0000008c     sysbios.aem4 : BIOS.obj (.text:ti_sysbios_knl_Event_post__E)
                  2000f5d4    0000008a     aws_iot_mqtt_client_common_internal.obj (.text:aws_iot_mqtt_internal_send_packet)
                  2000f65e    0000008a     drivers_cc32xxware.aem4 : UARTCC3200.oem4 (.text:readIsrTextBlocking)
                  2000f6e8    00000088     driverlib.a : pin.obj (.text:PinConfigSet)
                  2000f770    00000088     drivers_cc32xxware.aem4 : UARTCC3200.oem4 (.text:UARTCC3200_close)
                  2000f7f8    00000088     cc3x00_host_driver.aem4 : fs.oem4 (.text:sl_FsWrite)
                  2000f880    00000088     drivers_cc32xxware.aem4 : SPICC3200DMA.oem4 (.text:spiHwiFxn)
                  2000f908    00000088     sysbios.aem4 : BIOS.obj (.text:ti_sysbios_family_arm_m3_Hwi_initNVIC__E)
                  2000f990    00000088                  : BIOS.obj (.text:ti_sysbios_knl_Mailbox_post__E)
                  2000fa18    00000086     rtsv7M4_T_le_eabi.lib : fd_cmp_t2.obj (.text:__aeabi_cdcmple)
                  2000fa9e    00000086                           : fd_cmp_t2.obj (.text:__aeabi_cdrcmple)
                  2000fb24    00000084     drivers_cc32xxware.aem4 : GPIOCC3200.oem4 (.text:GPIO_init)
                  2000fba8    00000084     aws_iot_mqtt_client_connect.obj (.text:aws_iot_mqtt_connect)
                  2000fc2c    00000084     aws_iot_mqtt_client_common_internal.obj (.text:aws_iot_mqtt_internal_serialize_zero)
                  2000fcb0    00000084     network_sl.obj (.text:iot_tls_init)
                  2000fd34    00000084     drivers_cc32xxware.aem4 : PowerCC3200.oem4 (.text:saveNVICRegs)
                  2000fdb8    00000084     sysbios.aem4 : BIOS.obj (.text:ti_sysbios_family_arm_m3_Hwi_postInit__I)
                  2000fe3c    00000082     driverlib.a : gpio.obj (.text:GPIOIntTypeSet)
                  2000febe    00000082     aws_iot_mqtt_client_common_internal.obj (.text:aws_iot_mqtt_internal_wait_for_read)
                  2000ff40    00000082     drivers_cc32xxware.aem4 : UARTCC3200.oem4 (.text:readIsrTextCallback)
                  2000ffc2    00000002     --HOLE-- [fill = 0]
                  2000ffc4    00000080     drivers_wifi_cc32xxware.aem4 : WiFiCC3200.oem4 (.text:WiFiCC3200_open)
                  20010044    00000080     aws_iot_mqtt_client_connect.obj (.text:_aws_iot_mqtt_is_client_state_valid_for_connect)
                  200100c4    0000007c     driverlib.a : spi.obj (.text:SPIIntStatus)
                  20010140    0000007c     aws_iot_mqtt_client_common_internal.obj (.text:_aws_iot_mqtt_internal_decode_packet_remaining_len)
                  200101bc    0000007c     cc3x00_host_driver.aem4 : netcfg.oem4 (.text:sl_NetCfgGet)
                  20010238    0000007c     sysbios.aem4 : BIOS.obj (.text:ti_sysbios_heaps_HeapMem_free__E)
                  200102b4    0000007a     drivers_cc32xxware.aem4 : UARTCC3200.oem4 (.text:readTaskCallback)
                  2001032e    0000007a     rtsv7M4_T_le_eabi.lib : fs_mul_t2.obj (.text)
                  200103a8    0000007a                           : memset_t2.obj (.text)
                  20010422    00000002     --HOLE-- [fill = 0]
                  20010424    00000078     drivers_wifi_cc32xxware.aem4 : osi_tirtos.oem4 (.text:VStartSimpleLinkSpawnTask)
                  2001049c    00000078     aws_iot_mqtt_client_subscribe.obj (.text:aws_iot_mqtt_resubscribe)
                  20010514    00000076     driverlib.a : uart.obj (.text:UARTConfigSetExpClk)
                  2001058a    00000002     --HOLE-- [fill = 0]
                  2001058c    00000074     cc3x00_host_driver.aem4 : driver.oem4 (.text:_SlDrvClassifyRxMsg)
                  20010600    00000074     main.obj (.text:main)
                  20010674    00000004     subscribe_publish_sample_pem4.oem4 (.text:ti_sysbios_family_arm_m3_TaskSupport_Module__startupDone__S)
                  20010678    00000074     sysbios.aem4 : BIOS.obj (.text:ti_sysbios_knl_Mailbox_pend__E)
                  200106ec    00000071     network_sl.aem4 : tls_sl.oem4 (.text:getDirPath)
                  2001075d    00000003     --HOLE-- [fill = 0]
                  20010760    00000070     drivers_cc32xxware.aem4 : PowerCC3200.oem4 (.text:Power_sleep)
                  200107d0    00000070     cc3x00_host_driver.aem4 : driver.oem4 (.text:_SlDrvCmdOp)
                  20010840    00000070     rtsv7M4_T_le_eabi.lib : printf.obj (.text)
                  200108b0    00000070     cc3x00_host_driver.aem4 : fs.oem4 (.text:sl_FsClose)
                  20010920    00000070                             : wlan.oem4 (.text:sl_WlanSmartConfigStart)
                  20010990    00000070     sysbios.aem4 : BIOS.obj (.text:ti_sysbios_knl_Mailbox_Instance_finalize__E)
                  20010a00    00000070                  : BIOS.obj (.text:ti_sysbios_knl_Semaphore_post__E)
                  20010a70    00000070                  : BIOS.obj (.text:ti_sysbios_knl_Task_exit__E)
                  20010ae0    0000006e     rtsv7M4_T_le_eabi.lib : fd_tos_t2.obj (.text)
                  20010b4e    00000002     --HOLE-- [fill = 0]
                  20010b50    0000006d     ti.targets.arm.rtsarm.aem4 : System.oem4 (.text:xdc_runtime_System_formatNum__I)
                  20010bbd    00000003     --HOLE-- [fill = 0]
                  20010bc0    0000006c     cc3x00_host_driver.aem4 : driver.oem4 (.text:_SlDrvMsgReadSpawnCtx)
                  20010c2c    0000006c     drivers_cc32xxware.aem4 : UARTCC3200.oem4 (.text:initHw)
                  20010c98    0000006c     sysbios.aem4 : BIOS.obj (.text:ti_sysbios_family_arm_cc32xx_Seconds_getCount__I)
                  20010d04    00000004     subscribe_publish_sample_pem4.oem4 (.text:ti_sysbios_heaps_HeapMem_Module_GateProxy_enter__E)
                  20010d08    0000006c     sysbios.aem4 : BIOS.obj (.text:ti_sysbios_knl_Clock_workFunc__E)
                  20010d74    00000004     subscribe_publish_sample_pem4.oem4 (.text:ti_sysbios_heaps_HeapMem_Module_GateProxy_leave__E)
                  20010d78    0000006c     sysbios.aem4 : BIOS.obj (.text:ti_sysbios_knl_Swi_restoreHwi__E)
                  20010de4    0000006c     ti.targets.arm.rtsarm.aem4 : Error.oem4 (.text:xdc_runtime_Error_print__E)
                  20010e50    0000006c                                : Memory.oem4 (.text:xdc_runtime_Memory_alloc__E)
                  20010ebc    0000006a     sntp_sl.aem4 : sntp.oem4 (.text:socketSetup)
                  20010f26    00000002     --HOLE-- [fill = 0]
                  20010f28    00000068     driverlib.a : prcm.obj (.text:PRCMHibernateWakeUpGPIOSelect)
                  20010f90    00000068     cc3x00_host_driver.aem4 : fs.oem4 (.text:_sl_GetCreateFsMode)
                  20010ff8    00000068     aws_iot_mqtt_client_connect.obj (.text:aws_iot_mqtt_disconnect)
                  20011060    00000068     rtsv7M4_T_le_eabi.lib : copy_decompress_lzss.obj (.text:decompress:lzss)
                  200110c8    00000068                           : trgmsg.obj (.text)
                  20011130    00000068     drivers_wifi_cc32xxware.aem4 : WiFiCC3200.oem4 (.text:spi_Read)
                  20011198    00000068                                  : WiFiCC3200.oem4 (.text:spi_Write)
                  20011200    00000068     drivers_cc32xxware.aem4 : UARTCC3200.oem4 (.text:writeData)
                  20011268    00000066     ti.targets.arm.rtsarm.aem4 : Core-mem.oem4 (.text:xdc_runtime_Core_deleteObject__I)
                  200112ce    00000002     --HOLE-- [fill = 0]
                  200112d0    00000064     drivers_cc32xxware.aem4 : GPIOCC3200.oem4 (.text:GPIO_hwiIntFxn)
                  20011334    00000064     cc3x00_host_driver.aem4 : netapp.oem4 (.text:_sl_HandleAsync_DnsGetHostByName)
                  20011398    00000064     aws_iot_mqtt_client_common_internal.obj (.text:aws_iot_mqtt_internal_decode_remaining_length_from_buffer)
                  200113fc    00000064     rtsv7M4_T_le_eabi.lib : fseek.obj (.text)
                  20011460    00000064     sysbios.aem4 : BIOS.obj (.text:ti_sysbios_family_arm_m3_Hwi_dispatchC__I)
                  200114c4    00000064     subscribe_publish_sample_pem4.oem4 (.text:ti_sysbios_knl_Mailbox_create)
                  20011528    00000064     driverlib.a : udma.obj (.text:uDMAChannelAttributeDisable)
                  2001158c    00000062     tirtosport.aem4 : HwiP_tirtos.oem4 (.text:HwiP_create)
                  200115ee    00000002     --HOLE-- [fill = 0]
                  200115f0    00000060     cc3x00_host_driver.aem4 : netapp.oem4 (.text:_sl_HandleAsync_DnsGetHostByService)
                  20011650    00000060                             : device.oem4 (.text:_sl_HandleAsync_InitComplete)
                  200116b0    00000060                             : netapp.oem4 (.text:_sl_HandleAsync_PingResponse)
                  20011710    00000060     rtsv7M4_T_le_eabi.lib : sprintf.obj (.text)
                  20011770    00000060     sysbios.aem4 : BIOS.obj (.text:ti_sysbios_knl_Task_schedule__I)
                  200117d0    0000005e     aws_iot_mqtt_client_publish.obj (.text:_aws_iot_mqtt_read_string_with_len)
                  2001182e    0000005e     drivers_cc32xxware.aem4 : UARTCC3200.oem4 (.text:readIsrBinaryBlocking)
                  2001188c    0000005e     rtsv7M4_T_le_eabi.lib : i_divt2.obj (.text)
                  200118ea    00000002     --HOLE-- [fill = 0]
                  200118ec    0000005c                           : s_frexp.obj (.text)
                  20011948    0000005c     sysbios.aem4 : BIOS.obj (.text:ti_sysbios_knl_Swi_run__I)
                  200119a4    00000004     subscribe_publish_sample_pem4.oem4 (.text:ti_sysbios_knl_Clock_TimerProxy_getMaxTicks__E)
                  200119a8    0000005c     sysbios.aem4 : BIOS.obj (.text:ti_sysbios_knl_Swi_schedule__I)
                  20011a04    00000004     subscribe_publish_sample_pem4.oem4 (.text:ti_sysbios_knl_Clock_TimerProxy_setPeriodMicroSecs__E)
                  20011a08    0000005c     sysbios.aem4 : BIOS.obj (.text:ti_sysbios_knl_Task_Module_startup__E)
                  20011a64    0000005c     subscribe_publish_sample_pem4.oem4 (.text:ti_sysbios_knl_Task_create)
                  20011ac0    0000005c     sysbios.aem4 : BIOS.obj (.text:ti_sysbios_knl_Task_startCore__E)
                  20011b1c    0000005b     ti.targets.arm.rtsarm.aem4 : Text.oem4 (.text:xdc_runtime_Text_putLab__E)
                  20011b77    00000001     --HOLE-- [fill = 0]
                  20011b78    0000005a     tirtosport.aem4 : ClockP_tirtos.oem4 (.text:ClockP_create)
                  20011bd2    0000005a     drivers_cc32xxware.aem4 : SPICC3200DMA.oem4 (.text:SPICC3200DMA_close)
                  20011c2c    0000005a     aws_iot_mqtt_client_connect.obj (.text:aws_iot_mqtt_attempt_reconnect)
                  20011c86    0000005a     network_sl.obj (.text:iot_tls_write)
                  20011ce0    00000058     driverlib.a : prcm.obj (.text:PRCMPeripheralReset)
                  20011d38    00000058     drivers_cc32xxware.aem4 : PowerCC3200.oem4 (.text:Power_init)
                  20011d90    00000058     tirtosport.aem4 : SemaphoreP_tirtos.oem4 (.text:SemaphoreP_create)
                  20011de8    00000058     cc3x00_host_driver.aem4 : driver.oem4 (.text:_SlDrvCmdSend)
                  20011e40    00000058     aws_iot_mqtt_client_connect.obj (.text:_aws_iot_get_connect_packet_length)
                  20011e98    00000058     cc3x00_host_driver.aem4 : netapp.oem4 (.text:_sl_NetAppSendTokenValue)
                  20011ef0    00000058     aws_iot_mqtt_client.obj (.text:aws_iot_is_autoreconnect_enabled)
                  20011f48    00000058     startsntp.obj (.text:setTime)
                  20011fa0    00000058     subscribe_publish_sample_pem4.oem4 (.text:ti_sysbios_family_arm_m3_Hwi_construct)
                  20011ff8    00000058     netwifi.obj (.text:wlanConnect)
                  20012050    00000054     CC3200_LAUNCHXL.obj (.text:CC3200_LAUNCHXL_initDMA)
                  200120a4    00000054     sntp_sl.aem4 : sntp.oem4 (.text:SNTP_setServers)
                  200120f8    00000054     drivers_cc32xxware.aem4 : UARTCC3200.oem4 (.text:UARTCC3200_writeCancel)
                  2001214c    00000054                             : UARTCC3200.oem4 (.text:readIsrBinaryCallback)
                  200121a0    00000054     rtsv7M4_T_le_eabi.lib : exit.obj (.text)
                  200121f4    00000054                           : ltoa.obj (.text)
                  20012248    00000054     cc3x00_host_driver.aem4 : fs.oem4 (.text:sl_FsOpen)
                  2001229c    00000054                             : socket.oem4 (.text:sl_SetSockOpt)
                  200122f0    00000054     sysbios.aem4 : BIOS.obj (.text:ti_sysbios_family_arm_m3_Timer_start__E)
                  20012344    00000054     ti.targets.arm.rtsarm.aem4 : Assert.oem4 (.text:xdc_runtime_Assert_raise__I)
                  20012398    00000050     drivers_wifi_cc32xxware.aem4 : WiFiCC3200.oem4 (.text:CC3X00_NWP_enablePreamble)
                  200123e8    00000050     drivers_cc32xxware.aem4 : GPIOCC3200.oem4 (.text:GPIO_write)
                  20012438    00000050     cc3x00_host_driver.aem4 : socket.oem4 (.text:_sl_HandleAsync_Connect)
                  20012488    00000050     rtsv7M4_T_le_eabi.lib : _tvaltostr.obj (.text)
                  200124d8    00000050     cc3x00_host_driver.aem4 : device.oem4 (.text:sl_DevSet)
                  20012528    00000050                             : netcfg.oem4 (.text:sl_NetCfgSet)
                  20012578    00000050     sysbios.aem4 : BIOS.obj (.text:ti_sysbios_family_arm_m3_Hwi_Module_startup__E)
                  200125c8    00000050                  : BIOS.obj (.text:ti_sysbios_knl_Clock_Instance_init__E)
                  20012618    00000050     ti.targets.arm.rtsarm.aem4 : Startup.oem4 (.text:xdc_runtime_Startup_exec__E)
                  20012668    0000004d     sntp_sl.aem4 : sntp.oem4 (.text:hasKissCode)
                  200126b5    00000003     --HOLE-- [fill = 0]
                  200126b8    0000004c     drivers_cc32xxware.aem4 : GPIOCC3200.oem4 (.text:GPIO_setCallback)
                  20012704    0000004c     driverlib.a : spi.obj (.text:SPIIntDisable)
                  20012750    0000004c                 : spi.obj (.text:SPIIntEnable)
                  2001279c    0000004c     cc3x00_host_driver.aem4 : device.oem4 (.text:_SlDrvDeviceEventHandler)
                  200127e8    0000004c                             : socket.oem4 (.text:_sl_HandleAsync_Accept)
                  20012834    0000004c     rtsv7M4_T_le_eabi.lib : atoi.obj (.text)
                  20012880    0000004c                           : cpy_tbl.obj (.text)
                  200128cc    0000004c     sysbios.aem4 : m3_TaskSupport_asm.obj (.text:ti_sysbios_family_arm_m3_TaskSupport_buildTaskStack)
                  20012918    0000004c                  : BIOS.obj (.text:ti_sysbios_family_arm_m3_Timer_setPeriodMicroSecs__E)
                  20012964    00000004     subscribe_publish_sample_pem4.oem4 (.text:ti_sysbios_knl_Clock_TimerProxy_start__E)
                  20012968    0000004c     sysbios.aem4 : BIOS.obj (.text:ti_sysbios_heaps_HeapMem_getStats__E)
                  200129b4    00000004     subscribe_publish_sample_pem4.oem4 (.text:ti_sysbios_knl_Clock_TimerProxy_stop__E)
                  200129b8    0000004c     sysbios.aem4 : BIOS.obj (.text:ti_sysbios_knl_Swi_runLoop__I)
                  20012a04    00000004     subscribe_publish_sample_pem4.oem4 (.text:ti_sysbios_knl_Clock_destruct)
                  20012a08    0000004c     sysbios.aem4 : BIOS.obj (.text:ti_sysbios_knl_Task_allBlockedFunction__I)
                  20012a54    0000004c     driverlib.a : udma.obj (.text:uDMAChannelAssign)
                  20012aa0    00000048                 : flash.obj (.text:FlashDisable)
                  20012ae8    00000048                 : prcm.obj (.text:PRCMHibernateWakeupSourceEnable)
                  20012b30    00000048                 : pin.obj (.text:PinConfigGet)
                  20012b78    00000048                 : spi.obj (.text:SPIIntClear)
                  20012bc0    00000048     cc3x00_host_driver.aem4 : driver.oem4 (.text:_SlRemoveFromList)
                  20012c08    00000048     network_sl.aem4 : tls_sl.oem4 (.text:flashFile)
                  20012c50    00000048     drivers_cc32xxware.aem4 : PowerCC3200.oem4 (.text:notify)
                  20012c98    00000048     rtsv7M4_T_le_eabi.lib : fd_toi_t2.obj (.text)
                  20012ce0    00000048     cc3x00_host_driver.aem4 : socket.oem4 (.text:sl_Recv)
                  20012d28    00000048     sysbios.aem4 : BIOS.obj (.text:ti_sysbios_family_arm_m3_Hwi_disableInterrupt__E)
                  20012d70    00000048                  : BIOS.obj (.text:ti_sysbios_family_arm_m3_Hwi_enableInterrupt__E)
                  20012db8    00000048                  : BIOS.obj (.text:ti_sysbios_family_arm_m3_Hwi_excReserved__I)
                  20012e00    00000048                  : m3_Hwi_asm_switch.obj (.text:ti_sysbios_family_arm_m3_Hwi_initStacks__E)
                  20012e48    00000048                  : BIOS.obj (.text:ti_sysbios_family_arm_m3_Timer_initDevice__I)
                  20012e90    00000048                  : BIOS.obj (.text:ti_sysbios_family_arm_m3_Timer_setPeriod__E)
                  20012ed8    00000048                  : BIOS.obj (.text:ti_sysbios_knl_Mailbox_Module_startup__E)
                  20012f20    00000046     drivers_cc32xxware.aem4 : RingBuf.oem4 (.text:RingBuf_put)
                  20012f66    00000046     aws_iot_mqtt_client_common_internal.obj (.text:aws_iot_mqtt_internal_write_len_to_buffer)
                  20012fac    00000046     aws_iot_mqtt_client_common_internal.obj (.text:aws_iot_mqtt_internal_write_uint_16)
                  20012ff2    00000046     ti.targets.arm.rtsarm.aem4 : Core-params.oem4 (.text:xdc_runtime_Core_assignParams__I)
                  20013038    00000044     driverlib.a : prcm.obj (.text:PRCMLPDSEnter)
                  2001307c    00000044     drivers_cc32xxware.aem4 : PowerCC3200_asm.oem4 (.text:PowerCC3200_enterLPDS)
                  200130c0    00000044     driverlib.a : spi.obj (.text:SPIDmaMaskGet)
                  20013104    00000044     drivers_cc32xxware.aem4 : UARTCC3200.oem4 (.text:UARTCC3200_hwiIntFxn)
                  20013148    00000044     cc3x00_host_driver.aem4 : driver.oem4 (.text:_SlAsyncEventGenericHandler)
                  2001318c    00000044     boot.aem4 : boot.oem4 (.text)
                  200131d0    00000044     cc3x00_host_driver.aem4 : wlan.oem4 (.text:sl_WlanPolicySet)
                  20013214    00000004     subscribe_publish_sample_pem4.oem4 (.text:ti_sysbios_knl_Event_delete)
                  20013218    00000044     sysbios.aem4 : BIOS.obj (.text:ti_sysbios_family_arm_cc32xx_Seconds_set__E)
                  2001325c    00000004     subscribe_publish_sample_pem4.oem4 (.text:ti_sysbios_knl_Mailbox_delete)
                  20013260    00000044     sysbios.aem4 : BIOS.obj (.text:ti_sysbios_family_arm_m3_Hwi_getStackInfo__E)
                  200132a4    00000004     subscribe_publish_sample_pem4.oem4 (.text:ti_sysbios_knl_Queue_destruct)
                  200132a8    00000044     sysbios.aem4 : BIOS.obj (.text:ti_sysbios_knl_Mailbox_postInit__I)
                  200132ec    00000004     subscribe_publish_sample_pem4.oem4 (.text:ti_sysbios_knl_Semaphore_delete)
                  200132f0    00000044     sysbios.aem4 : BIOS.obj (.text:ti_sysbios_knl_Swi_post__E)
                  20013334    00000044     ti.targets.arm.rtsarm.aem4 : Error.oem4 (.text:xdc_runtime_Error_setX__E)
                  20013378    00000044                                : Text.oem4 (.text:xdc_runtime_Text_xprintf__I)
                  200133bc    00000042     drivers_cc32xxware.aem4 : PowerCC3200_asm.oem4 (.text:PowerCC3200_resumeLPDS)
                  200133fe    00000042                             : UARTCC3200.oem4 (.text:UARTCC3200_writePolling)
                  20013440    00000042     aws_iot_mqtt_client_common_internal.obj (.text:aws_iot_mqtt_internal_get_final_packet_length_from_remaining_length)
                  20013482    00000042     aws_iot_mqtt_client_common_internal.obj (.text:aws_iot_mqtt_internal_read_uint16_t)
                  200134c4    00000042     aws_iot_mqtt_client.obj (.text:aws_iot_mqtt_set_client_state)
                  20013506    00000002     --HOLE-- [fill = 0]
                  20013508    00000040     drivers_cc32xxware.aem4 : GPIOCC3200.oem4 (.text:GPIO_enableInt)
                  20013548    00000040     driverlib.a : pin.obj (.text:PinModeSet)
                  20013588    00000040     drivers_cc32xxware.aem4 : PowerCC3200.oem4 (.text:Power_setDependency)
                  200135c8    00000040                             : RingBuf.oem4 (.text:RingBuf_get)
                  20013608    00000040                             : UARTCC3200.oem4 (.text:UARTCC3200_read)
                  20013648    00000040     cc3x00_host_driver.aem4 : driver.oem4 (.text:_SlDrvRxIrqHandler)
                  20013688    00000040                             : socket.oem4 (.text:_sl_HandleAsync_Select)
                  200136c8    00000040     sntp_sl.aem4 : sntp.oem4 (.text:changeServer)
                  20013708    00000040     network_sl.obj (.text:iot_tls_disconnect)
                  20013748    00000040     drivers_wifi_cc32xxware.aem4 : osi_tirtos.oem4 (.text:osi_LockObjLock)
                  20013788    00000040                                  : osi_tirtos.oem4 (.text:osi_SyncObjCreate)
                  200137c8    00000040                                  : osi_tirtos.oem4 (.text:osi_SyncObjWait)
                  20013808    00000040     rtsv7M4_T_le_eabi.lib : u_divt2.obj (.text)
                  20013848    00000040     sysbios.aem4 : BIOS.obj (.text:ti_sysbios_family_arm_m3_Timer_Module_startup__E)
                  20013888    00000040                  : BIOS.obj (.text:ti_sysbios_heaps_HeapMem_Instance_init__E)
                  200138c8    0000003e     aws_iot_mqtt_client_yield.obj (.text:_aws_iot_mqtt_handle_disconnect)
                  20013906    0000003e     network_sl.aem4 : certconv.oem4 (.text:base64Decode)
                  20013944    0000003c     driverlib.a : prcm.obj (.text:PRCMPeripheralClkEnable)
                  20013980    0000003c                 : prcm.obj (.text:PRCMSlowClkCtrFastGet)
                  200139bc    0000003c                 : pin.obj (.text:PinDirModeSet)
                  200139f8    0000003c     drivers_cc32xxware.aem4 : WiFi.oem4 (.text:WiFi_open)
                  20013a34    0000003c     cc3x00_host_driver.aem4 : device.oem4 (.text:_sl_HandleAsync_Stop)
                  20013a70    0000003c     network_sl.obj (.text:iot_tls_set_connect_params)
                  20013aac    0000003c     drivers_wifi_cc32xxware.aem4 : WiFiCC3200.oem4 (.text:spi_Open)
                  20013ae8    0000003c     sysbios.aem4 : BIOS.obj (.text:ti_sysbios_family_arm_m3_Hwi_excSvCall__I)
                  20013b24    00000004     subscribe_publish_sample_pem4.oem4 (.text:ti_sysbios_knl_Semaphore_destruct)
                  20013b28    0000003c     sysbios.aem4 : BIOS.obj (.text:ti_sysbios_heaps_HeapMem_init__I)
                  20013b64    00000004     subscribe_publish_sample_pem4.oem4 (.text:ti_sysbios_knl_Task_delete)
                  20013b68    0000003c     sysbios.aem4 : BIOS.obj (.text:ti_sysbios_knl_Clock_walkQueuePeriodic__E)
                  20013ba4    00000004     ti.targets.arm.rtsarm.aem4 : Error.oem4 (.text:xdc_runtime_Error_getSite__E)
                  20013ba8    0000003c     sysbios.aem4 : BIOS.obj (.text:ti_sysbios_knl_Swi_restore__E)
                  20013be4    0000003c     driverlib.a : udma.obj (.text:uDMAChannelControlSet)
                  20013c20    0000003a     network_sl.obj (.text:iot_tls_destroy)
                  20013c5a    00000038     driverlib.a : adc.obj (.text:ADCChannelDisable)
                  20013c92    00000038                 : adc.obj (.text:ADCChannelEnable)
                  20013cca    00000002     --HOLE-- [fill = 0]
                  20013ccc    00000038                 : prcm.obj (.text:PRCMIntEnable)
                  20013d04    00000038     power_cc3200_tirtos.aem4 : PowerCC3200_tirtos.oem4 (.text:PowerCC3200_initPolicy)
                  20013d3c    00000038     drivers_cc32xxware.aem4 : SPI.oem4 (.text:SPI_init)
                  20013d74    00000038                             : UART.oem4 (.text:UART_init)
                  20013dac    00000038                             : WiFi.oem4 (.text:WiFi_init)
                  20013de4    00000038     aws_iot_mqtt_client_common_internal.obj (.text:aws_iot_mqtt_internal_write_utf8_string)
                  20013e1c    00000038     timer.obj (.text:left_ms)
                  20013e54    00000038     drivers_wifi_cc32xxware.aem4 : osi_tirtos.oem4 (.text:osi_LockObjCreate)
                  20013e8c    00000038     rtsv7M4_T_le_eabi.lib : fs_tod_t2.obj (.text)
                  20013ec4    00000038                           : i_tofs_t2.obj (.text)
                  20013efc    00000038     cc3x00_host_driver.aem4 : socket.oem4 (.text:sl_Htonl)
                  20013f34    00000038     drivers_cc32xxware.aem4 : SPICC3200DMA.oem4 (.text:spiPollingTransfer16)
                  20013f6c    00000038                             : SPICC3200DMA.oem4 (.text:spiPollingTransfer8)
                  20013fa4    00000004     subscribe_publish_sample_pem4.oem4 (.text:xdc_runtime_System_Module_GateProxy_enter__E)
                  20013fa8    00000038     sysbios.aem4 : BIOS.obj (.text:ti_sysbios_family_arm_cc32xx_Seconds_get__E)
                  20013fe0    00000038                  : BIOS.obj (.text:ti_sysbios_family_arm_m3_Hwi_excNoIsr__I)
                  20014018    00000038                  : BIOS.obj (.text:ti_sysbios_knl_Task_processVitalTaskFlag__I)
                  20014050    00000038     ti.targets.arm.rtsarm.aem4 : System.oem4 (.text:xdc_runtime_System_atexit__E)
                  20014088    00000036     driverlib.a : gpio.obj (.text:GPIODirModeSet)
                  200140be    00000036     drivers_cc32xxware.aem4 : UARTCC3200.oem4 (.text:UARTCC3200_readCancel)
                  200140f4    00000036     rtsv7M4_T_le_eabi.lib : strncpy.obj (.text)
                  2001412a    00000002     --HOLE-- [fill = 0]
                  2001412c    00000034     drivers_wifi_cc32xxware.aem4 : WiFiCC3200.oem4 (.text:CC3X00_NWP_disable)
                  20014160    00000034     driverlib.a : prcm.obj (.text:PRCMPeripheralStatusGet)
                  20014194    00000034                 : prcm.obj (.text:PRCMSRAMRetentionEnable)
                  200141c8    00000034     drivers_cc32xxware.aem4 : PowerCC3200.oem4 (.text:Power_releaseDependency)
                  200141fc    00000034     driverlib.a : spi.obj (.text:SPIFIFOLevelSet)
                  20014230    00000034     UARTUtils.obj (.text:UARTUtils_deviceread)
                  20014264    00000034     UARTUtils.obj (.text:UARTUtils_devicewrite)
                  20014298    00000034     cc3x00_host_driver.aem4 : driver.oem4 (.text:_SlDrvBasicCmd)
                  200142cc    00000034                             : driver.oem4 (.text:_SlDrvProtectAsyncRespSetting)
                  20014300    00000034     UARTUtils.obj (.text:closeHandle)
                  20014334    00000034     power_cc3200_tirtos.aem4 : PowerCC3200_tirtos.oem4 (.text:getCountsRTC)
                  20014368    00000034     drivers_cc32xxware.aem4 : PowerCC3200.oem4 (.text:restorePeriphClocks)
                  2001439c    00000034     cc3x00_host_driver.aem4 : socket.oem4 (.text:sl_Htons)
                  200143d0    00000034     sysbios.aem4 : BIOS.obj (.text:ti_sysbios_family_arm_m3_Hwi_Instance_finalize__E)
                  20014404    00000004     subscribe_publish_sample_pem4.oem4 (.text:xdc_runtime_System_Module_GateProxy_leave__E)
                  20014408    00000034     sysbios.aem4 : BIOS.obj (.text:ti_sysbios_family_arm_m3_Hwi_excNmi__I)
                  2001443c    00000004     ti.targets.arm.rtsarm.aem4 : System.oem4 (.text:xdc_runtime_System_aprintf_va__F)
                  20014440    00000034     sysbios.aem4 : BIOS.obj (.text:ti_sysbios_family_arm_m3_Timer_periodicStub__I)
                  20014474    00000004     ti.targets.arm.rtsarm.aem4 : System.oem4 (.text:xdc_runtime_System_printf_va__F)
                  20014478    00000034     sysbios.aem4 : BIOS.obj (.text:ti_sysbios_hal_Hwi_checkStack)
                  200144ac    00000034     subscribe_publish_sample_pem4.oem4 (.text:ti_sysbios_knl_Clock_construct)
                  200144e0    00000034     subscribe_publish_sample_pem4.oem4 (.text:ti_sysbios_knl_Semaphore_create)
                  20014514    00000034     ti.targets.arm.rtsarm.aem4 : Core-label.oem4 (.text:xdc_runtime_Core_assignLabel__I)
                  20014548    00000033                                : Text.oem4 (.text:xdc_runtime_Text_printVisFxn__I)
                  2001457b    00000001     --HOLE-- [fill = 0]
                  2001457c    00000032     network_sl.aem4 : ssock.oem4 (.text:Ssock_recv)
                  200145ae    00000032     netwifi.obj (.text:smartConfigFxn)
                  200145e0    00000032     drivers_cc32xxware.aem4 : SPICC3200DMA.oem4 (.text:spiPollingTransfer32)
                  20014612    00000006     cc3x00_host_driver.aem4 : socket.oem4 (.text:SL_FD_ZERO)
                  20014618    00000032     sysbios.aem4 : BIOS.obj (.text:ti_sysbios_hal_Hwi_initStack)
                  2001464a    00000002     --HOLE-- [fill = 0]
                  2001464c    00000030     drivers_cc32xxware.aem4 : GPIOCC3200.oem4 (.text:GPIO_read)
                  2001467c    00000030     driverlib.a : pin.obj (.text:PinTypeGPIO)
                  200146ac    00000030     drivers_cc32xxware.aem4 : PowerCC3200.oem4 (.text:Power_releaseConstraint)
                  200146dc    00000030                             : PowerCC3200.oem4 (.text:Power_setConstraint)
                  2001470c    00000030                             : SPI.oem4 (.text:SPI_open)
                  2001473c    00000030     netwifi.obj (.text:SimpleLinkWlanEventHandler)
                  2001476c    00000030     driverlib.a : uart.obj (.text:UARTDisable)
                  2001479c    00000030     drivers_cc32xxware.aem4 : UART.oem4 (.text:UART_open)
                  200147cc    00000030     aws_iot_mqtt_client_subscribe.obj (.text:_aws_iot_mqtt_get_free_message_handler_index)
                  200147fc    00000030     drivers_wifi_cc32xxware.aem4 : WiFiCC3200.oem4 (.text:registerInterruptHandler)
                  2001482c    00000030     cc3x00_host_driver.aem4 : socket.oem4 (.text:sl_Socket)
                  2001485c    00000030     subscribe_publish_sample_pem4.oem4 (.text:ti_sysbios_BIOS_atExitFunc__I)
                  2001488c    00000004     --HOLE-- [fill = 0]
                  20014890    00000030     sysbios.aem4 : BIOS.obj (.text:ti_sysbios_family_arm_m3_TaskSupport_start__E)
                  200148c0    00000030     subscribe_publish_sample_pem4.oem4 (.text:ti_sysbios_gates_GateHwi_Object__create__S)
                  200148f0    00000030     subscribe_publish_sample_pem4.oem4 (.text:ti_sysbios_gates_GateMutex_Object__create__S)
                  20014920    00000030     sysbios.aem4 : BIOS.obj (.text:ti_sysbios_gates_GateMutex_enter__E)
                  20014950    00000030     subscribe_publish_sample_pem4.oem4 (.text:ti_sysbios_heaps_HeapMem_Object__create__S)
                  20014980    00000030     subscribe_publish_sample_pem4.oem4 (.text:ti_sysbios_knl_Event_create)
                  200149b0    00000030     sysbios.aem4 : BIOS.obj (.text:ti_sysbios_knl_Event_pendTimeout__I)
                  200149e0    00000030     subscribe_publish_sample_pem4.oem4 (.text:ti_sysbios_knl_Semaphore_construct)
                  20014a10    00000030     sysbios.aem4 : BIOS.obj (.text:ti_sysbios_knl_Semaphore_pendTimeout__I)
                  20014a40    00000030                  : BIOS.obj (.text:ti_sysbios_knl_Task_unblockI__E)
                  20014a70    00000030     ti.targets.arm.rtsarm.aem4 : System.oem4 (.text:xdc_runtime_System_processAtExit__E)
                  20014aa0    0000002e     UARTUtils.obj (.text:UARTUtils_deviceopen)
                  20014ace    0000002e     subscribe_publish_sample_pem4.oem4 (.text:malloc)
                  20014afc    0000002e     rtsv7M4_T_le_eabi.lib : i_tofd_t2.obj (.text)
                  20014b2a    00000002     --HOLE-- [fill = 0]
                  20014b2c    0000002c     drivers_wifi_cc32xxware.aem4 : WiFiCC3200.oem4 (.text:CC3X00_NWP_enable)
                  20014b58    0000002c     driverlib.a : prcm.obj (.text:PRCMLPDSIntervalSet)
                  20014b84    0000002c                 : prcm.obj (.text:PRCMSysResetCauseGet)
                  20014bb0    0000002c     sntp_sl.aem4 : sntp.oem4 (.text:SNTP_forceTimeSync)
                  20014bdc    0000002c     timer.obj (.text:msToTicks)
                  20014c08    0000002c     rtsv7M4_T_le_eabi.lib : strncmp.obj (.text)
                  20014c34    0000002c     network_sl.obj (.text:setsockopt)
                  20014c60    0000002c     subscribe_publish_sample_pem4.oem4 (.text:ti_sysbios_knl_Clock_doTick__I)
                  20014c8c    0000002c     subscribe_publish_sample_pem4.oem4 (.text:ti_sysbios_knl_Queue_construct)
                  20014cb8    0000002c     sysbios.aem4 : BIOS.obj (.text:ti_sysbios_knl_Task_restore__E)
                  20014ce4    0000002c     timer.obj (.text:ticksToMs)
                  20014d10    0000002c     ti.targets.arm.rtsarm.aem4 : Text.oem4 (.text:xdc_runtime_Text_cordText__E)
                  20014d3c    0000002a     driverlib.a : spi.obj (.text:SPIDataGetNonBlocking)
                  20014d66    0000002a     cc3x00_host_driver.aem4 : socket.oem4 (.text:_sl_BuildAddress)
                  20014d90    0000002a     ti.targets.arm.rtsarm.aem4 : System.oem4 (.text:xdc_runtime_System_putchar__I)
                  20014dba    00000002     --HOLE-- [fill = 0]
                  20014dbc    00000028     driverlib.a : prcm.obj (.text:PRCMLPDSWakeupSourceEnable)
                  20014de4    00000028                 : prcm.obj (.text:PRCMPeripheralClkDisable)
                  20014e0c    00000028     drivers_cc32xxware.aem4 : PowerCC3200.oem4 (.text:Power_registerNotify)
                  20014e34    00000028     network_sl.aem4 : ssock.oem4 (.text:Ssock_recvall)
                  20014e5c    00000028     aws_iot_mqtt_client_yield.obj (.text:_aws_iot_mqtt_force_client_disconnect)
                  20014e84    00000028     aws_iot_shadow_json.obj (.text:checkReturnValueOfSnPrintf)
                  20014eac    00000028     drivers_cc32xxware.aem4 : UARTCC3200.oem4 (.text:releasePowerConstraint)
                  20014ed4    00000004     --HOLE-- [fill = 0]
                  20014ed8    00000028     sysbios.aem4 : BIOS.obj (.text:ti_sysbios_knl_Clock_addI__E)
                  20014f00    00000028                  : BIOS.obj (.text:ti_sysbios_knl_Swi_Module_startup__E)
                  20014f28    00000028     driverlib.a : udma.obj (.text:uDMAChannelIsEnabled)
                  20014f50    00000026     drivers_cc32xxware.aem4 : List.oem4 (.text:List_put)
                  20014f76    00000026     aws_iot_mqtt_client.obj (.text:aws_iot_mqtt_get_next_packet_id)
                  20014f9c    00000026     network_sl.aem4 : ssock_sl.oem4 (.text:fileExists)
                  20014fc2    00000026     ti.targets.arm.rtsarm.aem4 : System.oem4 (.text:xdc_runtime_System_avprintf__E)
                  20014fe8    00000024     driverlib.a : prcm.obj (.text:PRCMLPDSWakeUpGPIOSelect)
                  2001500c    00000024     netwifi.obj (.text:SimpleLinkNetAppEventHandler)
                  20015030    00000024     network_sl.aem4 : tls_sl.oem4 (.text:TLS_delete)
                  20015054    00000024     driverlib.a : uart.obj (.text:UARTCharPutNonBlocking)
                  20015078    00000024                 : uart.obj (.text:UARTEnable)
                  2001509c    00000024     UARTUtils.obj (.text:UARTUtils_systemAbort)
                  200150c0    00000024     drivers_wifi_cc32xxware.aem4 : osi_tirtos.oem4 (.text:osi_Spawn)
                  200150e4    00000024     cc3x00_host_driver.aem4 : socket.oem4 (.text:sl_Close)
                  20015108    00000024                             : wlan.oem4 (.text:sl_WlanSetMode)
                  2001512c    00000024     subscribe_publish_sample_pem4.oem4 (.text:ti_sysbios_BIOS_registerRTSLock__I)
                  20015150    00000024     subscribe_publish_sample_pem4.oem4 (.text:ti_sysbios_BIOS_removeRTSLock__I)
                  20015174    00000024     subscribe_publish_sample_pem4.oem4 (.text:ti_sysbios_BIOS_startFunc__I)
                  20015198    00000024     sysbios.aem4 : BIOS.obj (.text:ti_sysbios_family_arm_m3_Timer_startup__E)
                  200151bc    00000024     subscribe_publish_sample_pem4.oem4 (.text:ti_sysbios_gates_GateMutex_Object__delete__S)
                  200151e0    00000024     sysbios.aem4 : BIOS.obj (.text:ti_sysbios_knl_Clock_Module_startup__E)
                  20015204    00000004     --HOLE-- [fill = 0]
                  20015208    00000024                  : BIOS.obj (.text:ti_sysbios_knl_Clock_start__E)
                  2001522c    00000004     --HOLE-- [fill = 0]
                  20015230    00000024                  : BIOS.obj (.text:ti_sysbios_knl_Semaphore_Instance_init__E)
                  20015254    00000024     subscribe_publish_sample_pem4.oem4 (.text:ti_sysbios_knl_Semaphore_Object__delete__S)
                  20015278    00000024     sysbios.aem4 : BIOS.obj (.text:ti_sysbios_knl_Task_restoreHwi__E)
                  2001529c    00000024     ti.targets.arm.rtsarm.aem4 : System.oem4 (.text:xdc_runtime_System_vprintf__E)
                  200152c0    00000022     driverlib.a : adc.obj (.text:ADCTimerConfig)
                  200152e2    00000022                 : gpio.obj (.text:GPIOIntStatus)
                  20015304    00000022                 : spi.obj (.text:SPIReset)
                  20015326    00000022                 : spi.obj (.text:SPIWordCountSet)
                  20015348    00000022     aws_iot_mqtt_client.obj (.text:aws_iot_mqtt_autoreconnect_set_status)
                  2001536a    00000020     driverlib.a : gpio.obj (.text:GPIOPinWrite)
                  2001538a    00000002     --HOLE-- [fill = 0]
                  2001538c    00000020                 : prcm.obj (.text:PRCMLPDSRestoreInfoSet)
                  200153ac    00000020     drivers_cc32xxware.aem4 : PowerCC3200.oem4 (.text:Power_idleFunc)
                  200153cc    00000020                             : PowerCC3200.oem4 (.text:Power_unregisterNotify)
                  200153ec    00000020     driverlib.a : spi.obj (.text:SPIDataGet)
                  2001540c    00000020     UARTUtils.obj (.text:UARTUtils_systemPutch)
                  2001542c    00000020     aws_iot_mqtt_client_common_internal.obj (.text:aws_iot_mqtt_internal_read_char)
                  2001544c    00000020     aws_iot_mqtt_client_common_internal.obj (.text:aws_iot_mqtt_internal_write_char)
                  2001546c    00000020     drivers_cc32xxware.aem4 : SPICC3200DMA.oem4 (.text:getPowerMgrId)
                  2001548c    00000020                             : UARTCC3200.oem4 (.text:getPowerMgrId)
                  200154ac    00000020     network_sl.obj (.text:gethostbyname)
                  200154cc    00000020     startsntp.obj (.text:gethostbyname)
                  200154ec    00000020     timer.obj (.text:has_timer_expired)
                  2001550c    00000020     rtsv7M4_T_le_eabi.lib : memchr.obj (.text)
                  2001552c    00000020     network_sl.obj (.text:socket)
                  2001554c    00000020     subscribe_publish_sample_pem4.oem4 (.text:ti_sysbios_BIOS_rtsLock__I)
                  2001556c    00000004     --HOLE-- [fill = 0]
                  20015570    00000020     sysbios.aem4 : BIOS.obj (.text:ti_sysbios_family_arm_m3_Hwi_clearInterrupt__E)
                  20015590    00000020                  : m3_Hwi_asm.obj (.text:ti_sysbios_family_arm_m3_Hwi_excHandlerAsm__I)
                  200155b0    00000020                  : BIOS.obj (.text:ti_sysbios_family_arm_m3_Hwi_excHandler__I)
                  200155d0    00000020     subscribe_publish_sample_pem4.oem4 (.text:ti_sysbios_gates_GateHwi_Object__delete__S)
                  200155f0    00000020     subscribe_publish_sample_pem4.oem4 (.text:ti_sysbios_heaps_HeapMem_Object__delete__S)
                  20015610    00000020     subscribe_publish_sample_pem4.oem4 (.text:ti_sysbios_knl_Clock_Object__destruct__S)
                  20015630    00000020     subscribe_publish_sample_pem4.oem4 (.text:ti_sysbios_knl_Event_Object__delete__S)
                  20015650    00000020     sysbios.aem4 : BIOS.obj (.text:ti_sysbios_knl_Idle_run__E)
                  20015670    00000020     subscribe_publish_sample_pem4.oem4 (.text:ti_sysbios_knl_Mailbox_Object__delete__S)
                  20015690    00000020     subscribe_publish_sample_pem4.oem4 (.text:ti_sysbios_knl_Semaphore_Object__destruct__S)
                  200156b0    00000020     subscribe_publish_sample_pem4.oem4 (.text:ti_sysbios_knl_Task_Object__delete__S)
                  200156d0    00000020     ti.targets.arm.rtsarm.aem4 : Registry.oem4 (.text:xdc_runtime_Registry_findById__E)
                  200156f0    0000001e     driverlib.a : spi.obj (.text:SPIDataPut)
                  2001570e    0000001e                 : uart.obj (.text:UARTCharPut)
                  2001572c    0000001e                 : uart.obj (.text:UARTIntStatus)
                  2001574a    0000001e     drivers_wifi_cc32xxware.aem4 : WiFiCC3200.oem4 (.text:WiFiCC3200_close)
                  20015768    0000001e     network_sl.aem4 : tls_sl.oem4 (.text:getTLSMethod)
                  20015786    0000001e     rtsv7M4_T_le_eabi.lib : strcat.obj (.text)
                  200157a4    0000001e     subscribe_publish_sample_pem4.oem4 (.text:ti_sysbios_BIOS_errorRaiseHook__I)
                  200157c2    0000001e     sysbios.aem4 : m3_Hwi_asm_switch.obj (.text:ti_sysbios_family_xxx_Hwi_switchAndRunFunc)
                  200157e0    0000001c     driverlib.a : adc.obj (.text:ADCFIFOLvlGet)
                  200157fc    0000001c     subscribe_publish_sample.obj (.text:BoardInit)
                  20015818    0000001c     drivers_cc32xxware.aem4 : SPICC3200DMA.oem4 (.text:SPICC3200DMA_init)
                  20015834    0000001c     network_sl.aem4 : ssock.oem4 (.text:Ssock_delete)
                  20015850    0000001c                     : ssock.oem4 (.text:Ssock_destruct)
                  2001586c    0000001c     driverlib.a : uart.obj (.text:UARTCharGetNonBlocking)
                  20015888    0000001c                 : uart.obj (.text:UARTFlowControlSet)
                  200158a4    0000001c     cc3x00_host_driver.aem4 : driver.oem4 (.text:_SlDrvProtectionObjLockWaitForever)
                  200158c0    0000001c                             : socket.oem4 (.text:_sl_TruncatePayloadByProtocol)
                  200158dc    0000001c     network_sl.obj (.text:connect)
                  200158f8    0000001c     rtsv7M4_T_le_eabi.lib : memccpy.obj (.text)
                  20015914    0000001c     subscribe_publish_sample_pem4.oem4 (.text:ti_sysbios_family_arm_m3_Hwi_Object__destruct__S)
                  20015930    0000001c     sysbios.aem4 : BIOS.obj (.text:ti_sysbios_family_arm_m3_Timer_stop__E)
                  2001594c    00000004     --HOLE-- [fill = 0]
                  20015950    0000001c                  : BIOS.obj (.text:ti_sysbios_gates_GateMutex_Instance_init__E)
                  2001596c    00000004     --HOLE-- [fill = 0]
                  20015970    0000001c                  : BIOS.obj (.text:ti_sysbios_knl_Clock_Instance_finalize__E)
                  2001598c    0000001c     subscribe_publish_sample_pem4.oem4 (.text:ti_sysbios_knl_Queue_Object__destruct__S)
                  200159a8    0000001c     sysbios.aem4 : BIOS.obj (.text:ti_sysbios_knl_Queue_get__E)
                  200159c4    00000004     --HOLE-- [fill = 0]
                  200159c8    0000001c                  : BIOS.obj (.text:ti_sysbios_knl_Queue_put__E)
                  200159e4    00000004     --HOLE-- [fill = 0]
                  200159e8    0000001c                  : BIOS.obj (.text:ti_sysbios_knl_Task_enter__I)
                  20015a04    0000001c     driverlib.a : udma.obj (.text:uDMAChannelEnable)
                  20015a20    0000001c     drivers_wifi_cc32xxware.aem4 : osi_tirtos.oem4 (.text:vSimpleLinkSpawnTask)
                  20015a3c    0000001c     ti.targets.arm.rtsarm.aem4 : Error.oem4 (.text:xdc_runtime_Error_raiseX__E)
                  20015a58    0000001c                                : Memory.oem4 (.text:xdc_runtime_Memory_valloc__E)
                  20015a74    0000001c                                : System.oem4 (.text:xdc_runtime_System_abort__E)
                  20015a90    0000001a     cc3x00_host_driver.aem4 : netapp.oem4 (.text:CopyPingResultsToReport)
                  20015aaa    0000001a     driverlib.a : gpio.obj (.text:GPIOIntEnable)
                  20015ac4    0000001a     drivers_cc32xxware.aem4 : List.oem4 (.text:List_remove)
                  20015ade    0000001a     driverlib.a : pin.obj (.text:PinTypeUART)
                  20015af8    0000001a                 : spi.obj (.text:SPIDmaDisable)
                  20015b12    0000001a                 : spi.obj (.text:SPIDmaEnable)
                  20015b2c    0000001a                 : spi.obj (.text:SPIFIFODisable)
                  20015b46    0000001a                 : spi.obj (.text:SPIFIFOEnable)
                  20015b60    0000001a     sysbios.aem4 : m3_Hwi_asm.obj (.text:ti_sysbios_family_arm_m3_Hwi_pendSV__I)
                  20015b7a    0000001a     subscribe_publish_sample_pem4.oem4 (.text:xdc_runtime_System_aprintf__E)
                  20015b94    0000001a     subscribe_publish_sample_pem4.oem4 (.text:xdc_runtime_System_printf__E)
                  20015bae    0000001a     network_sl.aem4 : tls_sl.oem4 (.text:xsnprintf)
                  20015bc8    00000018     driverlib.a : adc.obj (.text:ADCFIFORead)
                  20015be0    00000018                 : gpio.obj (.text:GPIOPinRead)
                  20015bf8    00000018                 : spi.obj (.text:SPICSDisable)
                  20015c10    00000018                 : spi.obj (.text:SPICSEnable)
                  20015c28    00000018                 : spi.obj (.text:SPIDisable)
                  20015c40    00000018                 : spi.obj (.text:SPIEnable)
                  20015c58    00000018     network_sl.aem4 : ssock.oem4 (.text:Ssock_create)
                  20015c70    00000018     driverlib.a : uart.obj (.text:UARTBusy)
                  20015c88    00000018                 : uart.obj (.text:UARTFIFOLevelSet)
                  20015ca0    00000018                 : uart.obj (.text:UARTIntDisable)
                  20015cb8    00000018                 : uart.obj (.text:UARTIntEnable)
                  20015cd0    00000018     UARTUtils.obj (.text:UARTUtils_deviceclose)
                  20015ce8    00000018     drivers_cc32xxware.aem4 : UART.oem4 (.text:UART_Params_init)
                  20015d00    00000018     drivers_wifi_cc32xxware.aem4 : osi_tirtos.oem4 (.text:VDeleteSimpleLinkSpawnTask)
                  20015d18    00000018                                  : WiFiCC3200.oem4 (.text:WiFiCC3200_init)
                  20015d30    00000018     cc3x00_host_driver.aem4 : driver.oem4 (.text:_SlDrvProtectionObjUnLock)
                  20015d48    00000018     subscribe_publish_sample_pem4.oem4 (.text:free)
                  20015d60    00000018     rtsv7M4_T_le_eabi.lib : args_main.obj (.text)
                  20015d78    00000018                           : ll_mul_t2.obj (.text)
                  20015d90    00000018                           : strcmp.obj (.text)
                  20015da8    00000018     drivers_wifi_cc32xxware.aem4 : WiFiCC3200.oem4 (.text:spi_Close)
                  20015dc0    00000018     subscribe_publish_sample_pem4.oem4 (.text:ti_sysbios_BIOS_rtsUnlock__I)
                  20015dd8    00000018     subscribe_publish_sample_pem4.oem4 (.text:ti_sysbios_family_arm_m3_Hwi_Handle__label__S)
                  20015df0    00000018     subscribe_publish_sample_pem4.oem4 (.text:ti_sysbios_family_arm_m3_Hwi_Module__startupDone__F)
                  20015e08    00000018     subscribe_publish_sample_pem4.oem4 (.text:ti_sysbios_family_arm_m3_Timer_Module__startupDone__F)
                  20015e20    00000018     subscribe_publish_sample_pem4.oem4 (.text:ti_sysbios_gates_GateHwi_Handle__label__S)
                  20015e38    00000018     subscribe_publish_sample_pem4.oem4 (.text:ti_sysbios_gates_GateMutex_Handle__label__S)
                  20015e50    00000018     sysbios.aem4 : BIOS.obj (.text:ti_sysbios_gates_GateMutex_leave__E)
                  20015e68    00000018     subscribe_publish_sample_pem4.oem4 (.text:ti_sysbios_heaps_HeapMem_Handle__label__S)
                  20015e80    00000018     subscribe_publish_sample_pem4.oem4 (.text:ti_sysbios_knl_Swi_Handle__label__S)
                  20015e98    00000018     subscribe_publish_sample_pem4.oem4 (.text:ti_sysbios_knl_Task_Handle__label__S)
                  20015eb0    00000018     sysbios.aem4 : BIOS.obj (.text:ti_sysbios_knl_Task_sleepTimeout__I)
                  20015ec8    00000018     subscribe_publish_sample_pem4.oem4 (.text:time)
                  20015ee0    00000018     ti.targets.arm.rtsarm.aem4 : Error.oem4 (.text:xdc_runtime_Error_check__E)
                  20015ef8    00000018                                : System.oem4 (.text:xdc_runtime_System_exit__E)
                  20015f10    00000018                                : Text.oem4 (.text:xdc_runtime_Text_ropeText__E)
                  20015f28    00000016     driverlib.a : adc.obj (.text:ADCTimerEnable)
                  20015f3e    00000016     tirtosport.aem4 : ClockP_tirtos.oem4 (.text:ClockP_delete)
                  20015f54    00000016                     : HwiP_tirtos.oem4 (.text:HwiP_delete)
                  20015f6a    00000016     driverlib.a : prcm.obj (.text:PRCMHIBRegRead)
                  20015f80    00000016                 : prcm.obj (.text:PRCMHIBRegWrite)
                  20015f96    00000016     tirtosport.aem4 : SemaphoreP_tirtos.oem4 (.text:SemaphoreP_delete)
                  20015fac    00000016     driverlib.a : uart.obj (.text:UARTCharGet)
                  20015fc2    00000016     cc3x00_host_driver.aem4 : fs.oem4 (.text:_sl_Strlen)
                  20015fd8    00000016     aws_iot_mqtt_client.obj (.text:aws_iot_mqtt_get_client_state)
                  20015fee    00000016     timer.obj (.text:init_timer)
                  20016004    00000016     rtsv7M4_T_le_eabi.lib : strchr.obj (.text)
                  2001601a    00000016     drivers_cc32xxware.aem4 : UARTCC3200.oem4 (.text:startTxFifoEmptyClk)
                  20016030    00000016     subscribe_publish_sample_pem4.oem4 (.text:ti_sysbios_BIOS_exitFunc__I)
                  20016046    00000016     startsntp.obj (.text:ti_sysbios_knl_Semaphore_Params_init)
                  2001605c    00000016     main.obj (.text:ti_sysbios_knl_Task_Params_init)
                  20016072    00000014     driverlib.a : adc.obj (.text:ADCEnable)
                  20016086    00000014                 : cpu.obj (.text:CPUcpsid)
                  2001609a    00000014                 : cpu.obj (.text:CPUcpsie)
                  200160ae    00000014                 : gpio.obj (.text:GPIOIntClear)
                  200160c2    00000002     --HOLE-- [fill = 0]
                  200160c4    00000014                 : interrupt.obj (.text:IntVTableBaseSet)
                  200160d8    00000014                 : pin.obj (.text:PinTypeADC)
                  200160ec    00000014     drivers_cc32xxware.aem4 : SPI.oem4 (.text:SPI_Params_init)
                  20016100    00000014     network_sl.aem4 : ssock.oem4 (.text:Ssock_construct)
                  20016114    00000014     UARTUtils.obj (.text:UARTUtils_systemReady)
                  20016128    00000014     drivers_wifi_cc32xxware.aem4 : WiFiCC3200.oem4 (.text:hostDriverInterruptHandler)
                  2001613c    00000014                                  : osi_tirtos.oem4 (.text:osi_SyncObjClear)
                  20016150    00000014     rtsv7M4_T_le_eabi.lib : _lock.obj (.text)
                  20016164    00000014                           : strcpy.obj (.text)
                  20016178    00000014                           : strlen.obj (.text)
                  2001618c    00000014     subscribe_publish_sample_pem4.oem4 (.text:ti_sysbios_family_arm_m3_Hwi_Object__get__S)
                  200161a0    00000014     sysbios.aem4 : BIOS.obj (.text:ti_sysbios_family_arm_m3_Hwi_switchFromBootStack__E)
                  200161b4    00000014     subscribe_publish_sample_pem4.oem4 (.text:ti_sysbios_heaps_HeapMem_Object__get__S)
                  200161c8    00000014     sysbios.aem4 : BIOS.obj (.text:ti_sysbios_knl_Clock_tickReconfig__E)
                  200161dc    00000004     --HOLE-- [fill = 0]
                  200161e0    00000014                  : BIOS.obj (.text:ti_sysbios_knl_Event_Instance_init__E)
                  200161f4    00000014     subscribe_publish_sample_pem4.oem4 (.text:ti_sysbios_knl_Swi_Object__get__S)
                  20016208    00000014     startsntp.obj (.text:timeUpdateHook)
                  2001621c    00000014     driverlib.a : udma.obj (.text:uDMAControlBaseSet)
                  20016230    00000012     tirtosport.aem4 : ClockP_tirtos.oem4 (.text:ClockP_start)
                  20016242    00000012     drivers_cc32xxware.aem4 : RingBuf.oem4 (.text:RingBuf_construct)
                  20016254    00000012     tirtosport.aem4 : SemaphoreP_tirtos.oem4 (.text:SemaphoreP_pend)
                  20016266    00000012     driverlib.a : uart.obj (.text:UARTIntClear)
                  20016278    00000012                 : uart.obj (.text:UARTRxErrorGet)
                  2001628a    00000012     UARTUtils.obj (.text:UARTUtils_devicelseek)
                  2001629c    00000012     cc3x00_host_driver.aem4 : driver.oem4 (.text:_SlDrvObjLockWaitForever)
                  200162ae    00000012                             : driver.oem4 (.text:_SlDrvSyncObjWaitForever)
                  200162c0    00000012     sysbios.aem4 : BIOS.obj (.text:ti_sysbios_hal_Hwi_Module_startup__E)
                  200162d2    00000012     subscribe_publish_sample_pem4.oem4 (.text:xdc_runtime_Startup_exec__I)
                  200162e4    00000010     CC3200_LAUNCHXL.obj (.text:CC3200_LAUNCHXL_initGeneral)
                  200162f4    00000010     CC3200_LAUNCHXL.obj (.text:CC3200_LAUNCHXL_initWiFi)
                  20016304    00000010     drivers_wifi_cc32xxware.aem4 : WiFiCC3200.oem4 (.text:CC3X00_NWP_maskInterrupt)
                  20016314    00000010     cc3x00_host_driver.aem4 : socket.oem4 (.text:SL_FD_SET)
                  20016324    00000010     driverlib.a : uart.obj (.text:UARTRxErrorClear)
                  20016334    00000010     UARTUtils.obj (.text:UARTUtils_devicerename)
                  20016344    00000010     drivers_cc32xxware.aem4 : WiFi.oem4 (.text:WiFi_Params_init)
                  20016354    00000010     cc3x00_host_driver.aem4 : device.oem4 (.text:_sl_GetStartResponseConvert)
                  20016364    00000010     network_sl.obj (.text:close)
                  20016374    00000010     network_sl.obj (.text:htons)
                  20016384    00000010     startsntp.obj (.text:htons)
                  20016394    00000010     drivers_cc32xxware.aem4 : UARTCC3200.oem4 (.text:readBlockingTimeout)
                  200163a4    00000004     --HOLE-- [fill = 0]
                  200163a8    00000010     sysbios.aem4 : BIOS.obj (.text:ti_sysbios_BIOS_getCpuFreq__E)
                  200163b8    00000010                  : BIOS.obj (.text:ti_sysbios_BIOS_setThreadType__E)
                  200163c8    00000010                  : BIOS.obj (.text:ti_sysbios_BIOS_start__E)
                  200163d8    00000010                  : m3_TaskSupport_asm.obj (.text:ti_sysbios_family_arm_m3_TaskSupport_glue)
                  200163e8    00000010                  : m3_TaskSupport_asm.obj (.text:ti_sysbios_family_arm_m3_TaskSupport_swap__E)
                  200163f8    00000010                  : BIOS.obj (.text:ti_sysbios_gates_GateMutex_Instance_finalize__E)
                  20016408    00000010     subscribe_publish_sample_pem4.oem4 (.text:ti_sysbios_knl_Mailbox_Object__get__S)
                  20016418    00000010     sysbios.aem4 : BIOS.obj (.text:ti_sysbios_knl_Semaphore_Instance_finalize__E)
                  20016428    00000010                  : BIOS.obj (.text:ti_sysbios_knl_Swi_disable__E)
                  20016438    00000010     subscribe_publish_sample_pem4.oem4 (.text:ti_sysbios_knl_Task_Object__get__S)
                  20016448    00000010     sysbios.aem4 : BIOS.obj (.text:ti_sysbios_knl_Task_disable__E)
                  20016458    00000010     ti.targets.arm.rtsarm.aem4 : Gate.oem4 (.text:xdc_runtime_Gate_leaveSystem__E)
                  20016468    00000010                                : Memory.oem4 (.text:xdc_runtime_Memory_free__E)
                  20016478    00000010                                : SysCallback.oem4 (.text:xdc_runtime_SysCallback_abort__E)
                  20016488    00000010                                : SysCallback.oem4 (.text:xdc_runtime_SysCallback_exit__E)
                  20016498    00000010                                : SysCallback.oem4 (.text:xdc_runtime_SysCallback_flush__E)
                  200164a8    00000010                                : SysCallback.oem4 (.text:xdc_runtime_SysCallback_putch__E)
                  200164b8    00000010                                : SysCallback.oem4 (.text:xdc_runtime_SysCallback_ready__E)
                  200164c8    00000010                                : System.oem4 (.text:xdc_runtime_System_vsnprintf__E)
                  200164d8    0000000e     tirtosport.aem4 : HwiP_tirtos.oem4 (.text:HwiP_Params_init)
                  200164e6    0000000e     UARTUtils.obj (.text:UARTUtils_deviceunlink)
                  200164f4    0000000e     cc3x00_host_driver.aem4 : driver.oem4 (.text:_SlDrvObjUnLock)
                  20016502    0000000e                             : driver.oem4 (.text:_SlDrvSyncObjSignal)
                  20016510    0000000e     rtsv7M4_T_le_eabi.lib : copy_decompress_none.obj (.text:decompress:none)
                  2001651e    00000002     --HOLE-- [fill = 0]
                  20016520    0000000e     sysbios.aem4 : BIOS.obj (.text:ti_sysbios_knl_Idle_loop__E)
                  2001652e    00000002     --HOLE-- [fill = 0]
                  20016530    0000000e                  : BIOS.obj (.text:ti_sysbios_knl_Queue_empty__E)
                  2001653e    00000002     --HOLE-- [fill = 0]
                  20016540    0000000c     drivers_wifi_cc32xxware.aem4 : WiFiCC3200.oem4 (.text:CC3X00_NWP_unMaskInterrupt)
                  2001654c    0000000c     driverlib.a : cpu.obj (.text:CPUwfi)
                  20016558    0000000c     tirtosport.aem4 : ClockP_tirtos.oem4 (.text:ClockP_getSystemTickPeriod)
                  20016564    0000000c     netwifi.obj (.text:NetWiFi_isConnected)
                  20016570    0000000c     drivers_cc32xxware.aem4 : PowerCC3200.oem4 (.text:Power_getConstraintMask)
                  2001657c    0000000c                             : PowerCC3200.oem4 (.text:Power_getDependencyCount)
                  20016588    0000000c                             : RingBuf.oem4 (.text:RingBuf_peek)
                  20016594    0000000c     netwifi.obj (.text:SimpleLinkHttpServerCallback)
                  200165a0    0000000c     drivers_cc32xxware.aem4 : UARTCC3200.oem4 (.text:UARTCC3200_init)
                  200165ac    0000000c     rtsv7M4_T_le_eabi.lib : copy_zero_init.obj (.text:decompress:ZI)
                  200165b8    0000000c     network_sl.obj (.text:htonl)
                  200165c4    0000000c     startsntp.obj (.text:htonl)
[...]
20020a18  _SlSendCmdCtrl                                                     
20020a1c  _SlListenCmdCtrl                                                   
20020a20  _SlAcceptCmdCtrl                                                   
20020a24  _SlRecvCmdCtrl                                                     
20020a28  _SlSetSockOptCmdCtrl                                               
20020a2c  _SlGetSockOptCmdCtrl                                               
20020a30  _SlSelectCmdCtrl                                                   
20020a40  inPinTypes                                                         
20020a46  outPinTypes                                                        
20020a4e  outPinStrengths                                                    
20020a74  ti_sysbios_knl_Mailbox_Object__PARAMS__C                           
20020aa8  ti_sysbios_family_arm_m3_Hwi_Object__PARAMS__C                     
20020ad8  uartCC3200HWAttrs                                                  
20020b08  iotClientInitParamsDefault                                         
20020b5e  ti_sysbios_hal_Hwi_Module__id__C                                   
20020b60  PowerCC3200_config                                                 
20020b88  UARTCC3200_fxnTable                                                
20020bb0  _SlNetAppStartCtrl                                                 
20020bb4  _SlNetAppStopCtrl                                                  
20020bb8  _SlGetServiceListeCtrl                                             
20020bbc  _SlRegisterServiceCtrl                                             
20020bc0  _SlGetHostByServiceCtrl                                            
20020bc4  _SlGetHostByNameCtrl                                               
20020bc8  _SlNetAppSetCmdCtrl                                                
20020bcc  _SlNetAppSendTokenValueCmdCtrl                                     
20020bd0  _SlNetAppGetCmdCtrl                                                
20020bd8  ti_sysbios_heaps_HeapMem_Module__FXNS__C                           
20020c00  SPI_config                                                         
20020c24  UART_config                                                        
20020c48  UART_defaultParams                                                 
20020c6c  RxMsgClassLUT                                                      
20020c90  ti_sysbios_gates_GateHwi_Module__FXNS__C                           
20020cb4  ti_sysbios_gates_GateMutex_Module__FXNS__C                         
20020cd8  ti_sysbios_heaps_HeapMem_Object__PARAMS__C                         
20020cfc  ti_sysbios_knl_Clock_Object__PARAMS__C                             
20020d20  ti_sysbios_knl_Semaphore_Object__PARAMS__C                         
20020d86  ti_sysbios_heaps_HeapMem_Module__id__C                             
20020d88  SPI_defaultParams                                                  
20020da8  ti_sysbios_family_arm_m3_Hwi_Object__DESC__C                       
20020dc8  ti_sysbios_gates_GateHwi_Object__DESC__C                           
20020de8  ti_sysbios_gates_GateMutex_Object__DESC__C                         
20020e08  ti_sysbios_heaps_HeapMem_Object__DESC__C                           
20020e28  ti_sysbios_knl_Clock_Object__DESC__C                               
20020e48  ti_sysbios_knl_Event_Object__DESC__C                               
20020e68  ti_sysbios_knl_Mailbox_Object__DESC__C                             
20020e88  ti_sysbios_knl_Queue_Object__DESC__C                               
20020ea8  ti_sysbios_knl_Semaphore_Object__DESC__C                           
20020ec8  ti_sysbios_knl_Task_Object__DESC__C                                
20020ee8  xdc_runtime_Startup_sfxnTab__A                                     
20020f22  ti_sysbios_knl_Task_Module__id__C                                  
20020f24  WiFi_config                                                        
20020f54  ti_sysbios_gates_GateHwi_Object__PARAMS__C                         
20020f6c  ti_sysbios_gates_GateMutex_Object__PARAMS__C                       
20020f84  ti_sysbios_knl_Event_Object__PARAMS__C                             
20020f9c  ti_sysbios_knl_Queue_Object__PARAMS__C                             
20020fb4  GPIOCC3200_config                                                  
20020fc8  _SlStopCmdCtrl                                                     
20020fcc  _SlEventMaskSetCmdCtrl                                             
20020fd0  _SlEventMaskGetCmdCtrl                                             
20020fd4  _SlDeviceGetCmdCtrl                                                
20020fd8  _SlDeviceSetCmdCtrl                                                
20020fec  _SlPayloadByProtocolLUT                                            
20020ffc  WiFiCC3200_fxnTable                                                
2002100c  xdc_runtime_Startup_sfxnRts__A                                     
20021029  ti_sysbios_knl_Clock_tickSource__C                                 
2002102a  xdc_runtime_Core_Module__id__C                                     
20021038  WiFi_defaultParams                                                 
20021044  xdc_runtime_Startup_firstFxns__A                                   
20021050  StartResponseLUT                                                   
20021058  _SlNetCfgSetCmdCtrl                                                
2002105c  _SlNetCfgGetCmdCtrl                                                
20021060  ti_sysbios_family_arm_m3_Hwi_excHookFuncs__A                       
20021068  ti_sysbios_knl_Idle_funcList__A                                    
20021070  ti_sysbios_knl_Idle_funcList__C                                    
20021078  xdc_runtime_Startup_firstFxns__C                                   
20021080  xdc_runtime_Startup_lastFxns__C                                    
200210b8  ti_sysbios_family_arm_m3_Hwi_E_NMI__C                              
200210bc  ti_sysbios_family_arm_m3_Hwi_E_alreadyDefined__C                   
200210c0  ti_sysbios_family_arm_m3_Hwi_E_busFault__C                         
200210c4  ti_sysbios_family_arm_m3_Hwi_E_debugMon__C                         
200210c8  ti_sysbios_family_arm_m3_Hwi_E_hardFault__C                        
200210cc  ti_sysbios_family_arm_m3_Hwi_E_memFault__C                         
200210d0  ti_sysbios_family_arm_m3_Hwi_E_noIsr__C                            
200210d4  ti_sysbios_family_arm_m3_Hwi_E_reserved__C                         
200210d8  ti_sysbios_family_arm_m3_Hwi_E_svCall__C                           
200210dc  ti_sysbios_family_arm_m3_Hwi_E_usageFault__C                       
200210e0  ti_sysbios_family_arm_m3_Hwi_NUM_INTERRUPTS__C                     
200210e4  ti_sysbios_family_arm_m3_Hwi_Object__count__C                      
200210e8  ti_sysbios_family_arm_m3_Hwi_ccr__C                                
200210ec  ti_sysbios_family_arm_m3_Hwi_excHandlerFunc__C                     
200210f0  ti_sysbios_family_arm_m3_Hwi_excHookFuncs__C                       
200210f4  ti_sysbios_family_arm_m3_Hwi_nullIsrFunc__C                        
200210f8  ti_sysbios_family_arm_m3_Hwi_priGroup__C                           
200210fc  ti_sysbios_family_arm_m3_TaskSupport_stackAlignment__C             
20021100  ti_sysbios_family_arm_m3_Timer_E_cannotSupport__C                  
20021104  ti_sysbios_family_arm_m3_Timer_startupNeeded__C                    
20021108  ti_sysbios_gates_GateMutex_Instance_State_sem__O                   
2002110c  ti_sysbios_hal_Hwi_E_stackOverflow__C                              
20021110  ti_sysbios_heaps_HeapMem_E_memory__C                               
20021114  ti_sysbios_heaps_HeapMem_Module__gateObj__C                        
20021118  ti_sysbios_heaps_HeapMem_Object__count__C                          
2002111c  ti_sysbios_heaps_HeapMem_reqAlign__C                               
20021120  ti_sysbios_knl_Clock_Module_State_clockQ__O                        
20021124  ti_sysbios_knl_Clock_tickPeriod__C                                 
20021128  ti_sysbios_knl_Event_Instance_State_pendQ__O                       
2002112c  ti_sysbios_knl_Mailbox_Instance_State_dataQue__O                   
20021130  ti_sysbios_knl_Mailbox_Instance_State_dataSem__O                   
20021134  ti_sysbios_knl_Mailbox_Instance_State_freeQue__O                   
20021138  ti_sysbios_knl_Mailbox_Instance_State_freeSem__O                   
2002113c  ti_sysbios_knl_Mailbox_Object__count__C                            
20021140  ti_sysbios_knl_Mailbox_maxTypeAlign__C                             
20021144  ti_sysbios_knl_Semaphore_Instance_State_pendQ__O                   
20021148  ti_sysbios_knl_Swi_Object__count__C                                
2002114c  ti_sysbios_knl_Task_E_spOutOfBounds__C                             
20021150  ti_sysbios_knl_Task_E_stackOverflow__C                             
20021154  ti_sysbios_knl_Task_Module_State_inactiveQ__O                      
20021158  ti_sysbios_knl_Task_Object__count__C                               
2002115c  ti_sysbios_knl_Task_allBlockedFunc__C                              
20021160  ti_sysbios_knl_Task_defaultStackHeap__C                            
20021164  ti_sysbios_knl_Task_defaultStackSize__C                            
20021168  ti_sysbios_knl_Task_numConstructedTasks__C                         
2002116c  wiFiCC3200HWAttrs                                                  
20021170  xdc_runtime_Assert_E_assertFailed__C                               
20021174  xdc_runtime_Core_A_initializedParams__C                            
20021178  xdc_runtime_Core_Module__diagsEnabled__C                           
2002117c  xdc_runtime_Core_Module__diagsIncluded__C                          
20021180  xdc_runtime_Core_Module__diagsMask__C                              
20021184  xdc_runtime_Error_E_memory__C                                      
20021188  xdc_runtime_Error_Module__diagsEnabled__C                          
2002118c  xdc_runtime_Error_Module__diagsIncluded__C                         
20021190  xdc_runtime_Error_Module__diagsMask__C                             
20021194  xdc_runtime_Error_Module__loggerFxn8__C                            
20021198  xdc_runtime_Error_Module__loggerObj__C                             
2002119c  xdc_runtime_Error_policyFxn__C                                     
200211a0  xdc_runtime_Error_raiseHook__C                                     
200211a4  xdc_runtime_IGateProvider_Interface__BASE__C                       
200211a8  xdc_runtime_IHeap_Interface__BASE__C                               
200211ac  xdc_runtime_IModule_Interface__BASE__C                             
200211b0  xdc_runtime_Log_L_error__C                                         
200211b4  xdc_runtime_Main_Module__diagsEnabled__C                           
200211b8  xdc_runtime_Main_Module__diagsIncluded__C                          
200211bc  xdc_runtime_Main_Module__diagsMask__C                              
200211c0  xdc_runtime_Main_Module__loggerFxn2__C                             
200211c4  xdc_runtime_Main_Module__loggerFxn4__C                             
200211c8  xdc_runtime_Main_Module__loggerObj__C                              
200211cc  xdc_runtime_Memory_defaultHeapInstance__C                          
200211d0  xdc_runtime_Startup_execImpl__C                                    
200211d4  xdc_runtime_Startup_maxPasses__C                                   
200211d8  xdc_runtime_Startup_sfxnRts__C                                     
200211dc  xdc_runtime_Startup_sfxnTab__C                                     
200211e0  xdc_runtime_SysCallback_abortFxn__C                                
200211e4  xdc_runtime_SysCallback_exitFxn__C                                 
200211e8  xdc_runtime_SysCallback_flushFxn__C                                
200211ec  xdc_runtime_SysCallback_putchFxn__C                                
200211f0  xdc_runtime_SysCallback_readyFxn__C                                
200211f4  xdc_runtime_System_Module__gateObj__C                              
200211f8  xdc_runtime_System_abortFxn__C                                     
200211fc  xdc_runtime_System_exitFxn__C                                      
20021200  xdc_runtime_System_extendFxn__C                                    
20021204  xdc_runtime_System_maxAtexitHandlers__C                            
20021208  xdc_runtime_Text_charTab__C                                        
2002120c  xdc_runtime_Text_nameEmpty__C                                      
20021210  xdc_runtime_Text_nameStatic__C                                     
20021214  xdc_runtime_Text_nameUnknown__C                                    
20021218  xdc_runtime_Text_visitRopeFxn__C                                   
2002121c  xdc_runtime_Error_Module__loggerDefined__C                         
2002121e  xdc_runtime_Error_maxDepth__C                                      
20021220  xdc_runtime_Main_Module__id__C                                     
20021222  xdc_runtime_Main_Module__loggerDefined__C                          
20021224  xdc_runtime_Memory_Module__id__C                                   
20021226  xdc_runtime_Text_charCnt__C                                        
20021228  xdc_runtime_Text_isLoaded__C                                       
2002122a  xdc_runtime_Text_registryModsLastId__C                             
2002122c  xdc_runtime_Text_unnamedModsLastId__C                              
2002122e  xdc_runtime_Error_policy__C                                        
2002122f  xdc_runtime_Text_charTab__A                                        
20021230  HostAddress                                                        
20021330  _ftable                                                            
200214f0  ti_sysbios_knl_Swi_Module_State_0_readyQ__A                        
20021570  PowerCC3200_module                                                 
200215c4  ti_sysbios_knl_Task_Object__table__V                               
20021610  ti_sysbios_knl_Task_Module__state__V                               
20021654  ti_sysbios_gates_GateMutex_Object__table__V                        
2002168c  ti_sysbios_family_arm_m3_Hwi_Module__state__V                      
200216f0  ti_sysbios_family_arm_m3_Timer_Object__table__V                    
20021720  ti_sysbios_knl_Swi_Object__table__V                                
20021750  ti_sysbios_knl_Clock_Module__state__V                              
2002177c  gpioPinConfigs                                                     
200217c4  port                                                               
200217c8  publishCount                                                       
200217cc  result                                                             
200217d0  readValue                                                          
200217d4  mVperAmp                                                           
200217d8  Voltage                                                            
200217dc  VRMS                                                               
200217e0  a_value                                                            
200217e4  anj                                                                
200217e8  ti_sysbios_BIOS_Module__state__V                                   
2002180c  ti_sysbios_knl_Task_Module_State_0_readyQ__A                       
2002182c  ti_sysbios_knl_Swi_Module__state__V                                
20021848  g_H2NSyncPattern                                                   
20021850  g_H2NCnysPattern                                                   
20021858  g_pCB                                                              
2002185c  pPingCallBackFunc                                                  
20021860  gFirstCmdMode                                                      
20021862  ti_sysbios_family_arm_m3_Hwi_Module_State_0_excActive__A           
20021864  ti_sysbios_family_arm_m3_Hwi_Object__table__V                      
2002187c  ti_sysbios_heaps_HeapMem_Object__table__V                          
20021894  _tz                                                                
200218b4  __TI_ft_end                                                        
200218b8  __aeabi_stdin                                                      
200218bc  __aeabi_stdout                                                     
200218c0  __aeabi_stderr                                                     
200218c4  NTP_HOSTNAME                                                       
200218d2  xdc_runtime_Error_Module__state__V                                 
200218d4  __TI_cleanup_ptr                                                   
200218d8  __TI_dtors_ptr                                                     
200218dc  __TI_enable_exit_profile_output                                    
200218e0  ti_sysbios_family_arm_m3_Timer_Module__state__V                    
200218ec  _lock                                                              
200218f0  _unlock                                                            
20021904  gpioCallbackFunctions                                              
20021914  ti_sysbios_family_arm_cc32xx_Seconds_Module__state__V              
2002191c  ti_sysbios_family_arm_m3_Hwi_Module__root__V                       
20021924  ti_sysbios_gates_GateHwi_Module__root__V                           
2002192c  ti_sysbios_gates_GateMutex_Module__root__V                         
20021934  ti_sysbios_heaps_HeapMem_Module__root__V                           
2002193c  ti_sysbios_knl_Clock_Module__root__V                               
20021944  ti_sysbios_knl_Event_Module__root__V                               
2002194c  ti_sysbios_knl_Mailbox_Module__root__V                             
20021954  ti_sysbios_knl_Queue_Module__root__V                               
2002195c  ti_sysbios_knl_Semaphore_Module__root__V                           
20021964  ti_sysbios_knl_Task_Module__root__V                                
2002196c  xdc_runtime_Registry_Module__state__V                              
20021974  xdc_runtime_Startup_Module__state__V                               
2002197c  xdc_runtime_System_Module_State_0_atexitHandlers__A                
20021984  xdc_runtime_System_Module__state__V                                
200219a0  errno                                                              
200219a8  main_func_sp                                                       
200219b0  ti_sysbios_family_arm_m3_Hwi_Module_State_0_excContext__A          
200219b4  ti_sysbios_family_arm_m3_Hwi_Module_State_0_excStack__A            
200219b8  ti_sysbios_gates_GateHwi_Object__table__V                          
200219bc  ti_sysbios_knl_Task_Module_State_0_idleTask__A                     
200219c0  xdc_runtime_Memory_Module__state__V                                
200219c4  __stack                                                            
20021dc4  __STACK_END                                                        
20021dc4  g_pfnVectors                                                       
e000e000  ti_sysbios_family_arm_m3_Hwi_nvic                                  
ffffffff  __TI_pprof_out_hndl                                                
ffffffff  __TI_prof_data_size                                                
ffffffff  __TI_prof_data_start                                               
ffffffff  __binit__                                                          
ffffffff  __c_args__                                                         
ffffffff  binit                                                              
UNDEFED   SHT$$INIT_ARRAY$$Base                                              
UNDEFED   SHT$$INIT_ARRAY$$Limit                                             

[1137 symbols]
